Archive member included to satisfy reference by file (symbol)

c:/ac6/systemworkbench/plugins/fr.ac6.mcu.externaltools.arm-none.win32_1.13.2.201705091103/tools/compiler/bin/../lib/gcc/arm-none-eabi/5.4.1/armv7e-m/fpu\libgcc.a(_arm_addsubdf3.o)
                              Application/User/calculation.o (__aeabi_dadd)
c:/ac6/systemworkbench/plugins/fr.ac6.mcu.externaltools.arm-none.win32_1.13.2.201705091103/tools/compiler/bin/../lib/gcc/arm-none-eabi/5.4.1/armv7e-m/fpu\libgcc.a(_arm_muldivdf3.o)
                              Application/User/calculation.o (__aeabi_dmul)
c:/ac6/systemworkbench/plugins/fr.ac6.mcu.externaltools.arm-none.win32_1.13.2.201705091103/tools/compiler/bin/../lib/gcc/arm-none-eabi/5.4.1/armv7e-m/fpu\libgcc.a(_arm_fixdfsi.o)
                              Application/User/calculation.o (__aeabi_d2iz)
c:/ac6/systemworkbench/plugins/fr.ac6.mcu.externaltools.arm-none.win32_1.13.2.201705091103/tools/compiler/bin/../lib/gcc/arm-none-eabi/5.4.1/armv7e-m/fpu\libgcc.a(_arm_truncdfsf2.o)
                              Application/User/calculation.o (__aeabi_d2f)
c:/ac6/systemworkbench/plugins/fr.ac6.mcu.externaltools.arm-none.win32_1.13.2.201705091103/tools/compiler/bin/../lib/gcc/arm-none-eabi/5.4.1/armv7e-m/fpu\libgcc.a(_arm_addsubsf3.o)
                              Application/User/calculation.o (__aeabi_l2f)
c:/ac6/systemworkbench/plugins/fr.ac6.mcu.externaltools.arm-none.win32_1.13.2.201705091103/tools/compiler/bin/../lib/gcc/arm-none-eabi/5.4.1/armv7e-m/fpu\libgcc.a(_fixdfdi.o)
                              Application/User/calculation.o (__aeabi_d2lz)
c:/ac6/systemworkbench/plugins/fr.ac6.mcu.externaltools.arm-none.win32_1.13.2.201705091103/tools/compiler/bin/../lib/gcc/arm-none-eabi/5.4.1/armv7e-m/fpu\libgcc.a(_fixunsdfdi.o)
                              c:/ac6/systemworkbench/plugins/fr.ac6.mcu.externaltools.arm-none.win32_1.13.2.201705091103/tools/compiler/bin/../lib/gcc/arm-none-eabi/5.4.1/armv7e-m/fpu\libgcc.a(_fixdfdi.o) (__aeabi_d2ulz)
c:/ac6/systemworkbench/plugins/fr.ac6.mcu.externaltools.arm-none.win32_1.13.2.201705091103/tools/compiler/bin/../lib/gcc/arm-none-eabi/5.4.1/armv7e-m/fpu\libgcc.a(_arm_cmpdf2.o)
                              c:/ac6/systemworkbench/plugins/fr.ac6.mcu.externaltools.arm-none.win32_1.13.2.201705091103/tools/compiler/bin/../lib/gcc/arm-none-eabi/5.4.1/armv7e-m/fpu\libgcc.a(_fixdfdi.o) (__aeabi_dcmplt)
c:/ac6/systemworkbench/plugins/fr.ac6.mcu.externaltools.arm-none.win32_1.13.2.201705091103/tools/compiler/bin/../lib/gcc/arm-none-eabi/5.4.1/armv7e-m/fpu\libgcc.a(_arm_fixunsdfsi.o)
                              c:/ac6/systemworkbench/plugins/fr.ac6.mcu.externaltools.arm-none.win32_1.13.2.201705091103/tools/compiler/bin/../lib/gcc/arm-none-eabi/5.4.1/armv7e-m/fpu\libgcc.a(_fixunsdfdi.o) (__aeabi_d2uiz)
c:/ac6/systemworkbench/plugins/fr.ac6.mcu.externaltools.arm-none.win32_1.13.2.201705091103/tools/compiler/bin/../lib/gcc/arm-none-eabi/5.4.1/../../../../arm-none-eabi/lib/armv7e-m/fpu\libc_nano.a(lib_a-atof.o)
                              Application/User/cmd.o (atof)
c:/ac6/systemworkbench/plugins/fr.ac6.mcu.externaltools.arm-none.win32_1.13.2.201705091103/tools/compiler/bin/../lib/gcc/arm-none-eabi/5.4.1/../../../../arm-none-eabi/lib/armv7e-m/fpu\libc_nano.a(lib_a-errno.o)
                              Application/User/syscalls.o (__errno)
c:/ac6/systemworkbench/plugins/fr.ac6.mcu.externaltools.arm-none.win32_1.13.2.201705091103/tools/compiler/bin/../lib/gcc/arm-none-eabi/5.4.1/../../../../arm-none-eabi/lib/armv7e-m/fpu\libc_nano.a(lib_a-exit.o)
                              c:/ac6/systemworkbench/plugins/fr.ac6.mcu.externaltools.arm-none.win32_1.13.2.201705091103/tools/compiler/bin/../lib/gcc/arm-none-eabi/5.4.1/../../../../arm-none-eabi/lib/armv7e-m/fpu/crt0.o (exit)
c:/ac6/systemworkbench/plugins/fr.ac6.mcu.externaltools.arm-none.win32_1.13.2.201705091103/tools/compiler/bin/../lib/gcc/arm-none-eabi/5.4.1/../../../../arm-none-eabi/lib/armv7e-m/fpu\libc_nano.a(lib_a-impure.o)
                              c:/ac6/systemworkbench/plugins/fr.ac6.mcu.externaltools.arm-none.win32_1.13.2.201705091103/tools/compiler/bin/../lib/gcc/arm-none-eabi/5.4.1/../../../../arm-none-eabi/lib/armv7e-m/fpu\libc_nano.a(lib_a-exit.o) (_global_impure_ptr)
c:/ac6/systemworkbench/plugins/fr.ac6.mcu.externaltools.arm-none.win32_1.13.2.201705091103/tools/compiler/bin/../lib/gcc/arm-none-eabi/5.4.1/../../../../arm-none-eabi/lib/armv7e-m/fpu\libc_nano.a(lib_a-init.o)
                              c:/ac6/systemworkbench/plugins/fr.ac6.mcu.externaltools.arm-none.win32_1.13.2.201705091103/tools/compiler/bin/../lib/gcc/arm-none-eabi/5.4.1/../../../../arm-none-eabi/lib/armv7e-m/fpu/crt0.o (__libc_init_array)
c:/ac6/systemworkbench/plugins/fr.ac6.mcu.externaltools.arm-none.win32_1.13.2.201705091103/tools/compiler/bin/../lib/gcc/arm-none-eabi/5.4.1/../../../../arm-none-eabi/lib/armv7e-m/fpu\libc_nano.a(lib_a-malloc.o)
                              Application/User/cmd.o (malloc)
[...]
Memory Configuration

Name             Origin             Length             Attributes
RAM              0x20000000         0x00020000         xrw
FLASH            0x08000000         0x00080000         xr
*default*        0x00000000         0xffffffff

Linker script and memory map

LOAD c:/ac6/systemworkbench/plugins/fr.ac6.mcu.externaltools.arm-none.win32_1.13.2.201705091103/tools/compiler/bin/../lib/gcc/arm-none-eabi/5.4.1/armv7e-m/fpu/crti.o
LOAD c:/ac6/systemworkbench/plugins/fr.ac6.mcu.externaltools.arm-none.win32_1.13.2.201705091103/tools/compiler/bin/../lib/gcc/arm-none-eabi/5.4.1/armv7e-m/fpu/crtbegin.o
LOAD c:/ac6/systemworkbench/plugins/fr.ac6.mcu.externaltools.arm-none.win32_1.13.2.201705091103/tools/compiler/bin/../lib/gcc/arm-none-eabi/5.4.1/../../../../arm-none-eabi/lib/armv7e-m/fpu/crt0.o
LOAD Application/SW4STM32/startup_stm32f446xx.o
LOAD Application/User/calculation.o
LOAD Application/User/cmd.o
LOAD Application/User/led.o
LOAD Application/User/main.o
LOAD Application/User/send.o
LOAD Application/User/stm32f4xx_hal_msp.o
LOAD Application/User/stm32f4xx_it.o
LOAD Application/User/syscalls.o
LOAD Drivers/CMSIS/system_stm32f4xx.o
LOAD Drivers/STM32F4xx_HAL_Driver/stm32f4xx_hal.o
LOAD Drivers/STM32F4xx_HAL_Driver/stm32f4xx_hal_adc.o
LOAD Drivers/STM32F4xx_HAL_Driver/stm32f4xx_hal_adc_ex.o
LOAD Drivers/STM32F4xx_HAL_Driver/stm32f4xx_hal_cortex.o
LOAD Drivers/STM32F4xx_HAL_Driver/stm32f4xx_hal_dma.o
LOAD Drivers/STM32F4xx_HAL_Driver/stm32f4xx_hal_dma_ex.o
LOAD Drivers/STM32F4xx_HAL_Driver/stm32f4xx_hal_flash.o
LOAD Drivers/STM32F4xx_HAL_Driver/stm32f4xx_hal_flash_ex.o
LOAD Drivers/STM32F4xx_HAL_Driver/stm32f4xx_hal_flash_ramfunc.o
LOAD Drivers/STM32F4xx_HAL_Driver/stm32f4xx_hal_gpio.o
LOAD Drivers/STM32F4xx_HAL_Driver/stm32f4xx_hal_pwr.o
LOAD Drivers/STM32F4xx_HAL_Driver/stm32f4xx_hal_pwr_ex.o
LOAD Drivers/STM32F4xx_HAL_Driver/stm32f4xx_hal_rcc.o
LOAD Drivers/STM32F4xx_HAL_Driver/stm32f4xx_hal_rcc_ex.o
LOAD Drivers/STM32F4xx_HAL_Driver/stm32f4xx_hal_tim.o
LOAD Drivers/STM32F4xx_HAL_Driver/stm32f4xx_hal_tim_ex.o
LOAD Drivers/STM32F4xx_HAL_Driver/stm32f4xx_hal_uart.o
LOAD c:/ac6/systemworkbench/plugins/fr.ac6.mcu.externaltools.arm-none.win32_1.13.2.201705091103/tools/compiler/bin/../lib/gcc/arm-none-eabi/5.4.1/../../../../arm-none-eabi/lib/armv7e-m/fpu\libm.a
START GROUP
LOAD c:/ac6/systemworkbench/plugins/fr.ac6.mcu.externaltools.arm-none.win32_1.13.2.201705091103/tools/compiler/bin/../lib/gcc/arm-none-eabi/5.4.1/armv7e-m/fpu\libgcc.a
LOAD c:/ac6/systemworkbench/plugins/fr.ac6.mcu.externaltools.arm-none.win32_1.13.2.201705091103/tools/compiler/bin/../lib/gcc/arm-none-eabi/5.4.1/../../../../arm-none-eabi/lib/armv7e-m/fpu\libc_nano.a
END GROUP
START GROUP
LOAD c:/ac6/systemworkbench/plugins/fr.ac6.mcu.externaltools.arm-none.win32_1.13.2.201705091103/tools/compiler/bin/../lib/gcc/arm-none-eabi/5.4.1/armv7e-m/fpu\libgcc.a
LOAD c:/ac6/systemworkbench/plugins/fr.ac6.mcu.externaltools.arm-none.win32_1.13.2.201705091103/tools/compiler/bin/../lib/gcc/arm-none-eabi/5.4.1/../../../../arm-none-eabi/lib/armv7e-m/fpu\libc_nano.a
LOAD c:/ac6/systemworkbench/plugins/fr.ac6.mcu.externaltools.arm-none.win32_1.13.2.201705091103/tools/compiler/bin/../lib/gcc/arm-none-eabi/5.4.1/../../../../arm-none-eabi/lib/armv7e-m/fpu\libnosys.a
END GROUP
START GROUP
LOAD c:/ac6/systemworkbench/plugins/fr.ac6.mcu.externaltools.arm-none.win32_1.13.2.201705091103/tools/compiler/bin/../lib/gcc/arm-none-eabi/5.4.1/armv7e-m/fpu\libgcc.a
LOAD c:/ac6/systemworkbench/plugins/fr.ac6.mcu.externaltools.arm-none.win32_1.13.2.201705091103/tools/compiler/bin/../lib/gcc/arm-none-eabi/5.4.1/../../../../arm-none-eabi/lib/armv7e-m/fpu\libc_nano.a
LOAD c:/ac6/systemworkbench/plugins/fr.ac6.mcu.externaltools.arm-none.win32_1.13.2.201705091103/tools/compiler/bin/../lib/gcc/arm-none-eabi/5.4.1/../../../../arm-none-eabi/lib/armv7e-m/fpu\libnosys.a
END GROUP
LOAD c:/ac6/systemworkbench/plugins/fr.ac6.mcu.externaltools.arm-none.win32_1.13.2.201705091103/tools/compiler/bin/../lib/gcc/arm-none-eabi/5.4.1/armv7e-m/fpu/crtend.o
LOAD c:/ac6/systemworkbench/plugins/fr.ac6.mcu.externaltools.arm-none.win32_1.13.2.201705091103/tools/compiler/bin/../lib/gcc/arm-none-eabi/5.4.1/armv7e-m/fpu/crtn.o
                0x20020000                _estack = 0x20020000
                0x00000200                _Min_Heap_Size = 0x200
                0x00000400                _Min_Stack_Size = 0x400

.isr_vector     0x08000000      0x1c4
                0x08000000                . = ALIGN (0x4)
 *(.isr_vector)
 .isr_vector    0x08000000      0x1c4 Application/SW4STM32/startup_stm32f446xx.o
                0x08000000                g_pfnVectors
                0x080001c4                . = ALIGN (0x4)

.text           0x080001d0     0x6158
                0x080001d0                . = ALIGN (0x4)
 *(.text)
 .text          0x080001d0       0x5c c:/ac6/systemworkbench/plugins/fr.ac6.mcu.externaltools.arm-none.win32_1.13.2.201705091103/tools/compiler/bin/../lib/gcc/arm-none-eabi/5.4.1/armv7e-m/fpu/crtbegin.o
 .text          0x0800022c      0x370 c:/ac6/systemworkbench/plugins/fr.ac6.mcu.externaltools.arm-none.win32_1.13.2.201705091103/tools/compiler/bin/../lib/gcc/arm-none-eabi/5.4.1/armv7e-m/fpu\libgcc.a(_arm_addsubdf3.o)
                0x0800022c                __aeabi_drsub
                0x08000234                __aeabi_dsub
                0x08000234                __subdf3
                0x08000238                __aeabi_dadd
                0x08000238                __adddf3
                0x080004b0                __floatunsidf
                0x080004b0                __aeabi_ui2d
                0x080004d0                __floatsidf
                0x080004d0                __aeabi_i2d
                0x080004f4                __aeabi_f2d
                0x080004f4                __extendsfdf2
                0x08000530                __floatundidf
                0x08000530                __aeabi_ul2d
                0x08000540                __floatdidf
                0x08000540                __aeabi_l2d
 .text          0x0800059c      0x424 c:/ac6/systemworkbench/plugins/fr.ac6.mcu.externaltools.arm-none.win32_1.13.2.201705091103/tools/compiler/bin/../lib/gcc/arm-none-eabi/5.4.1/armv7e-m/fpu\libgcc.a(_arm_muldivdf3.o)
                0x0800059c                __aeabi_dmul
                0x0800059c                __muldf3
                0x080007f0                __divdf3
                0x080007f0                __aeabi_ddiv
 .text          0x080009c0       0x50 c:/ac6/systemworkbench/plugins/fr.ac6.mcu.externaltools.arm-none.win32_1.13.2.201705091103/tools/compiler/bin/../lib/gcc/arm-none-eabi/5.4.1/armv7e-m/fpu\libgcc.a(_arm_fixdfsi.o)
                0x080009c0                __aeabi_d2iz
                0x080009c0                __fixdfsi
 .text          0x08000a10       0xa0 c:/ac6/systemworkbench/plugins/fr.ac6.mcu.externaltools.arm-none.win32_1.13.2.201705091103/tools/compiler/bin/../lib/gcc/arm-none-eabi/5.4.1/armv7e-m/fpu\libgcc.a(_arm_truncdfsf2.o)
                0x08000a10                __truncdfsf2
                0x08000a10                __aeabi_d2f
 .text          0x08000ab0      0x21c c:/ac6/systemworkbench/plugins/fr.ac6.mcu.externaltools.arm-none.win32_1.13.2.201705091103/tools/compiler/bin/../lib/gcc/arm-none-eabi/5.4.1/armv7e-m/fpu\libgcc.a(_arm_addsubsf3.o)
                0x08000ab0                __aeabi_frsub
                0x08000ab8                __subsf3
                0x08000ab8                __aeabi_fsub
                0x08000abc                __aeabi_fadd
                0x08000abc                __addsf3
                0x08000c1c                __aeabi_ui2f
                0x08000c1c                __floatunsisf
                0x08000c24                __aeabi_i2f
                0x08000c24                __floatsisf
                0x08000c40                __aeabi_ul2f
                0x08000c40                __floatundisf
                0x08000c50                __aeabi_l2f
                0x08000c50                __floatdisf
 .text          0x08000ccc       0x30 c:/ac6/systemworkbench/plugins/fr.ac6.mcu.externaltools.arm-none.win32_1.13.2.201705091103/tools/compiler/bin/../lib/gcc/arm-none-eabi/5.4.1/armv7e-m/fpu\libgcc.a(_fixdfdi.o)
                0x08000ccc                __fixdfdi
                0x08000ccc                __aeabi_d2lz
 .text          0x08000cfc       0x48 c:/ac6/systemworkbench/plugins/fr.ac6.mcu.externaltools.arm-none.win32_1.13.2.201705091103/tools/compiler/bin/../lib/gcc/arm-none-eabi/5.4.1/armv7e-m/fpu\libgcc.a(_fixunsdfdi.o)
                0x08000cfc                __fixunsdfdi
                0x08000cfc                __aeabi_d2ulz
 .text          0x08000d44      0x110 c:/ac6/systemworkbench/plugins/fr.ac6.mcu.externaltools.arm-none.win32_1.13.2.201705091103/tools/compiler/bin/../lib/gcc/arm-none-eabi/5.4.1/armv7e-m/fpu\libgcc.a(_arm_cmpdf2.o)
                0x08000d44                __gtdf2
                0x08000d44                __gedf2
                0x08000d4c                __ltdf2
                0x08000d4c                __ledf2
                0x08000d54                __nedf2
                0x08000d54                __eqdf2
                0x08000d54                __cmpdf2
                0x08000dd0                __aeabi_cdrcmple
                0x08000de0                __aeabi_cdcmpeq
                0x08000de0                __aeabi_cdcmple
                0x08000df0                __aeabi_dcmpeq
                0x08000e04                __aeabi_dcmplt
                0x08000e18                __aeabi_dcmple
                0x08000e2c                __aeabi_dcmpge
                0x08000e40                __aeabi_dcmpgt
 .text          0x08000e54       0x40 c:/ac6/systemworkbench/plugins/fr.ac6.mcu.externaltools.arm-none.win32_1.13.2.201705091103/tools/compiler/bin/../lib/gcc/arm-none-eabi/5.4.1/armv7e-m/fpu\libgcc.a(_arm_fixunsdfsi.o)
                0x08000e54                __aeabi_d2uiz
                0x08000e54                __fixunsdfsi
 .text          0x08000e94       0x14 c:/ac6/systemworkbench/plugins/fr.ac6.mcu.externaltools.arm-none.win32_1.13.2.201705091103/tools/compiler/bin/../lib/gcc/arm-none-eabi/5.4.1/../../../../arm-none-eabi/lib/armv7e-m/fpu\libc_nano.a(lib_a-strcmp.o)
                0x08000e94                strcmp
 .text          0x08000ea8       0x10 c:/ac6/systemworkbench/plugins/fr.ac6.mcu.externaltools.arm-none.win32_1.13.2.201705091103/tools/compiler/bin/../lib/gcc/arm-none-eabi/5.4.1/../../../../arm-none-eabi/lib/armv7e-m/fpu\libc_nano.a(lib_a-strlen.o)
                0x08000ea8                strlen
 *fill*         0x08000eb8        0x8 
 .text          0x08000ec0       0xa0 c:/ac6/systemworkbench/plugins/fr.ac6.mcu.externaltools.arm-none.win32_1.13.2.201705091103/tools/compiler/bin/../lib/gcc/arm-none-eabi/5.4.1/../../../../arm-none-eabi/lib/armv7e-m/fpu\libc_nano.a(lib_a-memchr.o)
                0x08000ec0                memchr
 .text          0x08000f60       0x2c c:/ac6/systemworkbench/plugins/fr.ac6.mcu.externaltools.arm-none.win32_1.13.2.201705091103/tools/compiler/bin/../lib/gcc/arm-none-eabi/5.4.1/armv7e-m/fpu\libgcc.a(_arm_unorddf2.o)
                0x08000f60                __unorddf2
                0x08000f60                __aeabi_dcmpun
 *(.text*)
 .text.Reset_Handler
                0x08000f8c       0x50 Application/SW4STM32/startup_stm32f446xx.o
                0x08000f8c                Reset_Handler
 .text.Default_Handler
                0x08000fdc        0x2 Application/SW4STM32/startup_stm32f446xx.o
                0x08000fdc                RTC_Alarm_IRQHandler
                0x08000fdc                EXTI2_IRQHandler
                0x08000fdc                TIM8_CC_IRQHandler
                0x08000fdc                DebugMon_Handler
                0x08000fdc                SPI4_IRQHandler
                0x08000fdc                TIM1_CC_IRQHandler
                0x08000fdc                DMA2_Stream5_IRQHandler
                0x08000fdc                HardFault_Handler
                0x08000fdc                PVD_IRQHandler
                0x08000fdc                SDIO_IRQHandler
                0x08000fdc                TAMP_STAMP_IRQHandler
                0x08000fdc                PendSV_Handler
                0x08000fdc                NMI_Handler
                0x08000fdc                CAN2_RX1_IRQHandler
                0x08000fdc                EXTI3_IRQHandler
                0x08000fdc                TIM8_TRG_COM_TIM14_IRQHandler
                0x08000fdc                TIM1_UP_TIM10_IRQHandler
                0x08000fdc                TIM8_UP_TIM13_IRQHandler
                0x08000fdc                I2C3_ER_IRQHandler
                0x08000fdc                FMPI2C1_Event_IRQHandler
                0x08000fdc                EXTI0_IRQHandler
                0x08000fdc                I2C2_EV_IRQHandler
                0x08000fdc                DMA1_Stream2_IRQHandler
                0x08000fdc                CAN1_RX0_IRQHandler
                0x08000fdc                FPU_IRQHandler
                0x08000fdc                OTG_HS_WKUP_IRQHandler
                0x08000fdc                UsageFault_Handler
                0x08000fdc                CAN2_SCE_IRQHandler
                0x08000fdc                SPI1_IRQHandler
                0x08000fdc                TIM6_DAC_IRQHandler
                0x08000fdc                TIM1_BRK_TIM9_IRQHandler
                0x08000fdc                DCMI_IRQHandler
                0x08000fdc                CAN2_RX0_IRQHandler
                0x08000fdc                DMA2_Stream3_IRQHandler
                0x08000fdc                SAI2_IRQHandler
                0x08000fdc                USART6_IRQHandler
                0x08000fdc                USART3_IRQHandler
                0x08000fdc                CAN1_RX1_IRQHandler
                0x08000fdc                UART5_IRQHandler
                0x08000fdc                TIM4_IRQHandler
                0x08000fdc                QUADSPI_IRQHandler
                0x08000fdc                I2C1_EV_IRQHandler
                0x08000fdc                DMA1_Stream6_IRQHandler
                0x08000fdc                DMA1_Stream1_IRQHandler
                0x08000fdc                UART4_IRQHandler
                0x08000fdc                TIM3_IRQHandler
                0x08000fdc                RCC_IRQHandler
                0x08000fdc                TIM8_BRK_TIM12_IRQHandler
                0x08000fdc                Default_Handler
                0x08000fdc                CEC_IRQHandler
                0x08000fdc                EXTI15_10_IRQHandler
                0x08000fdc                ADC_IRQHandler
                0x08000fdc                DMA1_Stream7_IRQHandler
                0x08000fdc                TIM7_IRQHandler
                0x08000fdc                CAN2_TX_IRQHandler
                0x08000fdc                TIM5_IRQHandler
                0x08000fdc                DMA2_Stream7_IRQHandler
                0x08000fdc                I2C3_EV_IRQHandler
                0x08000fdc                EXTI9_5_IRQHandler
                0x08000fdc                RTC_WKUP_IRQHandler
                0x08000fdc                SPDIF_RX_IRQHandler
                0x08000fdc                SPI2_IRQHandler
                0x08000fdc                OTG_HS_EP1_IN_IRQHandler
                0x08000fdc                MemManage_Handler
                0x08000fdc                DMA1_Stream0_IRQHandler
                0x08000fdc                CAN1_TX_IRQHandler
                0x08000fdc                SVC_Handler
                0x08000fdc                EXTI4_IRQHandler
                0x08000fdc                OTG_HS_EP1_OUT_IRQHandler
                0x08000fdc                WWDG_IRQHandler
                0x08000fdc                OTG_FS_WKUP_IRQHandler
                0x08000fdc                TIM1_TRG_COM_TIM11_IRQHandler
                0x08000fdc                OTG_HS_IRQHandler
                0x08000fdc                EXTI1_IRQHandler
                0x08000fdc                USART2_IRQHandler
                0x08000fdc                I2C2_ER_IRQHandler
                0x08000fdc                CAN1_SCE_IRQHandler
                0x08000fdc                FLASH_IRQHandler
                0x08000fdc                DMA2_Stream4_IRQHandler
                0x08000fdc                BusFault_Handler
                0x08000fdc                USART1_IRQHandler
                0x08000fdc                OTG_FS_IRQHandler
                0x08000fdc                SPI3_IRQHandler
                0x08000fdc                DMA1_Stream4_IRQHandler
                0x08000fdc                I2C1_ER_IRQHandler
                0x08000fdc                FMC_IRQHandler
                0x08000fdc                DMA2_Stream6_IRQHandler
                0x08000fdc                SAI1_IRQHandler
                0x08000fdc                DMA1_Stream3_IRQHandler
                0x08000fdc                FMPI2C1_Error_IRQHandler
 *fill*         0x08000fde        0x2 
 .text.cal_init
                0x08000fe0       0x2c Application/User/calculation.o
                0x08000fe0                cal_init
 .text.cal_offset
                0x0800100c       0x3a Application/User/calculation.o
                0x0800100c                cal_offset
 *fill*         0x08001046        0x2 
 .text.cal_convolve
                0x08001048      0x354 Application/User/calculation.o
                0x08001048                cal_convolve
 .text.cal_printSignal
                0x0800139c       0x6c Application/User/calculation.o
                0x0800139c                cal_printSignal
 .text.cal_printADCSignal
                0x08001408       0x84 Application/User/calculation.o
                0x08001408                cal_printADCSignal
 .text.cal_printOffset
                0x0800148c       0x38 Application/User/calculation.o
                0x0800148c                cal_printOffset
 .text.print2   0x080014c4       0x20 Application/User/cmd.o
                0x080014c4                print2
 .text.cmd_parse
                0x080014e4       0x70 Application/User/cmd.o
                0x080014e4                cmd_parse
 .text.HAL_UART_RxCpltCallback
                0x08001554       0xa4 Application/User/cmd.o
                0x08001554                HAL_UART_RxCpltCallback
 .text.cmdInit  0x080015f8       0x20 Application/User/cmd.o
                0x080015f8                cmdInit
 .text.cmdAdd   0x08001618       0x44 Application/User/cmd.o
                0x08001618                cmdAdd
 .text.ledSetState
                0x0800165c       0x9c Application/User/led.o
                0x0800165c                ledSetState
 .text.cmd_showSignalL
                0x080016f8        0xc Application/User/main.o
                0x080016f8                cmd_showSignalL
 .text.cmd_showSignalR
                0x08001704        0xc Application/User/main.o
                0x08001704                cmd_showSignalR
 .text.cmd_showSignalB
                0x08001710        0xc Application/User/main.o
                0x08001710                cmd_showSignalB
 .text.cmd_showADCSignalL
                0x0800171c        0xc Application/User/main.o
                0x0800171c                cmd_showADCSignalL
 .text.cmd_showADCSignalR
                0x08001728        0xc Application/User/main.o
                0x08001728                cmd_showADCSignalR
 .text.cmd_showADCSignalB
                0x08001734        0xc Application/User/main.o
                0x08001734                cmd_showADCSignalB
 .text.cmd_showADCSignalLRaw
                0x08001740        0xc Application/User/main.o
                0x08001740                cmd_showADCSignalLRaw
 .text.cmd_showADCSignalRRaw
                0x0800174c        0xc Application/User/main.o
                0x0800174c                cmd_showADCSignalRRaw
 .text.cmd_showADCSignalBRaw
                0x08001758        0xc Application/User/main.o
                0x08001758                cmd_showADCSignalBRaw
 .text.cmd_showValuesSendToDue
                0x08001764        0xc Application/User/main.o
                0x08001764                cmd_showValuesSendToDue
 .text.cmd_showOffset
                0x08001770        0xc Application/User/main.o
                0x08001770                cmd_showOffset
 .text.cmd_showLoopTime
                0x0800177c        0xc Application/User/main.o
                0x0800177c                cmd_showLoopTime
 .text.cmd_hideValues
                0x08001788       0x24 Application/User/main.o
                0x08001788                cmd_hideValues
 .text.cmd_help
                0x080017ac       0x18 Application/User/main.o
                0x080017ac                cmd_help
 .text.SystemClock_Config
                0x080017c4       0xb4 Application/User/main.o
                0x080017c4                SystemClock_Config
 .text.startup.main
                0x08001878      0x660 Application/User/main.o
                0x08001878                main
 .text.FreeMem  0x08001ed8       0x36 Application/User/main.o
                0x08001ed8                FreeMem
 *fill*         0x08001f0e        0x2 
 .text.cmd_showFreeMem
                0x08001f10       0x3c Application/User/main.o
                0x08001f10                cmd_showFreeMem
 .text.Error_Handler
                0x08001f4c        0x2 Application/User/main.o
                0x08001f4c                Error_Handler
 *fill*         0x08001f4e        0x2 
 .text.print3   0x08001f50       0x20 Application/User/send.o
                0x08001f50                print3
 .text.scaleMagnetude
                0x08001f70       0x34 Application/User/send.o
                0x08001f70                scaleMagnetude
 .text.scaleMagnetudeBackCoil
                0x08001fa4       0x34 Application/User/send.o
                0x08001fa4                scaleMagnetudeBackCoil
 .text.sendToMaster
                0x08001fd8      0x110 Application/User/send.o
                0x08001fd8                sendToMaster
 .text.HAL_MspInit
                0x080020e8       0x60 Application/User/stm32f4xx_hal_msp.o
                0x080020e8                HAL_MspInit
 .text.HAL_ADC_MspInit
                0x08002148      0x150 Application/User/stm32f4xx_hal_msp.o
                0x08002148                HAL_ADC_MspInit
 .text.HAL_TIM_Base_MspInit
                0x08002298       0x38 Application/User/stm32f4xx_hal_msp.o
                0x08002298                HAL_TIM_Base_MspInit
 .text.HAL_UART_MspInit
                0x080022d0       0xec Application/User/stm32f4xx_hal_msp.o
                0x080022d0                HAL_UART_MspInit
 .text.SysTick_Handler
                0x080023bc        0xe Application/User/stm32f4xx_it.o
                0x080023bc                SysTick_Handler
 *fill*         0x080023ca        0x2 
 .text.DMA1_Stream5_IRQHandler
                0x080023cc        0xc Application/User/stm32f4xx_it.o
                0x080023cc                DMA1_Stream5_IRQHandler
 .text.TIM2_IRQHandler
                0x080023d8       0x20 Application/User/stm32f4xx_it.o
                0x080023d8                TIM2_IRQHandler
 .text.DMA2_Stream0_IRQHandler
                0x080023f8       0xac Application/User/stm32f4xx_it.o
                0x080023f8                DMA2_Stream0_IRQHandler
 .text.DMA2_Stream1_IRQHandler
                0x080024a4       0xac Application/User/stm32f4xx_it.o
                0x080024a4                DMA2_Stream1_IRQHandler
 .text.DMA2_Stream2_IRQHandler
                0x08002550       0xac Application/User/stm32f4xx_it.o
                0x08002550                DMA2_Stream2_IRQHandler
 .text._sbrk    0x080025fc       0x34 Application/User/syscalls.o
                0x080025fc                _sbrk
 .text.SystemInit
                0x08002630       0x4c Drivers/CMSIS/system_stm32f4xx.o
                0x08002630                SystemInit
 .text.HAL_InitTick
                0x0800267c       0x28 Drivers/STM32F4xx_HAL_Driver/stm32f4xx_hal.o
                0x0800267c                HAL_InitTick
 .text.HAL_Init
                0x080026a4       0x34 Drivers/STM32F4xx_HAL_Driver/stm32f4xx_hal.o
                0x080026a4                HAL_Init
 .text.HAL_IncTick
                0x080026d8       0x10 Drivers/STM32F4xx_HAL_Driver/stm32f4xx_hal.o
                0x080026d8                HAL_IncTick
 .text.HAL_GetTick
                0x080026e8        0xc Drivers/STM32F4xx_HAL_Driver/stm32f4xx_hal.o
                0x080026e8                HAL_GetTick
 .text.HAL_Delay
                0x080026f4       0x1a Drivers/STM32F4xx_HAL_Driver/stm32f4xx_hal.o
                0x080026f4                HAL_Delay
 *fill*         0x0800270e        0x2 
 .text.HAL_ADC_Init
                0x08002710      0x154 Drivers/STM32F4xx_HAL_Driver/stm32f4xx_hal_adc.o
                0x08002710                HAL_ADC_Init
 .text.HAL_ADC_Start_DMA
                0x08002864      0x100 Drivers/STM32F4xx_HAL_Driver/stm32f4xx_hal_adc.o
                0x08002864                HAL_ADC_Start_DMA
 .text.HAL_ADC_Stop_DMA
                0x08002964       0x5a Drivers/STM32F4xx_HAL_Driver/stm32f4xx_hal_adc.o
                0x08002964                HAL_ADC_Stop_DMA
 .text.HAL_ADC_ConvCpltCallback
                0x080029be        0x2 Drivers/STM32F4xx_HAL_Driver/stm32f4xx_hal_adc.o
                0x080029be                HAL_ADC_ConvCpltCallback
 .text.ADC_DMAConvCplt
                0x080029c0       0x60 Drivers/STM32F4xx_HAL_Driver/stm32f4xx_hal_adc.o
 .text.HAL_ADC_ConvHalfCpltCallback
                0x08002a20        0x2 Drivers/STM32F4xx_HAL_Driver/stm32f4xx_hal_adc.o
                0x08002a20                HAL_ADC_ConvHalfCpltCallback
 .text.ADC_DMAHalfConvCplt
                0x08002a22        0xa Drivers/STM32F4xx_HAL_Driver/stm32f4xx_hal_adc.o
 .text.HAL_ADC_ErrorCallback
                0x08002a2c        0x2 Drivers/STM32F4xx_HAL_Driver/stm32f4xx_hal_adc.o
                0x08002a2c                HAL_ADC_ErrorCallback
 .text.ADC_DMAError
                0x08002a2e       0x16 Drivers/STM32F4xx_HAL_Driver/stm32f4xx_hal_adc.o
 .text.HAL_ADC_ConfigChannel
                0x08002a44      0x134 Drivers/STM32F4xx_HAL_Driver/stm32f4xx_hal_adc.o
                0x08002a44                HAL_ADC_ConfigChannel
 .text.HAL_NVIC_SetPriorityGrouping
                0x08002b78       0x24 Drivers/STM32F4xx_HAL_Driver/stm32f4xx_hal_cortex.o
                0x08002b78                HAL_NVIC_SetPriorityGrouping
 .text.HAL_NVIC_SetPriority
                0x08002b9c       0x68 Drivers/STM32F4xx_HAL_Driver/stm32f4xx_hal_cortex.o
                0x08002b9c                HAL_NVIC_SetPriority
 .text.HAL_NVIC_EnableIRQ
                0x08002c04       0x18 Drivers/STM32F4xx_HAL_Driver/stm32f4xx_hal_cortex.o
                0x08002c04                HAL_NVIC_EnableIRQ
 .text.HAL_SYSTICK_Config
                0x08002c1c       0x2c Drivers/STM32F4xx_HAL_Driver/stm32f4xx_hal_cortex.o
                0x08002c1c                HAL_SYSTICK_Config
 .text.HAL_SYSTICK_CLKSourceConfig
                0x08002c48       0x18 Drivers/STM32F4xx_HAL_Driver/stm32f4xx_hal_cortex.o
                0x08002c48                HAL_SYSTICK_CLKSourceConfig
 .text.HAL_SYSTICK_Callback
                0x08002c60        0x2 Drivers/STM32F4xx_HAL_Driver/stm32f4xx_hal_cortex.o
                0x08002c60                HAL_SYSTICK_Callback
 .text.HAL_SYSTICK_IRQHandler
                0x08002c62        0x8 Drivers/STM32F4xx_HAL_Driver/stm32f4xx_hal_cortex.o
                0x08002c62                HAL_SYSTICK_IRQHandler
 *fill*         0x08002c6a        0x2 
 .text.DMA_CalcBaseAndBitshift
                0x08002c6c       0x2c Drivers/STM32F4xx_HAL_Driver/stm32f4xx_hal_dma.o
 .text.HAL_DMA_Init
                0x08002c98       0xec Drivers/STM32F4xx_HAL_Driver/stm32f4xx_hal_dma.o
                0x08002c98                HAL_DMA_Init
 .text.HAL_DMA_Start_IT
                0x08002d84       0x80 Drivers/STM32F4xx_HAL_Driver/stm32f4xx_hal_dma.o
                0x08002d84                HAL_DMA_Start_IT
 .text.HAL_DMA_Abort
                0x08002e04       0x86 Drivers/STM32F4xx_HAL_Driver/stm32f4xx_hal_dma.o
                0x08002e04                HAL_DMA_Abort
 *fill*         0x08002e8a        0x2 
 .text.HAL_DMA_IRQHandler
                0x08002e8c      0x17c Drivers/STM32F4xx_HAL_Driver/stm32f4xx_hal_dma.o
                0x08002e8c                HAL_DMA_IRQHandler
 .text.HAL_GPIO_Init
                0x08003008      0x1b4 Drivers/STM32F4xx_HAL_Driver/stm32f4xx_hal_gpio.o
                0x08003008                HAL_GPIO_Init
 .text.HAL_GPIO_WritePin
                0x080031bc        0x8 Drivers/STM32F4xx_HAL_Driver/stm32f4xx_hal_gpio.o
                0x080031bc                HAL_GPIO_WritePin
 .text.HAL_GPIO_TogglePin
                0x080031c4        0x8 Drivers/STM32F4xx_HAL_Driver/stm32f4xx_hal_gpio.o
                0x080031c4                HAL_GPIO_TogglePin
 .text.HAL_PWREx_EnableOverDrive
                0x080031cc       0x98 Drivers/STM32F4xx_HAL_Driver/stm32f4xx_hal_pwr_ex.o
                0x080031cc                HAL_PWREx_EnableOverDrive
 .text.HAL_RCC_ClockConfig
                0x08003264      0x168 Drivers/STM32F4xx_HAL_Driver/stm32f4xx_hal_rcc.o
                0x08003264                HAL_RCC_ClockConfig
 .text.HAL_RCC_GetHCLKFreq
                0x080033cc        0xc Drivers/STM32F4xx_HAL_Driver/stm32f4xx_hal_rcc.o
                0x080033cc                HAL_RCC_GetHCLKFreq
 .text.HAL_RCC_GetPCLK1Freq
                0x080033d8       0x30 Drivers/STM32F4xx_HAL_Driver/stm32f4xx_hal_rcc.o
                0x080033d8                HAL_RCC_GetPCLK1Freq
 .text.HAL_RCC_GetPCLK2Freq
                0x08003408       0x30 Drivers/STM32F4xx_HAL_Driver/stm32f4xx_hal_rcc.o
                0x08003408                HAL_RCC_GetPCLK2Freq
 .text.HAL_RCC_OscConfig
                0x08003438      0x358 Drivers/STM32F4xx_HAL_Driver/stm32f4xx_hal_rcc_ex.o
                0x08003438                HAL_RCC_OscConfig
 .text.HAL_RCC_GetSysClockFreq
                0x08003790       0xd0 Drivers/STM32F4xx_HAL_Driver/stm32f4xx_hal_rcc_ex.o
                0x08003790                HAL_RCC_GetSysClockFreq
 .text.HAL_TIM_Base_Start
                0x08003860       0x1a Drivers/STM32F4xx_HAL_Driver/stm32f4xx_hal_tim.o
                0x08003860                HAL_TIM_Base_Start
 .text.HAL_TIM_ConfigClockSource
                0x0800387a      0x174 Drivers/STM32F4xx_HAL_Driver/stm32f4xx_hal_tim.o
                0x0800387a                HAL_TIM_ConfigClockSource
 .text.HAL_TIM_PeriodElapsedCallback
                0x080039ee        0x2 Drivers/STM32F4xx_HAL_Driver/stm32f4xx_hal_tim.o
                0x080039ee                HAL_TIM_PeriodElapsedCallback
 .text.HAL_TIM_OC_DelayElapsedCallback
                0x080039f0        0x2 Drivers/STM32F4xx_HAL_Driver/stm32f4xx_hal_tim.o
                0x080039f0                HAL_TIM_OC_DelayElapsedCallback
 .text.HAL_TIM_IC_CaptureCallback
                0x080039f2        0x2 Drivers/STM32F4xx_HAL_Driver/stm32f4xx_hal_tim.o
                0x080039f2                HAL_TIM_IC_CaptureCallback
 .text.HAL_TIM_PWM_PulseFinishedCallback
                0x080039f4        0x2 Drivers/STM32F4xx_HAL_Driver/stm32f4xx_hal_tim.o
                0x080039f4                HAL_TIM_PWM_PulseFinishedCallback
 .text.HAL_TIM_TriggerCallback
                0x080039f6        0x2 Drivers/STM32F4xx_HAL_Driver/stm32f4xx_hal_tim.o
                0x080039f6                HAL_TIM_TriggerCallback
 .text.HAL_TIM_IRQHandler
                0x080039f8      0x144 Drivers/STM32F4xx_HAL_Driver/stm32f4xx_hal_tim.o
                0x080039f8                HAL_TIM_IRQHandler
 .text.TIM_Base_SetConfig
                0x08003b3c       0xc8 Drivers/STM32F4xx_HAL_Driver/stm32f4xx_hal_tim.o
                0x08003b3c                TIM_Base_SetConfig
 .text.HAL_TIM_Base_Init
                0x08003c04       0x34 Drivers/STM32F4xx_HAL_Driver/stm32f4xx_hal_tim.o
                0x08003c04                HAL_TIM_Base_Init
 .text.HAL_TIMEx_MasterConfigSynchronization
                0x08003c38       0x44 Drivers/STM32F4xx_HAL_Driver/stm32f4xx_hal_tim_ex.o
                0x08003c38                HAL_TIMEx_MasterConfigSynchronization
 .text.HAL_TIMEx_CommutationCallback
                0x08003c7c        0x2 Drivers/STM32F4xx_HAL_Driver/stm32f4xx_hal_tim_ex.o
                0x08003c7c                HAL_TIMEx_CommutationCallback
 .text.HAL_TIMEx_BreakCallback
                0x08003c7e        0x2 Drivers/STM32F4xx_HAL_Driver/stm32f4xx_hal_tim_ex.o
                0x08003c7e                HAL_TIMEx_BreakCallback
 .text.UART_EndRxTransfer
                0x08003c80       0x1a Drivers/STM32F4xx_HAL_Driver/stm32f4xx_hal_uart.o
 *fill*         0x08003c9a        0x2 
 .text.UART_SetConfig
                0x08003c9c      0x23c Drivers/STM32F4xx_HAL_Driver/stm32f4xx_hal_uart.o
 .text.UART_WaitOnFlagUntilTimeout.constprop.3
                0x08003ed8       0x50 Drivers/STM32F4xx_HAL_Driver/stm32f4xx_hal_uart.o
 .text.HAL_UART_Init
                0x08003f28       0x5c Drivers/STM32F4xx_HAL_Driver/stm32f4xx_hal_uart.o
                0x08003f28                HAL_UART_Init
 .text.HAL_UART_Transmit
                0x08003f84       0xbc Drivers/STM32F4xx_HAL_Driver/stm32f4xx_hal_uart.o
                0x08003f84                HAL_UART_Transmit
 .text.HAL_UART_Receive_DMA
                0x08004040       0x80 Drivers/STM32F4xx_HAL_Driver/stm32f4xx_hal_uart.o
                0x08004040                HAL_UART_Receive_DMA
 .text.UART_DMAReceiveCplt
                0x080040c0       0x38 Drivers/STM32F4xx_HAL_Driver/stm32f4xx_hal_uart.o
 .text.HAL_UART_RxHalfCpltCallback
                0x080040f8        0x2 Drivers/STM32F4xx_HAL_Driver/stm32f4xx_hal_uart.o
                0x080040f8                HAL_UART_RxHalfCpltCallback
 .text.UART_DMARxHalfCplt
                0x080040fa        0xa Drivers/STM32F4xx_HAL_Driver/stm32f4xx_hal_uart.o
 .text.HAL_UART_ErrorCallback
                0x08004104        0x2 Drivers/STM32F4xx_HAL_Driver/stm32f4xx_hal_uart.o
                0x08004104                HAL_UART_ErrorCallback
 .text.UART_DMAError
                0x08004106       0x4e Drivers/STM32F4xx_HAL_Driver/stm32f4xx_hal_uart.o
 .text.__errno  0x08004154        0xc c:/ac6/systemworkbench/plugins/fr.ac6.mcu.externaltools.arm-none.win32_1.13.2.201705091103/tools/compiler/bin/../lib/gcc/arm-none-eabi/5.4.1/../../../../arm-none-eabi/lib/armv7e-m/fpu\libc_nano.a(lib_a-errno.o)
                0x08004154                __errno
 .text.__libc_init_array
                0x08004160       0x4c c:/ac6/systemworkbench/plugins/fr.ac6.mcu.externaltools.arm-none.win32_1.13.2.201705091103/tools/compiler/bin/../lib/gcc/arm-none-eabi/5.4.1/../../../../arm-none-eabi/lib/armv7e-m/fpu\libc_nano.a(lib_a-init.o)
                0x08004160                __libc_init_array
 .text.malloc   0x080041ac       0x10 c:/ac6/systemworkbench/plugins/fr.ac6.mcu.externaltools.arm-none.win32_1.13.2.201705091103/tools/compiler/bin/../lib/gcc/arm-none-eabi/5.4.1/../../../../arm-none-eabi/lib/armv7e-m/fpu\libc_nano.a(lib_a-malloc.o)
                0x080041ac                malloc
 .text.free     0x080041bc       0x10 c:/ac6/systemworkbench/plugins/fr.ac6.mcu.externaltools.arm-none.win32_1.13.2.201705091103/tools/compiler/bin/../lib/gcc/arm-none-eabi/5.4.1/../../../../arm-none-eabi/lib/armv7e-m/fpu\libc_nano.a(lib_a-malloc.o)
                0x080041bc                free
 .text.memset   0x080041cc       0x10 c:/ac6/systemworkbench/plugins/fr.ac6.mcu.externaltools.arm-none.win32_1.13.2.201705091103/tools/compiler/bin/../lib/gcc/arm-none-eabi/5.4.1/../../../../arm-none-eabi/lib/armv7e-m/fpu\libc_nano.a(lib_a-memset.o)
                0x080041cc                memset
 .text._free_r  0x080041dc       0x9c c:/ac6/systemworkbench/plugins/fr.ac6.mcu.externaltools.arm-none.win32_1.13.2.201705091103/tools/compiler/bin/../lib/gcc/arm-none-eabi/5.4.1/../../../../arm-none-eabi/lib/armv7e-m/fpu\libc_nano.a(lib_a-nano-freer.o)
                0x080041dc                _free_r
 .text._malloc_r
                0x08004278       0xbc c:/ac6/systemworkbench/plugins/fr.ac6.mcu.externaltools.arm-none.win32_1.13.2.201705091103/tools/compiler/bin/../lib/gcc/arm-none-eabi/5.4.1/../../../../arm-none-eabi/lib/armv7e-m/fpu\libc_nano.a(lib_a-nano-mallocr.o)
                0x08004278                _malloc_r
 .text.__cvt    0x08004334       0xc8 c:/ac6/systemworkbench/plugins/fr.ac6.mcu.externaltools.arm-none.win32_1.13.2.201705091103/tools/compiler/bin/../lib/gcc/arm-none-eabi/5.4.1/../../../../arm-none-eabi/lib/armv7e-m/fpu\libc_nano.a(lib_a-nano-vfprintf_float.o)
                0x08004334                __cvt
 .text.__exponent
                0x080043fc       0x60 c:/ac6/systemworkbench/plugins/fr.ac6.mcu.externaltools.arm-none.win32_1.13.2.201705091103/tools/compiler/bin/../lib/gcc/arm-none-eabi/5.4.1/../../../../arm-none-eabi/lib/armv7e-m/fpu\libc_nano.a(lib_a-nano-vfprintf_float.o)
                0x080043fc                __exponent
 .text._printf_float
                0x0800445c      0x47c c:/ac6/systemworkbench/plugins/fr.ac6.mcu.externaltools.arm-none.win32_1.13.2.201705091103/tools/compiler/bin/../lib/gcc/arm-none-eabi/5.4.1/../../../../arm-none-eabi/lib/armv7e-m/fpu\libc_nano.a(lib_a-nano-vfprintf_float.o)
                0x0800445c                _printf_float
 .text._printf_common
                0x080048d8       0xec c:/ac6/systemworkbench/plugins/fr.ac6.mcu.externaltools.arm-none.win32_1.13.2.201705091103/tools/compiler/bin/../lib/gcc/arm-none-eabi/5.4.1/../../../../arm-none-eabi/lib/armv7e-m/fpu\libc_nano.a(lib_a-nano-vfprintf_i.o)
                0x080048d8                _printf_common
 .text._printf_i
                0x080049c4      0x24c c:/ac6/systemworkbench/plugins/fr.ac6.mcu.externaltools.arm-none.win32_1.13.2.201705091103/tools/compiler/bin/../lib/gcc/arm-none-eabi/5.4.1/../../../../arm-none-eabi/lib/armv7e-m/fpu\libc_nano.a(lib_a-nano-vfprintf_i.o)
                0x080049c4                _printf_i
 .text._sbrk_r  0x08004c10       0x20 c:/ac6/systemworkbench/plugins/fr.ac6.mcu.externaltools.arm-none.win32_1.13.2.201705091103/tools/compiler/bin/../lib/gcc/arm-none-eabi/5.4.1/../../../../arm-none-eabi/lib/armv7e-m/fpu\libc_nano.a(lib_a-sbrkr.o)
                0x08004c10                _sbrk_r
 .text.sprintf  0x08004c30       0x48 c:/ac6/systemworkbench/plugins/fr.ac6.mcu.externaltools.arm-none.win32_1.13.2.201705091103/tools/compiler/bin/../lib/gcc/arm-none-eabi/5.4.1/../../../../arm-none-eabi/lib/armv7e-m/fpu\libc_nano.a(lib_a-sprintf.o)
                0x08004c30                siprintf
                0x08004c30                sprintf
 .text.strcpy   0x08004c78       0x10 c:/ac6/systemworkbench/plugins/fr.ac6.mcu.externaltools.arm-none.win32_1.13.2.201705091103/tools/compiler/bin/../lib/gcc/arm-none-eabi/5.4.1/../../../../arm-none-eabi/lib/armv7e-m/fpu\libc_nano.a(lib_a-strcpy.o)
                0x08004c78                strcpy
 .text.strtok   0x08004c88       0x64 c:/ac6/systemworkbench/plugins/fr.ac6.mcu.externaltools.arm-none.win32_1.13.2.201705091103/tools/compiler/bin/../lib/gcc/arm-none-eabi/5.4.1/../../../../arm-none-eabi/lib/armv7e-m/fpu\libc_nano.a(lib_a-strtok.o)
                0x08004c88                strtok
 .text.__strtok_r
                0x08004cec       0x56 c:/ac6/systemworkbench/plugins/fr.ac6.mcu.externaltools.arm-none.win32_1.13.2.201705091103/tools/compiler/bin/../lib/gcc/arm-none-eabi/5.4.1/../../../../arm-none-eabi/lib/armv7e-m/fpu\libc_nano.a(lib_a-strtok_r.o)
                0x08004cec                __strtok_r
 .text.quorem   0x08004d42      0x11e c:/ac6/systemworkbench/plugins/fr.ac6.mcu.externaltools.arm-none.win32_1.13.2.201705091103/tools/compiler/bin/../lib/gcc/arm-none-eabi/5.4.1/../../../../arm-none-eabi/lib/armv7e-m/fpu\libc_nano.a(lib_a-dtoa.o)
 .text._dtoa_r  0x08004e60      0xb40 c:/ac6/systemworkbench/plugins/fr.ac6.mcu.externaltools.arm-none.win32_1.13.2.201705091103/tools/compiler/bin/../lib/gcc/arm-none-eabi/5.4.1/../../../../arm-none-eabi/lib/armv7e-m/fpu\libc_nano.a(lib_a-dtoa.o)
                0x08004e60                _dtoa_r
 .text._localeconv_r
                0x080059a0       0x1c c:/ac6/systemworkbench/plugins/fr.ac6.mcu.externaltools.arm-none.win32_1.13.2.201705091103/tools/compiler/bin/../lib/gcc/arm-none-eabi/5.4.1/../../../../arm-none-eabi/lib/armv7e-m/fpu\libc_nano.a(lib_a-localeconv.o)
                0x080059a0                _localeconv_r
 .text.__ascii_mbtowc
                0x080059bc       0x24 c:/ac6/systemworkbench/plugins/fr.ac6.mcu.externaltools.arm-none.win32_1.13.2.201705091103/tools/compiler/bin/../lib/gcc/arm-none-eabi/5.4.1/../../../../arm-none-eabi/lib/armv7e-m/fpu\libc_nano.a(lib_a-mbtowc_r.o)
                0x080059bc                __ascii_mbtowc
 .text.memcpy   0x080059e0       0x16 c:/ac6/systemworkbench/plugins/fr.ac6.mcu.externaltools.arm-none.win32_1.13.2.201705091103/tools/compiler/bin/../lib/gcc/arm-none-eabi/5.4.1/../../../../arm-none-eabi/lib/armv7e-m/fpu\libc_nano.a(lib_a-memcpy-stub.o)
                0x080059e0                memcpy
 .text.__malloc_lock
                0x080059f6        0x2 c:/ac6/systemworkbench/plugins/fr.ac6.mcu.externaltools.arm-none.win32_1.13.2.201705091103/tools/compiler/bin/../lib/gcc/arm-none-eabi/5.4.1/../../../../arm-none-eabi/lib/armv7e-m/fpu\libc_nano.a(lib_a-mlock.o)
                0x080059f6                __malloc_lock
 .text.__malloc_unlock
                0x080059f8        0x2 c:/ac6/systemworkbench/plugins/fr.ac6.mcu.externaltools.arm-none.win32_1.13.2.201705091103/tools/compiler/bin/../lib/gcc/arm-none-eabi/5.4.1/../../../../arm-none-eabi/lib/armv7e-m/fpu\libc_nano.a(lib_a-mlock.o)
                0x080059f8                __malloc_unlock
 .text._Balloc  0x080059fa       0x6a c:/ac6/systemworkbench/plugins/fr.ac6.mcu.externaltools.arm-none.win32_1.13.2.201705091103/tools/compiler/bin/../lib/gcc/arm-none-eabi/5.4.1/../../../../arm-none-eabi/lib/armv7e-m/fpu\libc_nano.a(lib_a-mprec.o)
                0x080059fa                _Balloc
 .text._Bfree   0x08005a64       0x2e c:/ac6/systemworkbench/plugins/fr.ac6.mcu.externaltools.arm-none.win32_1.13.2.201705091103/tools/compiler/bin/../lib/gcc/arm-none-eabi/5.4.1/../../../../arm-none-eabi/lib/armv7e-m/fpu\libc_nano.a(lib_a-mprec.o)
                0x08005a64                _Bfree
 .text.__multadd
                0x08005a92       0x76 c:/ac6/systemworkbench/plugins/fr.ac6.mcu.externaltools.arm-none.win32_1.13.2.201705091103/tools/compiler/bin/../lib/gcc/arm-none-eabi/5.4.1/../../../../arm-none-eabi/lib/armv7e-m/fpu\libc_nano.a(lib_a-mprec.o)
                0x08005a92                __multadd
 .text.__hi0bits
                0x08005b08       0x40 c:/ac6/systemworkbench/plugins/fr.ac6.mcu.externaltools.arm-none.win32_1.13.2.201705091103/tools/compiler/bin/../lib/gcc/arm-none-eabi/5.4.1/../../../../arm-none-eabi/lib/armv7e-m/fpu\libc_nano.a(lib_a-mprec.o)
                0x08005b08                __hi0bits
 .text.__lo0bits
                0x08005b48       0x5a c:/ac6/systemworkbench/plugins/fr.ac6.mcu.externaltools.arm-none.win32_1.13.2.201705091103/tools/compiler/bin/../lib/gcc/arm-none-eabi/5.4.1/../../../../arm-none-eabi/lib/armv7e-m/fpu\libc_nano.a(lib_a-mprec.o)
                0x08005b48                __lo0bits
 .text.__i2b    0x08005ba2       0x12 c:/ac6/systemworkbench/plugins/fr.ac6.mcu.externaltools.arm-none.win32_1.13.2.201705091103/tools/compiler/bin/../lib/gcc/arm-none-eabi/5.4.1/../../../../arm-none-eabi/lib/armv7e-m/fpu\libc_nano.a(lib_a-mprec.o)
                0x08005ba2                __i2b
 .text.__multiply
                0x08005bb4      0x122 c:/ac6/systemworkbench/plugins/fr.ac6.mcu.externaltools.arm-none.win32_1.13.2.201705091103/tools/compiler/bin/../lib/gcc/arm-none-eabi/5.4.1/../../../../arm-none-eabi/lib/armv7e-m/fpu\libc_nano.a(lib_a-mprec.o)
                0x08005bb4                __multiply
 *fill*         0x08005cd6        0x2 
 .text.__pow5mult
                0x08005cd8       0x9c c:/ac6/systemworkbench/plugins/fr.ac6.mcu.externaltools.arm-none.win32_1.13.2.201705091103/tools/compiler/bin/../lib/gcc/arm-none-eabi/5.4.1/../../../../arm-none-eabi/lib/armv7e-m/fpu\libc_nano.a(lib_a-mprec.o)
                0x08005cd8                __pow5mult
 .text.__lshift
                0x08005d74       0xa2 c:/ac6/systemworkbench/plugins/fr.ac6.mcu.externaltools.arm-none.win32_1.13.2.201705091103/tools/compiler/bin/../lib/gcc/arm-none-eabi/5.4.1/../../../../arm-none-eabi/lib/armv7e-m/fpu\libc_nano.a(lib_a-mprec.o)
                0x08005d74                __lshift
 .text.__mcmp   0x08005e16       0x38 c:/ac6/systemworkbench/plugins/fr.ac6.mcu.externaltools.arm-none.win32_1.13.2.201705091103/tools/compiler/bin/../lib/gcc/arm-none-eabi/5.4.1/../../../../arm-none-eabi/lib/armv7e-m/fpu\libc_nano.a(lib_a-mprec.o)
                0x08005e16                __mcmp
 .text.__mdiff  0x08005e4e       0xbe c:/ac6/systemworkbench/plugins/fr.ac6.mcu.externaltools.arm-none.win32_1.13.2.201705091103/tools/compiler/bin/../lib/gcc/arm-none-eabi/5.4.1/../../../../arm-none-eabi/lib/armv7e-m/fpu\libc_nano.a(lib_a-mprec.o)
                0x08005e4e                __mdiff
 .text.__d2b    0x08005f0c       0x9c c:/ac6/systemworkbench/plugins/fr.ac6.mcu.externaltools.arm-none.win32_1.13.2.201705091103/tools/compiler/bin/../lib/gcc/arm-none-eabi/5.4.1/../../../../arm-none-eabi/lib/armv7e-m/fpu\libc_nano.a(lib_a-mprec.o)
                0x08005f0c                __d2b
 .text._calloc_r
                0x08005fa8       0x1c c:/ac6/systemworkbench/plugins/fr.ac6.mcu.externaltools.arm-none.win32_1.13.2.201705091103/tools/compiler/bin/../lib/gcc/arm-none-eabi/5.4.1/../../../../arm-none-eabi/lib/armv7e-m/fpu\libc_nano.a(lib_a-nano-callocr.o)
                0x08005fa8                _calloc_r
 .text.__ssputs_r
                0x08005fc4       0xb2 c:/ac6/systemworkbench/plugins/fr.ac6.mcu.externaltools.arm-none.win32_1.13.2.201705091103/tools/compiler/bin/../lib/gcc/arm-none-eabi/5.4.1/../../../../arm-none-eabi/lib/armv7e-m/fpu\libc_nano.a(lib_a-nano-svfprintf.o)
                0x08005fc4                __ssputs_r
 *fill*         0x08006076        0x2 
 .text._svfprintf_r
                0x08006078      0x1e8 c:/ac6/systemworkbench/plugins/fr.ac6.mcu.externaltools.arm-none.win32_1.13.2.201705091103/tools/compiler/bin/../lib/gcc/arm-none-eabi/5.4.1/../../../../arm-none-eabi/lib/armv7e-m/fpu\libc_nano.a(lib_a-nano-svfprintf.o)
                0x08006078                _svfiprintf_r
                0x08006078                _svfprintf_r
 .text.__ascii_wctomb
                0x08006260       0x1a c:/ac6/systemworkbench/plugins/fr.ac6.mcu.externaltools.arm-none.win32_1.13.2.201705091103/tools/compiler/bin/../lib/gcc/arm-none-eabi/5.4.1/../../../../arm-none-eabi/lib/armv7e-m/fpu\libc_nano.a(lib_a-wctomb_r.o)
                0x08006260                __ascii_wctomb
 .text.memmove  0x0800627a       0x36 c:/ac6/systemworkbench/plugins/fr.ac6.mcu.externaltools.arm-none.win32_1.13.2.201705091103/tools/compiler/bin/../lib/gcc/arm-none-eabi/5.4.1/../../../../arm-none-eabi/lib/armv7e-m/fpu\libc_nano.a(lib_a-memmove.o)
                0x0800627a                memmove
 .text._realloc_r
                0x080062b0       0x4c c:/ac6/systemworkbench/plugins/fr.ac6.mcu.externaltools.arm-none.win32_1.13.2.201705091103/tools/compiler/bin/../lib/gcc/arm-none-eabi/5.4.1/../../../../arm-none-eabi/lib/armv7e-m/fpu\libc_nano.a(lib_a-nano-reallocr.o)
                0x080062b0                _realloc_r
 .text._malloc_usable_size_r
                0x080062fc       0x14 c:/ac6/systemworkbench/plugins/fr.ac6.mcu.externaltools.arm-none.win32_1.13.2.201705091103/tools/compiler/bin/../lib/gcc/arm-none-eabi/5.4.1/../../../../arm-none-eabi/lib/armv7e-m/fpu\libc_nano.a(lib_a-nano-msizer.o)
                0x080062fc                _malloc_usable_size_r
 *(.glue_7)
 .glue_7        0x08006310        0x0 linker stubs
 *(.glue_7t)
 .glue_7t       0x08006310        0x0 linker stubs
 *(.eh_frame)
 .eh_frame      0x08006310        0x0 c:/ac6/systemworkbench/plugins/fr.ac6.mcu.externaltools.arm-none.win32_1.13.2.201705091103/tools/compiler/bin/../lib/gcc/arm-none-eabi/5.4.1/armv7e-m/fpu/crtbegin.o
 *(.init)
 .init          0x08006310        0x4 c:/ac6/systemworkbench/plugins/fr.ac6.mcu.externaltools.arm-none.win32_1.13.2.201705091103/tools/compiler/bin/../lib/gcc/arm-none-eabi/5.4.1/armv7e-m/fpu/crti.o
                0x08006310                _init
 .init          0x08006314        0x8 c:/ac6/systemworkbench/plugins/fr.ac6.mcu.externaltools.arm-none.win32_1.13.2.201705091103/tools/compiler/bin/../lib/gcc/arm-none-eabi/5.4.1/armv7e-m/fpu/crtn.o
 *(.fini)
 .fini          0x0800631c        0x4 c:/ac6/systemworkbench/plugins/fr.ac6.mcu.externaltools.arm-none.win32_1.13.2.201705091103/tools/compiler/bin/../lib/gcc/arm-none-eabi/5.4.1/armv7e-m/fpu/crti.o
                0x0800631c                _fini
 .fini          0x08006320        0x8 c:/ac6/systemworkbench/plugins/fr.ac6.mcu.externaltools.arm-none.win32_1.13.2.201705091103/tools/compiler/bin/../lib/gcc/arm-none-eabi/5.4.1/armv7e-m/fpu/crtn.o
                0x08006328                . = ALIGN (0x4)
                0x08006328                _etext = .

.vfp11_veneer   0x08006328        0x0
 .vfp11_veneer  0x08006328        0x0 linker stubs

.v4_bx          0x08006328        0x0
 .v4_bx         0x08006328        0x0 linker stubs

.iplt           0x08006328        0x0
 .iplt          0x08006328        0x0 c:/ac6/systemworkbench/plugins/fr.ac6.mcu.externaltools.arm-none.win32_1.13.2.201705091103/tools/compiler/bin/../lib/gcc/arm-none-eabi/5.4.1/armv7e-m/fpu/crtbegin.o

.rodata         0x08006328      0x760
                0x08006328                . = ALIGN (0x4)
 *(.rodata)
 .rodata        0x08006328      0x1e0 Application/User/calculation.o
                0x08006328                sendersignal
 .rodata        0x08006508       0x1f Application/User/cmd.o
                0x08006508                cmd_unrecog
 .rodata        0x08006527      0x219 Application/User/main.o
                0x08006527                cmd_help_string
 .rodata        0x08006740        0x8 Drivers/STM32F4xx_HAL_Driver/stm32f4xx_hal_dma.o
 .rodata        0x08006748       0x10 Drivers/STM32F4xx_HAL_Driver/stm32f4xx_hal_rcc.o
                0x08006748                APBAHBPrescTable
 *(.rodata*)
 .rodata.str1.1
                0x08006758       0x2d Application/User/calculation.o
 .rodata.str1.1
                0x08006785       0x2d Application/User/cmd.o
                                  0x2 (size before relaxing)
 .rodata.str1.1
                0x08006785       0x5d Application/User/main.o
                                 0x65 (size before relaxing)
 .rodata.str1.1
                0x080067e2       0x47 Application/User/send.o
 .rodata.str1.1
                0x08006829       0x12 c:/ac6/systemworkbench/plugins/fr.ac6.mcu.externaltools.arm-none.win32_1.13.2.201705091103/tools/compiler/bin/../lib/gcc/arm-none-eabi/5.4.1/../../../../arm-none-eabi/lib/armv7e-m/fpu\libc_nano.a(lib_a-nano-vfprintf_float.o)
 .rodata.str1.1
                0x0800683b       0x22 c:/ac6/systemworkbench/plugins/fr.ac6.mcu.externaltools.arm-none.win32_1.13.2.201705091103/tools/compiler/bin/../lib/gcc/arm-none-eabi/5.4.1/../../../../arm-none-eabi/lib/armv7e-m/fpu\libc_nano.a(lib_a-nano-vfprintf_i.o)
 .rodata.str1.1
                0x0800685d        0xd c:/ac6/systemworkbench/plugins/fr.ac6.mcu.externaltools.arm-none.win32_1.13.2.201705091103/tools/compiler/bin/../lib/gcc/arm-none-eabi/5.4.1/../../../../arm-none-eabi/lib/armv7e-m/fpu\libc_nano.a(lib_a-dtoa.o)
                                  0xf (size before relaxing)
 .rodata.str1.1
                0x0800686a        0xa c:/ac6/systemworkbench/plugins/fr.ac6.mcu.externaltools.arm-none.win32_1.13.2.201705091103/tools/compiler/bin/../lib/gcc/arm-none-eabi/5.4.1/../../../../arm-none-eabi/lib/armv7e-m/fpu\libc_nano.a(lib_a-locale.o)
                                  0xb (size before relaxing)
 *fill*         0x08006874        0x4 
 .rodata.__mprec_tens
                0x08006878       0xc8 c:/ac6/systemworkbench/plugins/fr.ac6.mcu.externaltools.arm-none.win32_1.13.2.201705091103/tools/compiler/bin/../lib/gcc/arm-none-eabi/5.4.1/../../../../arm-none-eabi/lib/armv7e-m/fpu\libc_nano.a(lib_a-mprec.o)
                0x08006878                __mprec_tens
 .rodata.__mprec_bigtens
                0x08006940       0x28 c:/ac6/systemworkbench/plugins/fr.ac6.mcu.externaltools.arm-none.win32_1.13.2.201705091103/tools/compiler/bin/../lib/gcc/arm-none-eabi/5.4.1/../../../../arm-none-eabi/lib/armv7e-m/fpu\libc_nano.a(lib_a-mprec.o)
                0x08006940                __mprec_bigtens
 .rodata.p05.6099
                0x08006968        0xc c:/ac6/systemworkbench/plugins/fr.ac6.mcu.externaltools.arm-none.win32_1.13.2.201705091103/tools/compiler/bin/../lib/gcc/arm-none-eabi/5.4.1/../../../../arm-none-eabi/lib/armv7e-m/fpu\libc_nano.a(lib_a-mprec.o)
 .rodata.str1.1
                0x08006974       0x11 c:/ac6/systemworkbench/plugins/fr.ac6.mcu.externaltools.arm-none.win32_1.13.2.201705091103/tools/compiler/bin/../lib/gcc/arm-none-eabi/5.4.1/../../../../arm-none-eabi/lib/armv7e-m/fpu\libc_nano.a(lib_a-nano-svfprintf.o)
 .rodata._ctype_
                0x08006985      0x101 c:/ac6/systemworkbench/plugins/fr.ac6.mcu.externaltools.arm-none.win32_1.13.2.201705091103/tools/compiler/bin/../lib/gcc/arm-none-eabi/5.4.1/../../../../arm-none-eabi/lib/armv7e-m/fpu\libc_nano.a(lib_a-ctype_.o)
                0x08006985                _ctype_
                0x08006a88                . = ALIGN (0x4)
 *fill*         0x08006a86        0x2 

.rel.dyn        0x08006a88        0x0
 .rel.iplt      0x08006a88        0x0 c:/ac6/systemworkbench/plugins/fr.ac6.mcu.externaltools.arm-none.win32_1.13.2.201705091103/tools/compiler/bin/../lib/gcc/arm-none-eabi/5.4.1/armv7e-m/fpu/crtbegin.o

.ARM.extab
 *(.ARM.extab* .gnu.linkonce.armextab.*)

.ARM            0x08006a88        0x0
                0x08006a88                __exidx_start = .
 *(.ARM.exidx*)
                0x08006a88                __exidx_end = .

.preinit_array  0x08006a88        0x0
                0x08006a88                PROVIDE (__preinit_array_start, .)
 *(.preinit_array*)
                0x08006a88                PROVIDE (__preinit_array_end, .)

.init_array     0x08006a88        0x4
                0x08006a88                PROVIDE (__init_array_start, .)
 *(SORT(.init_array.*))
 *(.init_array*)
 .init_array    0x08006a88        0x4 c:/ac6/systemworkbench/plugins/fr.ac6.mcu.externaltools.arm-none.win32_1.13.2.201705091103/tools/compiler/bin/../lib/gcc/arm-none-eabi/5.4.1/armv7e-m/fpu/crtbegin.o
                0x08006a8c                PROVIDE (__init_array_end, .)

.fini_array     0x08006a8c        0x4
                [!provide]                PROVIDE (__fini_array_start, .)
 *(SORT(.fini_array.*))
 *(.fini_array*)
 .fini_array    0x08006a8c        0x4 c:/ac6/systemworkbench/plugins/fr.ac6.mcu.externaltools.arm-none.win32_1.13.2.201705091103/tools/compiler/bin/../lib/gcc/arm-none-eabi/5.4.1/armv7e-m/fpu/crtbegin.o
                [!provide]                PROVIDE (__fini_array_end, .)
                0x08006a90                _sidata = LOADADDR (.data)

.data           0x20000000      0x1d4 load address 0x08006a90
                0x20000000                . = ALIGN (0x4)
                0x20000000                _sdata = .
 *(.data)
 .data          0x20000000        0x4 Drivers/CMSIS/system_stm32f4xx.o
                0x20000000                SystemCoreClock
 *(.data*)
 .data.impure_data
                0x20000004       0x60 c:/ac6/systemworkbench/plugins/fr.ac6.mcu.externaltools.arm-none.win32_1.13.2.201705091103/tools/compiler/bin/../lib/gcc/arm-none-eabi/5.4.1/../../../../arm-none-eabi/lib/armv7e-m/fpu\libc_nano.a(lib_a-impure.o)
 .data._impure_ptr
                0x20000064        0x4 c:/ac6/systemworkbench/plugins/fr.ac6.mcu.externaltools.arm-none.win32_1.13.2.201705091103/tools/compiler/bin/../lib/gcc/arm-none-eabi/5.4.1/../../../../arm-none-eabi/lib/armv7e-m/fpu\libc_nano.a(lib_a-impure.o)
                0x20000064                _impure_ptr
 .data.__global_locale
                0x20000068      0x16c c:/ac6/systemworkbench/plugins/fr.ac6.mcu.externaltools.arm-none.win32_1.13.2.201705091103/tools/compiler/bin/../lib/gcc/arm-none-eabi/5.4.1/../../../../arm-none-eabi/lib/armv7e-m/fpu\libc_nano.a(lib_a-locale.o)
                0x20000068                __global_locale
                0x200001d4                . = ALIGN (0x4)
                0x200001d4                _edata = .

.jcr            0x200001d4        0x0 load address 0x08006c64
 .jcr           0x200001d4        0x0 c:/ac6/systemworkbench/plugins/fr.ac6.mcu.externaltools.arm-none.win32_1.13.2.201705091103/tools/compiler/bin/../lib/gcc/arm-none-eabi/5.4.1/armv7e-m/fpu/crtbegin.o

.igot.plt       0x200001d4        0x0 load address 0x08006c64
 .igot.plt      0x200001d4        0x0 c:/ac6/systemworkbench/plugins/fr.ac6.mcu.externaltools.arm-none.win32_1.13.2.201705091103/tools/compiler/bin/../lib/gcc/arm-none-eabi/5.4.1/armv7e-m/fpu/crtbegin.o
                0x200001d4                . = ALIGN (0x4)

.bss            0x200001d8     0x317c load address 0x08006c64
                0x200001d8                _sbss = .
                0x200001d8                __bss_start__ = _sbss
 *(.bss)
 .bss           0x200001d8       0x1c c:/ac6/systemworkbench/plugins/fr.ac6.mcu.externaltools.arm-none.win32_1.13.2.201705091103/tools/compiler/bin/../lib/gcc/arm-none-eabi/5.4.1/armv7e-m/fpu/crtbegin.o
 .bss           0x200001f4        0x4 Application/User/calculation.o
 .bss           0x200001f8       0x4c Application/User/cmd.o
 .bss           0x20000244       0x10 Application/User/led.o
 .bss           0x20000254        0xf Application/User/main.o
                0x20000254                flagShowSignalL
                0x20000255                flagShowSignalR
                0x20000256                flagShowSignalB
                0x20000257                flagShowADCSignalL
                0x20000258                flagShowADCSignalR
                0x20000259                flagShowADCSignalB
                0x2000025a                flagShowADCSignalLRaw
                0x2000025b                flagShowADCSignalRRaw
                0x2000025c                flagShowADCSignalBRaw
                0x2000025d                flag_ShowValuesSendToMaster
                0x2000025e                flagShowOffset
                0x2000025f                flagShowLoopTime
                0x20000260                convCompletedL
                0x20000261                convCompletedR
                0x20000262                convCompletedB
 *fill*         0x20000263        0x1 
 .bss           0x20000264        0x8 Application/User/syscalls.o
                0x20000268                __env
 *(.bss*)
 .bss.__malloc_sbrk_start
                0x2000026c        0x4 c:/ac6/systemworkbench/plugins/fr.ac6.mcu.externaltools.arm-none.win32_1.13.2.201705091103/tools/compiler/bin/../lib/gcc/arm-none-eabi/5.4.1/../../../../arm-none-eabi/lib/armv7e-m/fpu\libc_nano.a(lib_a-nano-mallocr.o)
                0x2000026c                __malloc_sbrk_start
 .bss.__malloc_free_list
                0x20000270        0x4 c:/ac6/systemworkbench/plugins/fr.ac6.mcu.externaltools.arm-none.win32_1.13.2.201705091103/tools/compiler/bin/../lib/gcc/arm-none-eabi/5.4.1/../../../../arm-none-eabi/lib/armv7e-m/fpu\libc_nano.a(lib_a-nano-mallocr.o)
                0x20000270                __malloc_free_list
 *(COMMON)
 *fill*         0x20000274        0x4 
 COMMON         0x20000278     0x30d4 Application/User/main.o
                0x20000278                coilB
                0x20000a38                hdma_usart2_rx
                0x20000a98                huart3
                0x20000ad8                hadc2
                0x20000b20                coilR
                0x200012e0                hdma_adc3
                0x20001340                adcValueB
                0x20001ac0                hadc1
                0x20001b08                hadc3
                0x20001b50                hdma_adc1
                0x20001bb0                coilL
                0x20002370                adcValueL
                0x20002af0                htim2
                0x20002b2c                huart2
                0x20002b6c                hdma_adc2
                0x20002bcc                adcValueR
 COMMON         0x2000334c        0x4 Drivers/STM32F4xx_HAL_Driver/stm32f4xx_hal.o
                0x2000334c                uwTick
 COMMON         0x20003350        0x4 c:/ac6/systemworkbench/plugins/fr.ac6.mcu.externaltools.arm-none.win32_1.13.2.201705091103/tools/compiler/bin/../lib/gcc/arm-none-eabi/5.4.1/../../../../arm-none-eabi/lib/armv7e-m/fpu\libc_nano.a(lib_a-reent.o)
                0x20003350                errno
                0x20003354                . = ALIGN (0x4)
                0x20003354                _ebss = .
                0x20003354                __bss_end__ = _ebss

._user_heap_stack
                0x20003354      0x604 load address 0x08006c64
                0x20003358                . = ALIGN (0x8)
 *fill*         0x20003354        0x4 
                0x20003358                PROVIDE (end, .)
                [!provide]                PROVIDE (_end, .)
                0x20003558                . = (. + _Min_Heap_Size)
 *fill*         0x20003358      0x200 
                0x20003958                . = (. + _Min_Stack_Size)
 *fill*         0x20003558      0x400 
                0x20003958                . = ALIGN (0x8)

/DISCARD/
 libc.a(*)
 libm.a(*)
 libgcc.a(*)

.ARM.attributes
                0x00000000       0x30
 *(.ARM.attributes)
 .ARM.attributes
                0x00000000       0x22 c:/ac6/systemworkbench/plugins/fr.ac6.mcu.externaltools.arm-none.win32_1.13.2.201705091103/tools/compiler/bin/../lib/gcc/arm-none-eabi/5.4.1/armv7e-m/fpu/crti.o
 .ARM.attributes
                0x00000022       0x34 c:/ac6/systemworkbench/plugins/fr.ac6.mcu.externaltools.arm-none.win32_1.13.2.201705091103/tools/compiler/bin/../lib/gcc/arm-none-eabi/5.4.1/armv7e-m/fpu/crtbegin.o
 .ARM.attributes
                0x00000056       0x21 Application/SW4STM32/startup_stm32f446xx.o
 .ARM.attributes
                0x00000077       0x39 Application/User/calculation.o
 .ARM.attributes
                0x000000b0       0x39 Application/User/cmd.o
 .ARM.attributes
                0x000000e9       0x39 Application/User/led.o
 .ARM.attributes
                0x00000122       0x39 Application/User/main.o
 .ARM.attributes
                0x0000015b       0x39 Application/User/send.o
 .ARM.attributes
                0x00000194       0x39 Application/User/stm32f4xx_hal_msp.o
 .ARM.attributes
                0x000001cd       0x39 Application/User/stm32f4xx_it.o
 .ARM.attributes
                0x00000206       0x39 Application/User/syscalls.o
 .ARM.attributes
                0x0000023f       0x39 Drivers/CMSIS/system_stm32f4xx.o
 .ARM.attributes
                0x00000278       0x39 Drivers/STM32F4xx_HAL_Driver/stm32f4xx_hal.o
 .ARM.attributes
                0x000002b1       0x39 Drivers/STM32F4xx_HAL_Driver/stm32f4xx_hal_adc.o
 .ARM.attributes
                0x000002ea       0x39 Drivers/STM32F4xx_HAL_Driver/stm32f4xx_hal_cortex.o
 .ARM.attributes
                0x00000323       0x39 Drivers/STM32F4xx_HAL_Driver/stm32f4xx_hal_dma.o
 .ARM.attributes
                0x0000035c       0x39 Drivers/STM32F4xx_HAL_Driver/stm32f4xx_hal_gpio.o
 .ARM.attributes
                0x00000395       0x39 Drivers/STM32F4xx_HAL_Driver/stm32f4xx_hal_pwr_ex.o
 .ARM.attributes
                0x000003ce       0x39 Drivers/STM32F4xx_HAL_Driver/stm32f4xx_hal_rcc.o
 .ARM.attributes
                0x00000407       0x39 Drivers/STM32F4xx_HAL_Driver/stm32f4xx_hal_rcc_ex.o
 .ARM.attributes
                0x00000440       0x39 Drivers/STM32F4xx_HAL_Driver/stm32f4xx_hal_tim.o
 .ARM.attributes
                0x00000479       0x39 Drivers/STM32F4xx_HAL_Driver/stm32f4xx_hal_tim_ex.o
 .ARM.attributes
                0x000004b2       0x39 Drivers/STM32F4xx_HAL_Driver/stm32f4xx_hal_uart.o
 .ARM.attributes
                0x000004eb       0x22 c:/ac6/systemworkbench/plugins/fr.ac6.mcu.externaltools.arm-none.win32_1.13.2.201705091103/tools/compiler/bin/../lib/gcc/arm-none-eabi/5.4.1/armv7e-m/fpu\libgcc.a(_arm_addsubdf3.o)
 .ARM.attributes
                0x0000050d       0x22 c:/ac6/systemworkbench/plugins/fr.ac6.mcu.externaltools.arm-none.win32_1.13.2.201705091103/tools/compiler/bin/../lib/gcc/arm-none-eabi/5.4.1/armv7e-m/fpu\libgcc.a(_arm_muldivdf3.o)
 .ARM.attributes
                0x0000052f       0x22 c:/ac6/systemworkbench/plugins/fr.ac6.mcu.externaltools.arm-none.win32_1.13.2.201705091103/tools/compiler/bin/../lib/gcc/arm-none-eabi/5.4.1/armv7e-m/fpu\libgcc.a(_arm_fixdfsi.o)
 .ARM.attributes
                0x00000551       0x22 c:/ac6/systemworkbench/plugins/fr.ac6.mcu.externaltools.arm-none.win32_1.13.2.201705091103/tools/compiler/bin/../lib/gcc/arm-none-eabi/5.4.1/armv7e-m/fpu\libgcc.a(_arm_truncdfsf2.o)
 .ARM.attributes
                0x00000573       0x22 c:/ac6/systemworkbench/plugins/fr.ac6.mcu.externaltools.arm-none.win32_1.13.2.201705091103/tools/compiler/bin/../lib/gcc/arm-none-eabi/5.4.1/armv7e-m/fpu\libgcc.a(_arm_addsubsf3.o)
 .ARM.attributes
                0x00000595       0x34 c:/ac6/systemworkbench/plugins/fr.ac6.mcu.externaltools.arm-none.win32_1.13.2.201705091103/tools/compiler/bin/../lib/gcc/arm-none-eabi/5.4.1/armv7e-m/fpu\libgcc.a(_fixdfdi.o)
 .ARM.attributes
                0x000005c9       0x34 c:/ac6/systemworkbench/plugins/fr.ac6.mcu.externaltools.arm-none.win32_1.13.2.201705091103/tools/compiler/bin/../lib/gcc/arm-none-eabi/5.4.1/armv7e-m/fpu\libgcc.a(_fixunsdfdi.o)
 .ARM.attributes
                0x000005fd       0x22 c:/ac6/systemworkbench/plugins/fr.ac6.mcu.externaltools.arm-none.win32_1.13.2.201705091103/tools/compiler/bin/../lib/gcc/arm-none-eabi/5.4.1/armv7e-m/fpu\libgcc.a(_arm_cmpdf2.o)
 .ARM.attributes
                0x0000061f       0x22 c:/ac6/systemworkbench/plugins/fr.ac6.mcu.externaltools.arm-none.win32_1.13.2.201705091103/tools/compiler/bin/../lib/gcc/arm-none-eabi/5.4.1/armv7e-m/fpu\libgcc.a(_arm_fixunsdfsi.o)
 .ARM.attributes
                0x00000641       0x34 c:/ac6/systemworkbench/plugins/fr.ac6.mcu.externaltools.arm-none.win32_1.13.2.201705091103/tools/compiler/bin/../lib/gcc/arm-none-eabi/5.4.1/../../../../arm-none-eabi/lib/armv7e-m/fpu\libc_nano.a(lib_a-errno.o)
 .ARM.attributes
                0x00000675       0x34 c:/ac6/systemworkbench/plugins/fr.ac6.mcu.externaltools.arm-none.win32_1.13.2.201705091103/tools/compiler/bin/../lib/gcc/arm-none-eabi/5.4.1/../../../../arm-none-eabi/lib/armv7e-m/fpu\libc_nano.a(lib_a-impure.o)
 .ARM.attributes
                0x000006a9       0x34 c:/ac6/systemworkbench/plugins/fr.ac6.mcu.externaltools.arm-none.win32_1.13.2.201705091103/tools/compiler/bin/../lib/gcc/arm-none-eabi/5.4.1/../../../../arm-none-eabi/lib/armv7e-m/fpu\libc_nano.a(lib_a-init.o)
 .ARM.attributes
                0x000006dd       0x34 c:/ac6/systemworkbench/plugins/fr.ac6.mcu.externaltools.arm-none.win32_1.13.2.201705091103/tools/compiler/bin/../lib/gcc/arm-none-eabi/5.4.1/../../../../arm-none-eabi/lib/armv7e-m/fpu\libc_nano.a(lib_a-malloc.o)
 .ARM.attributes
                0x00000711       0x34 c:/ac6/systemworkbench/plugins/fr.ac6.mcu.externaltools.arm-none.win32_1.13.2.201705091103/tools/compiler/bin/../lib/gcc/arm-none-eabi/5.4.1/../../../../arm-none-eabi/lib/armv7e-m/fpu\libc_nano.a(lib_a-memset.o)
 .ARM.attributes
                0x00000745       0x34 c:/ac6/systemworkbench/plugins/fr.ac6.mcu.externaltools.arm-none.win32_1.13.2.201705091103/tools/compiler/bin/../lib/gcc/arm-none-eabi/5.4.1/../../../../arm-none-eabi/lib/armv7e-m/fpu\libc_nano.a(lib_a-nano-freer.o)
 .ARM.attributes
                0x00000779       0x34 c:/ac6/systemworkbench/plugins/fr.ac6.mcu.externaltools.arm-none.win32_1.13.2.201705091103/tools/compiler/bin/../lib/gcc/arm-none-eabi/5.4.1/../../../../arm-none-eabi/lib/armv7e-m/fpu\libc_nano.a(lib_a-nano-mallocr.o)
 .ARM.attributes
                0x000007ad       0x34 c:/ac6/systemworkbench/plugins/fr.ac6.mcu.externaltools.arm-none.win32_1.13.2.201705091103/tools/compiler/bin/../lib/gcc/arm-none-eabi/5.4.1/../../../../arm-none-eabi/lib/armv7e-m/fpu\libc_nano.a(lib_a-nano-vfprintf_float.o)
 .ARM.attributes
                0x000007e1       0x34 c:/ac6/systemworkbench/plugins/fr.ac6.mcu.externaltools.arm-none.win32_1.13.2.201705091103/tools/compiler/bin/../lib/gcc/arm-none-eabi/5.4.1/../../../../arm-none-eabi/lib/armv7e-m/fpu\libc_nano.a(lib_a-nano-vfprintf_i.o)
 .ARM.attributes
                0x00000815       0x34 c:/ac6/systemworkbench/plugins/fr.ac6.mcu.externaltools.arm-none.win32_1.13.2.201705091103/tools/compiler/bin/../lib/gcc/arm-none-eabi/5.4.1/../../../../arm-none-eabi/lib/armv7e-m/fpu\libc_nano.a(lib_a-sbrkr.o)
 .ARM.attributes
                0x00000849       0x34 c:/ac6/systemworkbench/plugins/fr.ac6.mcu.externaltools.arm-none.win32_1.13.2.201705091103/tools/compiler/bin/../lib/gcc/arm-none-eabi/5.4.1/../../../../arm-none-eabi/lib/armv7e-m/fpu\libc_nano.a(lib_a-sprintf.o)
 .ARM.attributes
                0x0000087d       0x20 c:/ac6/systemworkbench/plugins/fr.ac6.mcu.externaltools.arm-none.win32_1.13.2.201705091103/tools/compiler/bin/../lib/gcc/arm-none-eabi/5.4.1/../../../../arm-none-eabi/lib/armv7e-m/fpu\libc_nano.a(lib_a-strcmp.o)
 .ARM.attributes
                0x0000089d       0x34 c:/ac6/systemworkbench/plugins/fr.ac6.mcu.externaltools.arm-none.win32_1.13.2.201705091103/tools/compiler/bin/../lib/gcc/arm-none-eabi/5.4.1/../../../../arm-none-eabi/lib/armv7e-m/fpu\libc_nano.a(lib_a-strcpy.o)
 .ARM.attributes
                0x000008d1       0x1b c:/ac6/systemworkbench/plugins/fr.ac6.mcu.externaltools.arm-none.win32_1.13.2.201705091103/tools/compiler/bin/../lib/gcc/arm-none-eabi/5.4.1/../../../../arm-none-eabi/lib/armv7e-m/fpu\libc_nano.a(lib_a-strlen.o)
 .ARM.attributes
                0x000008ec       0x34 c:/ac6/systemworkbench/plugins/fr.ac6.mcu.externaltools.arm-none.win32_1.13.2.201705091103/tools/compiler/bin/../lib/gcc/arm-none-eabi/5.4.1/../../../../arm-none-eabi/lib/armv7e-m/fpu\libc_nano.a(lib_a-strtok.o)
 .ARM.attributes
                0x00000920       0x34 c:/ac6/systemworkbench/plugins/fr.ac6.mcu.externaltools.arm-none.win32_1.13.2.201705091103/tools/compiler/bin/../lib/gcc/arm-none-eabi/5.4.1/../../../../arm-none-eabi/lib/armv7e-m/fpu\libc_nano.a(lib_a-strtok_r.o)
 .ARM.attributes
                0x00000954       0x34 c:/ac6/systemworkbench/plugins/fr.ac6.mcu.externaltools.arm-none.win32_1.13.2.201705091103/tools/compiler/bin/../lib/gcc/arm-none-eabi/5.4.1/../../../../arm-none-eabi/lib/armv7e-m/fpu\libc_nano.a(lib_a-dtoa.o)
 .ARM.attributes
                0x00000988       0x34 c:/ac6/systemworkbench/plugins/fr.ac6.mcu.externaltools.arm-none.win32_1.13.2.201705091103/tools/compiler/bin/../lib/gcc/arm-none-eabi/5.4.1/../../../../arm-none-eabi/lib/armv7e-m/fpu\libc_nano.a(lib_a-locale.o)
 .ARM.attributes
                0x000009bc       0x34 c:/ac6/systemworkbench/plugins/fr.ac6.mcu.externaltools.arm-none.win32_1.13.2.201705091103/tools/compiler/bin/../lib/gcc/arm-none-eabi/5.4.1/../../../../arm-none-eabi/lib/armv7e-m/fpu\libc_nano.a(lib_a-localeconv.o)
 .ARM.attributes
                0x000009f0       0x34 c:/ac6/systemworkbench/plugins/fr.ac6.mcu.externaltools.arm-none.win32_1.13.2.201705091103/tools/compiler/bin/../lib/gcc/arm-none-eabi/5.4.1/../../../../arm-none-eabi/lib/armv7e-m/fpu\libc_nano.a(lib_a-mbtowc_r.o)
 .ARM.attributes
                0x00000a24       0x20 c:/ac6/systemworkbench/plugins/fr.ac6.mcu.externaltools.arm-none.win32_1.13.2.201705091103/tools/compiler/bin/../lib/gcc/arm-none-eabi/5.4.1/../../../../arm-none-eabi/lib/armv7e-m/fpu\libc_nano.a(lib_a-memchr.o)
 .ARM.attributes
                0x00000a44       0x34 c:/ac6/systemworkbench/plugins/fr.ac6.mcu.externaltools.arm-none.win32_1.13.2.201705091103/tools/compiler/bin/../lib/gcc/arm-none-eabi/5.4.1/../../../../arm-none-eabi/lib/armv7e-m/fpu\libc_nano.a(lib_a-memcpy-stub.o)
 .ARM.attributes
                0x00000a78       0x34 c:/ac6/systemworkbench/plugins/fr.ac6.mcu.externaltools.arm-none.win32_1.13.2.201705091103/tools/compiler/bin/../lib/gcc/arm-none-eabi/5.4.1/../../../../arm-none-eabi/lib/armv7e-m/fpu\libc_nano.a(lib_a-mlock.o)
 .ARM.attributes
                0x00000aac       0x34 c:/ac6/systemworkbench/plugins/fr.ac6.mcu.externaltools.arm-none.win32_1.13.2.201705091103/tools/compiler/bin/../lib/gcc/arm-none-eabi/5.4.1/../../../../arm-none-eabi/lib/armv7e-m/fpu\libc_nano.a(lib_a-mprec.o)
 .ARM.attributes
                0x00000ae0       0x34 c:/ac6/systemworkbench/plugins/fr.ac6.mcu.externaltools.arm-none.win32_1.13.2.201705091103/tools/compiler/bin/../lib/gcc/arm-none-eabi/5.4.1/../../../../arm-none-eabi/lib/armv7e-m/fpu\libc_nano.a(lib_a-nano-callocr.o)
 .ARM.attributes
                0x00000b14       0x34 c:/ac6/systemworkbench/plugins/fr.ac6.mcu.externaltools.arm-none.win32_1.13.2.201705091103/tools/compiler/bin/../lib/gcc/arm-none-eabi/5.4.1/../../../../arm-none-eabi/lib/armv7e-m/fpu\libc_nano.a(lib_a-nano-svfprintf.o)
 .ARM.attributes
                0x00000b48       0x34 c:/ac6/systemworkbench/plugins/fr.ac6.mcu.externaltools.arm-none.win32_1.13.2.201705091103/tools/compiler/bin/../lib/gcc/arm-none-eabi/5.4.1/../../../../arm-none-eabi/lib/armv7e-m/fpu\libc_nano.a(lib_a-reent.o)
 .ARM.attributes
                0x00000b7c       0x34 c:/ac6/systemworkbench/plugins/fr.ac6.mcu.externaltools.arm-none.win32_1.13.2.201705091103/tools/compiler/bin/../lib/gcc/arm-none-eabi/5.4.1/../../../../arm-none-eabi/lib/armv7e-m/fpu\libc_nano.a(lib_a-wctomb_r.o)
 .ARM.attributes
                0x00000bb0       0x34 c:/ac6/systemworkbench/plugins/fr.ac6.mcu.externaltools.arm-none.win32_1.13.2.201705091103/tools/compiler/bin/../lib/gcc/arm-none-eabi/5.4.1/../../../../arm-none-eabi/lib/armv7e-m/fpu\libc_nano.a(lib_a-ctype_.o)
 .ARM.attributes
                0x00000be4       0x34 c:/ac6/systemworkbench/plugins/fr.ac6.mcu.externaltools.arm-none.win32_1.13.2.201705091103/tools/compiler/bin/../lib/gcc/arm-none-eabi/5.4.1/../../../../arm-none-eabi/lib/armv7e-m/fpu\libc_nano.a(lib_a-memmove.o)
 .ARM.attributes
                0x00000c18       0x34 c:/ac6/systemworkbench/plugins/fr.ac6.mcu.externaltools.arm-none.win32_1.13.2.201705091103/tools/compiler/bin/../lib/gcc/arm-none-eabi/5.4.1/../../../../arm-none-eabi/lib/armv7e-m/fpu\libc_nano.a(lib_a-nano-reallocr.o)
 .ARM.attributes
                0x00000c4c       0x34 c:/ac6/systemworkbench/plugins/fr.ac6.mcu.externaltools.arm-none.win32_1.13.2.201705091103/tools/compiler/bin/../lib/gcc/arm-none-eabi/5.4.1/../../../../arm-none-eabi/lib/armv7e-m/fpu\libc_nano.a(lib_a-nano-msizer.o)
 .ARM.attributes
                0x00000c80       0x22 c:/ac6/systemworkbench/plugins/fr.ac6.mcu.externaltools.arm-none.win32_1.13.2.201705091103/tools/compiler/bin/../lib/gcc/arm-none-eabi/5.4.1/armv7e-m/fpu\libgcc.a(_arm_unorddf2.o)
 .ARM.attributes
                0x00000ca2       0x22 c:/ac6/systemworkbench/plugins/fr.ac6.mcu.externaltools.arm-none.win32_1.13.2.201705091103/tools/compiler/bin/../lib/gcc/arm-none-eabi/5.4.1/armv7e-m/fpu/crtn.o
OUTPUT(Schleifensensor.elf elf32-littlearm)

.debug_line     0x00000000     0xdc23
 .debug_line    0x00000000       0xd8 Application/SW4STM32/startup_stm32f446xx.o
 .debug_line    0x000000d8      0x9e8 Application/User/calculation.o
 .debug_line    0x00000ac0      0x932 Application/User/cmd.o
 .debug_line    0x000013f2      0x825 Application/User/led.o
 .debug_line    0x00001c17      0xb4c Application/User/main.o
 .debug_line    0x00002763      0x8da Application/User/send.o
 .debug_line    0x0000303d      0x94f Application/User/stm32f4xx_hal_msp.o
 .debug_line    0x0000398c      0x940 Application/User/stm32f4xx_it.o
 .debug_line    0x000042cc      0x5cd Application/User/syscalls.o
 .debug_line    0x00004899      0x868 Drivers/CMSIS/system_stm32f4xx.o
 .debug_line    0x00005101      0x997 Drivers/STM32F4xx_HAL_Driver/stm32f4xx_hal.o
 .debug_line    0x00005a98      0xc70 Drivers/STM32F4xx_HAL_Driver/stm32f4xx_hal_adc.o
 .debug_line    0x00006708      0xa0c Drivers/STM32F4xx_HAL_Driver/stm32f4xx_hal_cortex.o
 .debug_line    0x00007114      0xb27 Drivers/STM32F4xx_HAL_Driver/stm32f4xx_hal_dma.o
 .debug_line    0x00007c3b      0x9d9 Drivers/STM32F4xx_HAL_Driver/stm32f4xx_hal_gpio.o
 .debug_line    0x00008614      0x97f Drivers/STM32F4xx_HAL_Driver/stm32f4xx_hal_pwr_ex.o
 .debug_line    0x00008f93      0xb45 Drivers/STM32F4xx_HAL_Driver/stm32f4xx_hal_rcc.o
 .debug_line    0x00009ad8      0xdf5 Drivers/STM32F4xx_HAL_Driver/stm32f4xx_hal_rcc_ex.o
 .debug_line    0x0000a8cd     0x166b Drivers/STM32F4xx_HAL_Driver/stm32f4xx_hal_tim.o
 .debug_line    0x0000bf38      0xc06 Drivers/STM32F4xx_HAL_Driver/stm32f4xx_hal_tim_ex.o
 .debug_line    0x0000cb3e     0x10e5 Drivers/STM32F4xx_HAL_Driver/stm32f4xx_hal_uart.o

.debug_info     0x00000000    0x12735
 .debug_info    0x00000000       0xea Application/SW4STM32/startup_stm32f446xx.o
 .debug_info    0x000000ea      0xb62 Application/User/calculation.o
 .debug_info    0x00000c4c      0xa46 Application/User/cmd.o
 .debug_info    0x00001692      0x3f2 Application/User/led.o
 .debug_info    0x00001a84     0x2819 Application/User/main.o
 .debug_info    0x0000429d      0x980 Application/User/send.o
 .debug_info    0x00004c1d     0x13a3 Application/User/stm32f4xx_hal_msp.o
 .debug_info    0x00005fc0      0x823 Application/User/stm32f4xx_it.o
 .debug_info    0x000067e3      0x795 Application/User/syscalls.o
 .debug_info    0x00006f78      0x534 Drivers/CMSIS/system_stm32f4xx.o
 .debug_info    0x000074ac      0x932 Drivers/STM32F4xx_HAL_Driver/stm32f4xx_hal.o
 .debug_info    0x00007dde      0xcc2 Drivers/STM32F4xx_HAL_Driver/stm32f4xx_hal_adc.o
 .debug_info    0x00008aa0      0xe9d Drivers/STM32F4xx_HAL_Driver/stm32f4xx_hal_cortex.o
 .debug_info    0x0000993d      0xa2c Drivers/STM32F4xx_HAL_Driver/stm32f4xx_hal_dma.o
 .debug_info    0x0000a369      0x77f Drivers/STM32F4xx_HAL_Driver/stm32f4xx_hal_gpio.o
 .debug_info    0x0000aae8      0x970 Drivers/STM32F4xx_HAL_Driver/stm32f4xx_hal_pwr_ex.o
 .debug_info    0x0000b458      0xcd7 Drivers/STM32F4xx_HAL_Driver/stm32f4xx_hal_rcc.o
 .debug_info    0x0000c12f     0x1300 Drivers/STM32F4xx_HAL_Driver/stm32f4xx_hal_rcc_ex.o
 .debug_info    0x0000d42f     0x2eaa Drivers/STM32F4xx_HAL_Driver/stm32f4xx_hal_tim.o
 .debug_info    0x000102d9      0xf6f Drivers/STM32F4xx_HAL_Driver/stm32f4xx_hal_tim_ex.o
 .debug_info    0x00011248     0x14ed Drivers/STM32F4xx_HAL_Driver/stm32f4xx_hal_uart.o

.debug_abbrev   0x00000000     0x307d
 .debug_abbrev  0x00000000       0x12 Application/SW4STM32/startup_stm32f446xx.o
 .debug_abbrev  0x00000012      0x293 Application/User/calculation.o
 .debug_abbrev  0x000002a5      0x2dd Application/User/cmd.o
 .debug_abbrev  0x00000582      0x18b Application/User/led.o
 .debug_abbrev  0x0000070d      0x34c Application/User/main.o
 .debug_abbrev  0x00000a59      0x255 Application/User/send.o
 .debug_abbrev  0x00000cae      0x21d Application/User/stm32f4xx_hal_msp.o
 .debug_abbrev  0x00000ecb      0x196 Application/User/stm32f4xx_it.o
 .debug_abbrev  0x00001061      0x1df Application/User/syscalls.o
 .debug_abbrev  0x00001240      0x104 Drivers/CMSIS/system_stm32f4xx.o
 .debug_abbrev  0x00001344      0x247 Drivers/STM32F4xx_HAL_Driver/stm32f4xx_hal.o
 .debug_abbrev  0x0000158b      0x2c8 Drivers/STM32F4xx_HAL_Driver/stm32f4xx_hal_adc.o
 .debug_abbrev  0x00001853      0x332 Drivers/STM32F4xx_HAL_Driver/stm32f4xx_hal_cortex.o
 .debug_abbrev  0x00001b85      0x2e0 Drivers/STM32F4xx_HAL_Driver/stm32f4xx_hal_dma.o
 .debug_abbrev  0x00001e65      0x1cb Drivers/STM32F4xx_HAL_Driver/stm32f4xx_hal_gpio.o
 .debug_abbrev  0x00002030      0x231 Drivers/STM32F4xx_HAL_Driver/stm32f4xx_hal_pwr_ex.o
 .debug_abbrev  0x00002261      0x321 Drivers/STM32F4xx_HAL_Driver/stm32f4xx_hal_rcc.o
 .debug_abbrev  0x00002582      0x269 Drivers/STM32F4xx_HAL_Driver/stm32f4xx_hal_rcc_ex.o
 .debug_abbrev  0x000027eb      0x314 Drivers/STM32F4xx_HAL_Driver/stm32f4xx_hal_tim.o
 .debug_abbrev  0x00002aff      0x273 Drivers/STM32F4xx_HAL_Driver/stm32f4xx_hal_tim_ex.o
 .debug_abbrev  0x00002d72      0x30b Drivers/STM32F4xx_HAL_Driver/stm32f4xx_hal_uart.o

.debug_aranges  0x00000000      0xc00
 .debug_aranges
                0x00000000       0x28 Application/SW4STM32/startup_stm32f446xx.o
 .debug_aranges
                0x00000028       0x48 Application/User/calculation.o
 .debug_aranges
                0x00000070       0x50 Application/User/cmd.o
 .debug_aranges
                0x000000c0       0x20 Application/User/led.o
 .debug_aranges
                0x000000e0       0xb0 Application/User/main.o
 .debug_aranges
                0x00000190       0x38 Application/User/send.o
 .debug_aranges
                0x000001c8       0x50 Application/User/stm32f4xx_hal_msp.o
 .debug_aranges
                0x00000218       0x48 Application/User/stm32f4xx_it.o
 .debug_aranges
                0x00000260       0xb0 Application/User/syscalls.o
 .debug_aranges
                0x00000310       0x28 Drivers/CMSIS/system_stm32f4xx.o
 .debug_aranges
                0x00000338       0xb8 Drivers/STM32F4xx_HAL_Driver/stm32f4xx_hal.o
 .debug_aranges
                0x000003f0       0xb8 Drivers/STM32F4xx_HAL_Driver/stm32f4xx_hal_adc.o
 .debug_aranges
                0x000004a8       0x98 Drivers/STM32F4xx_HAL_Driver/stm32f4xx_hal_cortex.o
 .debug_aranges
                0x00000540       0x80 Drivers/STM32F4xx_HAL_Driver/stm32f4xx_hal_dma.o
 .debug_aranges
                0x000005c0       0x58 Drivers/STM32F4xx_HAL_Driver/stm32f4xx_hal_gpio.o
 .debug_aranges
                0x00000618       0x60 Drivers/STM32F4xx_HAL_Driver/stm32f4xx_hal_pwr_ex.o
 .debug_aranges
                0x00000678       0x80 Drivers/STM32F4xx_HAL_Driver/stm32f4xx_hal_rcc.o
 .debug_aranges
                0x000006f8       0x58 Drivers/STM32F4xx_HAL_Driver/stm32f4xx_hal_rcc_ex.o
 .debug_aranges
                0x00000750      0x250 Drivers/STM32F4xx_HAL_Driver/stm32f4xx_hal_tim.o
 .debug_aranges
                0x000009a0       0xf0 Drivers/STM32F4xx_HAL_Driver/stm32f4xx_hal_tim_ex.o
 .debug_aranges
                0x00000a90      0x170 Drivers/STM32F4xx_HAL_Driver/stm32f4xx_hal_uart.o

.debug_ranges   0x00000000     0x1280
 .debug_ranges  0x00000000       0x20 Application/SW4STM32/startup_stm32f446xx.o
 .debug_ranges  0x00000020       0xb8 Application/User/calculation.o
 .debug_ranges  0x000000d8       0x58 Application/User/cmd.o
 .debug_ranges  0x00000130       0x10 Application/User/led.o
 .debug_ranges  0x00000140      0x150 Application/User/main.o
 .debug_ranges  0x00000290       0x28 Application/User/send.o
 .debug_ranges  0x000002b8       0xe8 Application/User/stm32f4xx_hal_msp.o
 .debug_ranges  0x000003a0       0x38 Application/User/stm32f4xx_it.o
 .debug_ranges  0x000003d8       0xa0 Application/User/syscalls.o
 .debug_ranges  0x00000478       0x18 Drivers/CMSIS/system_stm32f4xx.o
 .debug_ranges  0x00000490       0xa8 Drivers/STM32F4xx_HAL_Driver/stm32f4xx_hal.o
 .debug_ranges  0x00000538       0xc0 Drivers/STM32F4xx_HAL_Driver/stm32f4xx_hal_adc.o
 .debug_ranges  0x000005f8      0x148 Drivers/STM32F4xx_HAL_Driver/stm32f4xx_hal_cortex.o
 .debug_ranges  0x00000740       0xa8 Drivers/STM32F4xx_HAL_Driver/stm32f4xx_hal_dma.o
 .debug_ranges  0x000007e8       0x70 Drivers/STM32F4xx_HAL_Driver/stm32f4xx_hal_gpio.o
 .debug_ranges  0x00000858       0x80 Drivers/STM32F4xx_HAL_Driver/stm32f4xx_hal_pwr_ex.o
 .debug_ranges  0x000008d8      0x150 Drivers/STM32F4xx_HAL_Driver/stm32f4xx_hal_rcc.o
 .debug_ranges  0x00000a28      0x2d0 Drivers/STM32F4xx_HAL_Driver/stm32f4xx_hal_rcc_ex.o
 .debug_ranges  0x00000cf8      0x330 Drivers/STM32F4xx_HAL_Driver/stm32f4xx_hal_tim.o
 .debug_ranges  0x00001028       0xe0 Drivers/STM32F4xx_HAL_Driver/stm32f4xx_hal_tim_ex.o
 .debug_ranges  0x00001108      0x178 Drivers/STM32F4xx_HAL_Driver/stm32f4xx_hal_uart.o

.debug_loc      0x00000000     0x88b3
 .debug_loc     0x00000000      0x3ba Application/User/calculation.o
 .debug_loc     0x000003ba      0x1fa Application/User/cmd.o
 .debug_loc     0x000005b4      0x103 Application/User/led.o
 .debug_loc     0x000006b7      0x13b Application/User/main.o
 .debug_loc     0x000007f2      0x251 Application/User/send.o
 .debug_loc     0x00000a43      0x18f Application/User/stm32f4xx_hal_msp.o
 .debug_loc     0x00000bd2      0x41f Application/User/syscalls.o
 .debug_loc     0x00000ff1       0xd7 Drivers/CMSIS/system_stm32f4xx.o
 .debug_loc     0x000010c8       0x92 Drivers/STM32F4xx_HAL_Driver/stm32f4xx_hal.o
 .debug_loc     0x0000115a      0x771 Drivers/STM32F4xx_HAL_Driver/stm32f4xx_hal_adc.o
 .debug_loc     0x000018cb      0x4ab Drivers/STM32F4xx_HAL_Driver/stm32f4xx_hal_cortex.o
 .debug_loc     0x00001d76      0x757 Drivers/STM32F4xx_HAL_Driver/stm32f4xx_hal_dma.o
 .debug_loc     0x000024cd      0x374 Drivers/STM32F4xx_HAL_Driver/stm32f4xx_hal_gpio.o
 .debug_loc     0x00002841      0x261 Drivers/STM32F4xx_HAL_Driver/stm32f4xx_hal_pwr_ex.o
 .debug_loc     0x00002aa2      0x485 Drivers/STM32F4xx_HAL_Driver/stm32f4xx_hal_rcc.o
 .debug_loc     0x00002f27      0xcdd Drivers/STM32F4xx_HAL_Driver/stm32f4xx_hal_rcc_ex.o
 .debug_loc     0x00003c04     0x3146 Drivers/STM32F4xx_HAL_Driver/stm32f4xx_hal_tim.o
 .debug_loc     0x00006d4a      0x7b9 Drivers/STM32F4xx_HAL_Driver/stm32f4xx_hal_tim_ex.o
 .debug_loc     0x00007503     0x13b0 Drivers/STM32F4xx_HAL_Driver/stm32f4xx_hal_uart.o

.debug_macro    0x00000000    0x249d6
 .debug_macro   0x00000000      0x39e Application/User/calculation.o
 .debug_macro   0x0000039e      0x89e Application/User/calculation.o
 .debug_macro   0x00000c3c       0x82 Application/User/calculation.o
 .debug_macro   0x00000cbe      0x185 Application/User/calculation.o
 .debug_macro   0x00000e43       0x33 Application/User/calculation.o
 .debug_macro   0x00000e76       0x28 Application/User/calculation.o
 .debug_macro   0x00000e9e       0x22 Application/User/calculation.o
 .debug_macro   0x00000ec0       0x87 Application/User/calculation.o
 .debug_macro   0x00000f47       0x44 Application/User/calculation.o
 .debug_macro   0x00000f8b       0xfd Application/User/calculation.o
 .debug_macro   0x00001088       0x5e Application/User/calculation.o
 .debug_macro   0x000010e6      0x1df Application/User/calculation.o
 .debug_macro   0x000012c5       0x35 Application/User/calculation.o
 .debug_macro   0x000012fa       0x50 Application/User/calculation.o
 .debug_macro   0x0000134a      0xe66 Application/User/calculation.o
 .debug_macro   0x000021b0    0x1661c Application/User/calculation.o
 .debug_macro   0x000187cc       0x43 Application/User/calculation.o
 .debug_macro   0x0001880f     0x347f Application/User/calculation.o
 .debug_macro   0x0001bc8e       0x52 Application/User/calculation.o
 .debug_macro   0x0001bce0       0x35 Application/User/calculation.o
 .debug_macro   0x0001bd15       0x9c Application/User/calculation.o
 .debug_macro   0x0001bdb1       0x16 Application/User/calculation.o
 .debug_macro   0x0001bdc7       0x97 Application/User/calculation.o
 .debug_macro   0x0001be5e      0x30d Application/User/calculation.o
 .debug_macro   0x0001c16b       0xfd Application/User/calculation.o
 .debug_macro   0x0001c268       0x10 Application/User/calculation.o
 .debug_macro   0x0001c278       0x52 Application/User/calculation.o
 .debug_macro   0x0001c2ca       0x1f Application/User/calculation.o
 .debug_macro   0x0001c2e9       0x43 Application/User/calculation.o
 .debug_macro   0x0001c32c       0x20 Application/User/calculation.o
 .debug_macro   0x0001c34c      0x187 Application/User/calculation.o
 .debug_macro   0x0001c4d3       0x10 Application/User/calculation.o
 .debug_macro   0x0001c4e3       0x1c Application/User/calculation.o
 .debug_macro   0x0001c4ff       0x52 Application/User/calculation.o
 .debug_macro   0x0001c551       0x40 Application/User/calculation.o
 .debug_macro   0x0001c591       0x10 Application/User/calculation.o
 .debug_macro   0x0001c5a1       0x40 Application/User/calculation.o
 .debug_macro   0x0001c5e1       0xd7 Application/User/calculation.o
 .debug_macro   0x0001c6b8       0x16 Application/User/calculation.o
 .debug_macro   0x0001c6ce      0x18b Application/User/calculation.o
 .debug_macro   0x0001c859       0x50 Application/User/calculation.o
 .debug_macro   0x0001c8a9      0xc9e Application/User/calculation.o
 .debug_macro   0x0001d547      0x9e1 Application/User/calculation.o
 .debug_macro   0x0001df28      0x11e Application/User/calculation.o
 .debug_macro   0x0001e046      0x1a0 Application/User/calculation.o
 .debug_macro   0x0001e1e6       0x27 Application/User/calculation.o
 .debug_macro   0x0001e20d      0x287 Application/User/calculation.o
 .debug_macro   0x0001e494       0x5f Application/User/calculation.o
 .debug_macro   0x0001e4f3      0x23a Application/User/calculation.o
 .debug_macro   0x0001e72d      0x391 Application/User/calculation.o
 .debug_macro   0x0001eabe      0x176 Application/User/calculation.o
 .debug_macro   0x0001ec34       0xf9 Application/User/calculation.o
 .debug_macro   0x0001ed2d      0x13a Application/User/calculation.o
 .debug_macro   0x0001ee67      0x29c Application/User/calculation.o
 .debug_macro   0x0001f103       0x2e Application/User/calculation.o
 .debug_macro   0x0001f131      0x11e Application/User/calculation.o
 .debug_macro   0x0001f24f       0xe8 Application/User/calculation.o
 .debug_macro   0x0001f337       0x89 Application/User/calculation.o
 .debug_macro   0x0001f3c0      0x6d9 Application/User/calculation.o
 .debug_macro   0x0001fa99       0x62 Application/User/calculation.o
 .debug_macro   0x0001fafb      0x14d Application/User/calculation.o
 .debug_macro   0x0001fc48      0x287 Application/User/calculation.o
 .debug_macro   0x0001fecf      0x11e Application/User/calculation.o
 .debug_macro   0x0001ffed       0x22 Application/User/calculation.o
 .debug_macro   0x0002000f       0x16 Application/User/calculation.o
 .debug_macro   0x00020025       0x35 Application/User/calculation.o
 .debug_macro   0x0002005a       0x16 Application/User/calculation.o
 .debug_macro   0x00020070       0x29 Application/User/calculation.o
 .debug_macro   0x00020099       0x16 Application/User/calculation.o
 .debug_macro   0x000200af      0x1e1 Application/User/calculation.o
 .debug_macro   0x00020290      0x380 Application/User/cmd.o
 .debug_macro   0x00020610       0x4c Application/User/cmd.o
 .debug_macro   0x0002065c       0x8d Application/User/cmd.o
 .debug_macro   0x000206e9      0x10e Application/User/cmd.o
 .debug_macro   0x000207f7       0x8d Application/User/cmd.o
 .debug_macro   0x00020884       0x4a Application/User/cmd.o
 .debug_macro   0x000208ce       0x1c Application/User/cmd.o
 .debug_macro   0x000208ea      0x330 Application/User/led.o
 .debug_macro   0x00020c1a      0x399 Application/User/main.o
 .debug_macro   0x00020fb3       0x10 Application/User/main.o
 .debug_macro   0x00020fc3      0x37f Application/User/send.o
 .debug_macro   0x00021342      0x327 Application/User/stm32f4xx_hal_msp.o
 .debug_macro   0x00021669      0x331 Application/User/stm32f4xx_it.o
 .debug_macro   0x0002199a      0x22b Application/User/syscalls.o
 .debug_macro   0x00021bc5      0x174 Application/User/syscalls.o
 .debug_macro   0x00021d39       0x10 Application/User/syscalls.o
 .debug_macro   0x00021d49       0x10 Application/User/syscalls.o
 .debug_macro   0x00021d59       0x10 Application/User/syscalls.o
 .debug_macro   0x00021d69       0x35 Application/User/syscalls.o
 .debug_macro   0x00021d9e      0x122 Application/User/syscalls.o
 .debug_macro   0x00021ec0       0x10 Application/User/syscalls.o
 .debug_macro   0x00021ed0      0x241 Application/User/syscalls.o
 .debug_macro   0x00022111       0x10 Application/User/syscalls.o
 .debug_macro   0x00022121      0x159 Application/User/syscalls.o
 .debug_macro   0x0002227a       0x16 Application/User/syscalls.o
 .debug_macro   0x00022290       0x88 Application/User/syscalls.o
 .debug_macro   0x00022318      0x32d Drivers/CMSIS/system_stm32f4xx.o
 .debug_macro   0x00022645      0x387 Drivers/STM32F4xx_HAL_Driver/stm32f4xx_hal.o
 .debug_macro   0x000229cc      0x328 Drivers/STM32F4xx_HAL_Driver/stm32f4xx_hal_adc.o
 .debug_macro   0x00022cf4      0x327 Drivers/STM32F4xx_HAL_Driver/stm32f4xx_hal_cortex.o
 .debug_macro   0x0002301b      0x32e Drivers/STM32F4xx_HAL_Driver/stm32f4xx_hal_dma.o
 .debug_macro   0x00023349      0x35f Drivers/STM32F4xx_HAL_Driver/stm32f4xx_hal_gpio.o
 .debug_macro   0x000236a8      0x33f Drivers/STM32F4xx_HAL_Driver/stm32f4xx_hal_pwr_ex.o
 .debug_macro   0x000239e7      0x351 Drivers/STM32F4xx_HAL_Driver/stm32f4xx_hal_rcc.o
 .debug_macro   0x00023d38      0x327 Drivers/STM32F4xx_HAL_Driver/stm32f4xx_hal_rcc_ex.o
 .debug_macro   0x0002405f      0x328 Drivers/STM32F4xx_HAL_Driver/stm32f4xx_hal_tim.o
 .debug_macro   0x00024387      0x327 Drivers/STM32F4xx_HAL_Driver/stm32f4xx_hal_tim_ex.o
 .debug_macro   0x000246ae      0x328 Drivers/STM32F4xx_HAL_Driver/stm32f4xx_hal_uart.o

.debug_str      0x00000000    0xcf380
 .debug_str     0x00000000    0xca2d6 Application/User/calculation.o
                              0xca5eb (size before relaxing)
 .debug_str     0x000ca2d6      0x14a Application/User/cmd.o
                              0xc9c29 (size before relaxing)
 .debug_str     0x000ca420      0x11c Application/User/led.o
                              0xc9852 (size before relaxing)
 .debug_str     0x000ca53c     0x1038 Application/User/main.o
                              0xcaea4 (size before relaxing)
 .debug_str     0x000cb574       0xcb Application/User/send.o
                              0xc9d66 (size before relaxing)
 .debug_str     0x000cb63f      0x12f Application/User/stm32f4xx_hal_msp.o
                              0xca55e (size before relaxing)
 .debug_str     0x000cb76e      0x13d Application/User/stm32f4xx_it.o
                              0xc9bb9 (size before relaxing)
 .debug_str     0x000cb8ab     0x10db Application/User/syscalls.o
                               0x77b4 (size before relaxing)
 .debug_str     0x000cc986      0x136 Drivers/CMSIS/system_stm32f4xx.o
                              0xc9815 (size before relaxing)
 .debug_str     0x000ccabc      0x557 Drivers/STM32F4xx_HAL_Driver/stm32f4xx_hal.o
                              0xca2d0 (size before relaxing)