Archive member included to satisfy reference by file (symbol)

c:/ac6/systemworkbench/plugins/fr.ac6.mcu.externaltools.arm-none.win32_1.7.0.201602121829/tools/compiler/bin/../lib/gcc/arm-none-eabi/5.2.1/armv7e-m/fpu\libgcc.a(_arm_addsubdf3.o)
                              Application/User/send.o (__aeabi_f2d)
c:/ac6/systemworkbench/plugins/fr.ac6.mcu.externaltools.arm-none.win32_1.7.0.201602121829/tools/compiler/bin/../lib/gcc/arm-none-eabi/5.2.1/armv7e-m/fpu\libgcc.a(_arm_truncdfsf2.o)
                              Application/User/cmd.o (__aeabi_d2f)
c:/ac6/systemworkbench/plugins/fr.ac6.mcu.externaltools.arm-none.win32_1.7.0.201602121829/tools/compiler/bin/../lib/gcc/arm-none-eabi/5.2.1/../../../../arm-none-eabi/lib/armv7e-m/fpu\libc_nano.a(lib_a-atof.o)
                              Application/User/cmd.o (atof)
c:/ac6/systemworkbench/plugins/fr.ac6.mcu.externaltools.arm-none.win32_1.7.0.201602121829/tools/compiler/bin/../lib/gcc/arm-none-eabi/5.2.1/../../../../arm-none-eabi/lib/armv7e-m/fpu\libc_nano.a(lib_a-errno.o)
                              Application/User/syscalls.o (__errno)
c:/ac6/systemworkbench/plugins/fr.ac6.mcu.externaltools.arm-none.win32_1.7.0.201602121829/tools/compiler/bin/../lib/gcc/arm-none-eabi/5.2.1/../../../../arm-none-eabi/lib/armv7e-m/fpu\libc_nano.a(lib_a-exit.o)
                              c:/ac6/systemworkbench/plugins/fr.ac6.mcu.externaltools.arm-none.win32_1.7.0.201602121829/tools/compiler/bin/../lib/gcc/arm-none-eabi/5.2.1/../../../../arm-none-eabi/lib/armv7e-m/fpu/crt0.o (exit)
c:/ac6/systemworkbench/plugins/fr.ac6.mcu.externaltools.arm-none.win32_1.7.0.201602121829/tools/compiler/bin/../lib/gcc/arm-none-eabi/5.2.1/../../../../arm-none-eabi/lib/armv7e-m/fpu\libc_nano.a(lib_a-impure.o)
                              c:/ac6/systemworkbench/plugins/fr.ac6.mcu.externaltools.arm-none.win32_1.7.0.201602121829/tools/compiler/bin/../lib/gcc/arm-none-eabi/5.2.1/../../../../arm-none-eabi/lib/armv7e-m/fpu\libc_nano.a(lib_a-exit.o) (_global_impure_ptr)
c:/ac6/systemworkbench/plugins/fr.ac6.mcu.externaltools.arm-none.win32_1.7.0.201602121829/tools/compiler/bin/../lib/gcc/arm-none-eabi/5.2.1/../../../../arm-none-eabi/lib/armv7e-m/fpu\libc_nano.a(lib_a-init.o)
                              c:/ac6/systemworkbench/plugins/fr.ac6.mcu.externaltools.arm-none.win32_1.7.0.201602121829/tools/compiler/bin/../lib/gcc/arm-none-eabi/5.2.1/../../../../arm-none-eabi/lib/armv7e-m/fpu/crt0.o (__libc_init_array)
c:/ac6/systemworkbench/plugins/fr.ac6.mcu.externaltools.arm-none.win32_1.7.0.201602121829/tools/compiler/bin/../lib/gcc/arm-none-eabi/5.2.1/../../../../arm-none-eabi/lib/armv7e-m/fpu\libc_nano.a(lib_a-malloc.o)
                              Application/User/cmd.o (malloc)
c:/ac6/systemworkbench/plugins/fr.ac6.mcu.externaltools.arm-none.win32_1.7.0.201602121829/tools/compiler/bin/../lib/gcc/arm-none-eabi/5.2.1/../../../../arm-none-eabi/lib/armv7e-m/fpu\libc_nano.a(lib_a-memset.o)
                              c:/ac6/systemworkbench/plugins/fr.ac6.mcu.externaltools.arm-none.win32_1.7.0.201602121829/tools/compiler/bin/../lib/gcc/arm-none-eabi/5.2.1/../../../../arm-none-eabi/lib/armv7e-m/fpu/crt0.o (memset)
c:/ac6/systemworkbench/plugins/fr.ac6.mcu.externaltools.arm-none.win32_1.7.0.201602121829/tools/compiler/bin/../lib/gcc/arm-none-eabi/5.2.1/../../../../arm-none-eabi/lib/armv7e-m/fpu\libc_nano.a(lib_a-nano-freer.o)
                              c:/ac6/systemworkbench/plugins/fr.ac6.mcu.externaltools.arm-none.win32_1.7.0.201602121829/tools/compiler/bin/../lib/gcc/arm-none-eabi/5.2.1/../../../../arm-none-eabi/lib/armv7e-m/fpu\libc_nano.a(lib_a-malloc.o) (_free_r)
c:/ac6/systemworkbench/plugins/fr.ac6.mcu.externaltools.arm-none.win32_1.7.0.201602121829/tools/compiler/bin/../lib/gcc/arm-none-eabi/5.2.1/../../../../arm-none-eabi/lib/armv7e-m/fpu\libc_nano.a(lib_a-nano-mallocr.o)
                              c:/ac6/systemworkbench/plugins/fr.ac6.mcu.externaltools.arm-none.win32_1.7.0.201602121829/tools/compiler/bin/../lib/gcc/arm-none-eabi/5.2.1/../../../../arm-none-eabi/lib/armv7e-m/fpu\libc_nano.a(lib_a-malloc.o) (_malloc_r)
c:/ac6/systemworkbench/plugins/fr.ac6.mcu.externaltools.arm-none.win32_1.7.0.201602121829/tools/compiler/bin/../lib/gcc/arm-none-eabi/5.2.1/../../../../arm-none-eabi/lib/armv7e-m/fpu\libc_nano.a(lib_a-nano-vfprintf_float.o)
                              (_printf_float)
c:/ac6/systemworkbench/plugins/fr.ac6.mcu.externaltools.arm-none.win32_1.7.0.201602121829/tools/compiler/bin/../lib/gcc/arm-none-eabi/5.2.1/../../../../arm-none-eabi/lib/armv7e-m/fpu\libc_nano.a(lib_a-nano-vfprintf_i.o)
                              c:/ac6/systemworkbench/plugins/fr.ac6.mcu.externaltools.arm-none.win32_1.7.0.201602121829/tools/compiler/bin/../lib/gcc/arm-none-eabi/5.2.1/../../../../arm-none-eabi/lib/armv7e-m/fpu\libc_nano.a(lib_a-nano-vfprintf_float.o) (_printf_common)
[...]
Memory Configuration

Name             Origin             Length             Attributes
RAM              0x20000000         0x00020000         xrw
FLASH            0x08000000         0x00080000         xr
*default*        0x00000000         0xffffffff

Linker script and memory map

LOAD c:/ac6/systemworkbench/plugins/fr.ac6.mcu.externaltools.arm-none.win32_1.7.0.201602121829/tools/compiler/bin/../lib/gcc/arm-none-eabi/5.2.1/armv7e-m/fpu/crti.o
LOAD c:/ac6/systemworkbench/plugins/fr.ac6.mcu.externaltools.arm-none.win32_1.7.0.201602121829/tools/compiler/bin/../lib/gcc/arm-none-eabi/5.2.1/armv7e-m/fpu/crtbegin.o
LOAD c:/ac6/systemworkbench/plugins/fr.ac6.mcu.externaltools.arm-none.win32_1.7.0.201602121829/tools/compiler/bin/../lib/gcc/arm-none-eabi/5.2.1/../../../../arm-none-eabi/lib/armv7e-m/fpu/crt0.o
LOAD c:/ac6/systemworkbench/plugins/fr.ac6.mcu.externaltools.arm-none.win32_1.7.0.201602121829/tools/compiler/bin/../lib/gcc/arm-none-eabi/5.2.1/../../../../arm-none-eabi/lib/armv7e-m/fpu\libm.a
LOAD Application/SW4STM32/startup_stm32f446xx.o
LOAD Application/User/calculation.o
LOAD Application/User/cmd.o
LOAD Application/User/led.o
LOAD Application/User/main.o
LOAD Application/User/send.o
LOAD Application/User/stm32f4xx_hal_msp.o
LOAD Application/User/stm32f4xx_it.o
LOAD Application/User/syscalls.o
LOAD Drivers/CMSIS/system_stm32f4xx.o
LOAD Drivers/STM32F4xx_HAL_Driver/stm32f4xx_hal.o
LOAD Drivers/STM32F4xx_HAL_Driver/stm32f4xx_hal_adc.o
LOAD Drivers/STM32F4xx_HAL_Driver/stm32f4xx_hal_adc_ex.o
LOAD Drivers/STM32F4xx_HAL_Driver/stm32f4xx_hal_cortex.o
LOAD Drivers/STM32F4xx_HAL_Driver/stm32f4xx_hal_dma.o
LOAD Drivers/STM32F4xx_HAL_Driver/stm32f4xx_hal_dma_ex.o
LOAD Drivers/STM32F4xx_HAL_Driver/stm32f4xx_hal_flash.o
LOAD Drivers/STM32F4xx_HAL_Driver/stm32f4xx_hal_flash_ex.o
LOAD Drivers/STM32F4xx_HAL_Driver/stm32f4xx_hal_flash_ramfunc.o
LOAD Drivers/STM32F4xx_HAL_Driver/stm32f4xx_hal_gpio.o
LOAD Drivers/STM32F4xx_HAL_Driver/stm32f4xx_hal_pwr.o
LOAD Drivers/STM32F4xx_HAL_Driver/stm32f4xx_hal_pwr_ex.o
LOAD Drivers/STM32F4xx_HAL_Driver/stm32f4xx_hal_rcc.o
LOAD Drivers/STM32F4xx_HAL_Driver/stm32f4xx_hal_rcc_ex.o
LOAD Drivers/STM32F4xx_HAL_Driver/stm32f4xx_hal_tim.o
LOAD Drivers/STM32F4xx_HAL_Driver/stm32f4xx_hal_tim_ex.o
LOAD Drivers/STM32F4xx_HAL_Driver/stm32f4xx_hal_uart.o
START GROUP
LOAD c:/ac6/systemworkbench/plugins/fr.ac6.mcu.externaltools.arm-none.win32_1.7.0.201602121829/tools/compiler/bin/../lib/gcc/arm-none-eabi/5.2.1/armv7e-m/fpu\libgcc.a
LOAD c:/ac6/systemworkbench/plugins/fr.ac6.mcu.externaltools.arm-none.win32_1.7.0.201602121829/tools/compiler/bin/../lib/gcc/arm-none-eabi/5.2.1/../../../../arm-none-eabi/lib/armv7e-m/fpu\libc_nano.a
END GROUP
START GROUP
LOAD c:/ac6/systemworkbench/plugins/fr.ac6.mcu.externaltools.arm-none.win32_1.7.0.201602121829/tools/compiler/bin/../lib/gcc/arm-none-eabi/5.2.1/armv7e-m/fpu\libgcc.a
LOAD c:/ac6/systemworkbench/plugins/fr.ac6.mcu.externaltools.arm-none.win32_1.7.0.201602121829/tools/compiler/bin/../lib/gcc/arm-none-eabi/5.2.1/../../../../arm-none-eabi/lib/armv7e-m/fpu\libc_nano.a
LOAD c:/ac6/systemworkbench/plugins/fr.ac6.mcu.externaltools.arm-none.win32_1.7.0.201602121829/tools/compiler/bin/../lib/gcc/arm-none-eabi/5.2.1/../../../../arm-none-eabi/lib/armv7e-m/fpu\libnosys.a
END GROUP
START GROUP
LOAD c:/ac6/systemworkbench/plugins/fr.ac6.mcu.externaltools.arm-none.win32_1.7.0.201602121829/tools/compiler/bin/../lib/gcc/arm-none-eabi/5.2.1/armv7e-m/fpu\libgcc.a
LOAD c:/ac6/systemworkbench/plugins/fr.ac6.mcu.externaltools.arm-none.win32_1.7.0.201602121829/tools/compiler/bin/../lib/gcc/arm-none-eabi/5.2.1/../../../../arm-none-eabi/lib/armv7e-m/fpu\libc_nano.a
LOAD c:/ac6/systemworkbench/plugins/fr.ac6.mcu.externaltools.arm-none.win32_1.7.0.201602121829/tools/compiler/bin/../lib/gcc/arm-none-eabi/5.2.1/../../../../arm-none-eabi/lib/armv7e-m/fpu\libnosys.a
END GROUP
LOAD c:/ac6/systemworkbench/plugins/fr.ac6.mcu.externaltools.arm-none.win32_1.7.0.201602121829/tools/compiler/bin/../lib/gcc/arm-none-eabi/5.2.1/armv7e-m/fpu/crtend.o
LOAD c:/ac6/systemworkbench/plugins/fr.ac6.mcu.externaltools.arm-none.win32_1.7.0.201602121829/tools/compiler/bin/../lib/gcc/arm-none-eabi/5.2.1/armv7e-m/fpu/crtn.o
                0x20020000                _estack = 0x20020000
                0x00000200                _Min_Heap_Size = 0x200
                0x00000400                _Min_Stack_Size = 0x400

.isr_vector     0x08000000      0x1c4
                0x08000000                . = ALIGN (0x4)
 *(.isr_vector)
 .isr_vector    0x08000000      0x1c4 Application/SW4STM32/startup_stm32f446xx.o
                0x08000000                g_pfnVectors
                0x080001c4                . = ALIGN (0x4)

.text           0x080001d0     0x5c64
                0x080001d0                . = ALIGN (0x4)
 *(.text)
 .text          0x080001d0       0xa4 c:/ac6/systemworkbench/plugins/fr.ac6.mcu.externaltools.arm-none.win32_1.7.0.201602121829/tools/compiler/bin/../lib/gcc/arm-none-eabi/5.2.1/armv7e-m/fpu/crtbegin.o
 .text          0x08000274      0x370 c:/ac6/systemworkbench/plugins/fr.ac6.mcu.externaltools.arm-none.win32_1.7.0.201602121829/tools/compiler/bin/../lib/gcc/arm-none-eabi/5.2.1/armv7e-m/fpu\libgcc.a(_arm_addsubdf3.o)
                0x08000274                __aeabi_drsub
                0x0800027c                __aeabi_dsub
                0x0800027c                __subdf3
                0x08000280                __aeabi_dadd
                0x08000280                __adddf3
                0x080004f8                __floatunsidf
                0x080004f8                __aeabi_ui2d
                0x08000518                __floatsidf
                0x08000518                __aeabi_i2d
                0x0800053c                __aeabi_f2d
                0x0800053c                __extendsfdf2
                0x08000578                __floatundidf
                0x08000578                __aeabi_ul2d
                0x08000588                __floatdidf
                0x08000588                __aeabi_l2d
 .text          0x080005e4       0x14 c:/ac6/systemworkbench/plugins/fr.ac6.mcu.externaltools.arm-none.win32_1.7.0.201602121829/tools/compiler/bin/../lib/gcc/arm-none-eabi/5.2.1/../../../../arm-none-eabi/lib/armv7e-m/fpu\libc_nano.a(lib_a-strcmp.o)
                0x080005e4                strcmp
 .text          0x080005f8       0x10 c:/ac6/systemworkbench/plugins/fr.ac6.mcu.externaltools.arm-none.win32_1.7.0.201602121829/tools/compiler/bin/../lib/gcc/arm-none-eabi/5.2.1/../../../../arm-none-eabi/lib/armv7e-m/fpu\libc_nano.a(lib_a-strlen.o)
                0x080005f8                strlen
 *fill*         0x08000608        0x8 
 .text          0x08000610       0xa0 c:/ac6/systemworkbench/plugins/fr.ac6.mcu.externaltools.arm-none.win32_1.7.0.201602121829/tools/compiler/bin/../lib/gcc/arm-none-eabi/5.2.1/../../../../arm-none-eabi/lib/armv7e-m/fpu\libc_nano.a(lib_a-memchr.o)
                0x08000610                memchr
 .text          0x080006b0      0x424 c:/ac6/systemworkbench/plugins/fr.ac6.mcu.externaltools.arm-none.win32_1.7.0.201602121829/tools/compiler/bin/../lib/gcc/arm-none-eabi/5.2.1/armv7e-m/fpu\libgcc.a(_arm_muldivdf3.o)
                0x080006b0                __aeabi_dmul
                0x080006b0                __muldf3
                0x08000904                __divdf3
                0x08000904                __aeabi_ddiv
 .text          0x08000ad4      0x110 c:/ac6/systemworkbench/plugins/fr.ac6.mcu.externaltools.arm-none.win32_1.7.0.201602121829/tools/compiler/bin/../lib/gcc/arm-none-eabi/5.2.1/armv7e-m/fpu\libgcc.a(_arm_cmpdf2.o)
                0x08000ad4                __gtdf2
                0x08000ad4                __gedf2
                0x08000adc                __ltdf2
                0x08000adc                __ledf2
                0x08000ae4                __nedf2
                0x08000ae4                __eqdf2
                0x08000ae4                __cmpdf2
                0x08000b60                __aeabi_cdrcmple
                0x08000b70                __aeabi_cdcmpeq
                0x08000b70                __aeabi_cdcmple
                0x08000b80                __aeabi_dcmpeq
                0x08000b94                __aeabi_dcmplt
                0x08000ba8                __aeabi_dcmple
                0x08000bbc                __aeabi_dcmpge
                0x08000bd0                __aeabi_dcmpgt
 .text          0x08000be4       0x50 c:/ac6/systemworkbench/plugins/fr.ac6.mcu.externaltools.arm-none.win32_1.7.0.201602121829/tools/compiler/bin/../lib/gcc/arm-none-eabi/5.2.1/armv7e-m/fpu\libgcc.a(_arm_fixdfsi.o)
                0x08000be4                __aeabi_d2iz
                0x08000be4                __fixdfsi
 *(.text*)
 .text.Reset_Handler
                0x08000c34       0x50 Application/SW4STM32/startup_stm32f446xx.o
                0x08000c34                Reset_Handler
 .text.Default_Handler
                0x08000c84        0x2 Application/SW4STM32/startup_stm32f446xx.o
                0x08000c84                RTC_Alarm_IRQHandler
                0x08000c84                EXTI2_IRQHandler
                0x08000c84                TIM8_CC_IRQHandler
                0x08000c84                DebugMon_Handler
                0x08000c84                SPI4_IRQHandler
                0x08000c84                TIM1_CC_IRQHandler
                0x08000c84                DMA2_Stream5_IRQHandler
                0x08000c84                HardFault_Handler
                0x08000c84                PVD_IRQHandler
                0x08000c84                SDIO_IRQHandler
                0x08000c84                TAMP_STAMP_IRQHandler
                0x08000c84                PendSV_Handler
                0x08000c84                NMI_Handler
                0x08000c84                CAN2_RX1_IRQHandler
                0x08000c84                EXTI3_IRQHandler
                0x08000c84                TIM8_TRG_COM_TIM14_IRQHandler
                0x08000c84                TIM1_UP_TIM10_IRQHandler
                0x08000c84                TIM8_UP_TIM13_IRQHandler
                0x08000c84                I2C3_ER_IRQHandler
                0x08000c84                FMPI2C1_Event_IRQHandler
                0x08000c84                EXTI0_IRQHandler
                0x08000c84                I2C2_EV_IRQHandler
                0x08000c84                DMA1_Stream2_IRQHandler
                0x08000c84                CAN1_RX0_IRQHandler
                0x08000c84                FPU_IRQHandler
                0x08000c84                OTG_HS_WKUP_IRQHandler
                0x08000c84                UsageFault_Handler
                0x08000c84                CAN2_SCE_IRQHandler
                0x08000c84                SPI1_IRQHandler
                0x08000c84                TIM6_DAC_IRQHandler
                0x08000c84                TIM1_BRK_TIM9_IRQHandler
                0x08000c84                DCMI_IRQHandler
                0x08000c84                CAN2_RX0_IRQHandler
                0x08000c84                DMA2_Stream3_IRQHandler
                0x08000c84                SAI2_IRQHandler
                0x08000c84                USART6_IRQHandler
                0x08000c84                USART3_IRQHandler
                0x08000c84                CAN1_RX1_IRQHandler
                0x08000c84                UART5_IRQHandler
                0x08000c84                TIM4_IRQHandler
                0x08000c84                QUADSPI_IRQHandler
                0x08000c84                I2C1_EV_IRQHandler
                0x08000c84                DMA1_Stream6_IRQHandler
                0x08000c84                DMA1_Stream1_IRQHandler
                0x08000c84                UART4_IRQHandler
                0x08000c84                TIM3_IRQHandler
                0x08000c84                RCC_IRQHandler
                0x08000c84                TIM8_BRK_TIM12_IRQHandler
                0x08000c84                Default_Handler
                0x08000c84                CEC_IRQHandler
                0x08000c84                EXTI15_10_IRQHandler
                0x08000c84                ADC_IRQHandler
                0x08000c84                DMA1_Stream7_IRQHandler
                0x08000c84                TIM7_IRQHandler
                0x08000c84                CAN2_TX_IRQHandler
                0x08000c84                TIM5_IRQHandler
                0x08000c84                DMA2_Stream7_IRQHandler
                0x08000c84                I2C3_EV_IRQHandler
                0x08000c84                EXTI9_5_IRQHandler
                0x08000c84                RTC_WKUP_IRQHandler
                0x08000c84                SPDIF_RX_IRQHandler
                0x08000c84                SPI2_IRQHandler
                0x08000c84                OTG_HS_EP1_IN_IRQHandler
                0x08000c84                MemManage_Handler
                0x08000c84                DMA1_Stream0_IRQHandler
                0x08000c84                CAN1_TX_IRQHandler
                0x08000c84                SVC_Handler
                0x08000c84                EXTI4_IRQHandler
                0x08000c84                OTG_HS_EP1_OUT_IRQHandler
                0x08000c84                WWDG_IRQHandler
                0x08000c84                OTG_FS_WKUP_IRQHandler
                0x08000c84                TIM1_TRG_COM_TIM11_IRQHandler
                0x08000c84                OTG_HS_IRQHandler
                0x08000c84                EXTI1_IRQHandler
                0x08000c84                USART2_IRQHandler
                0x08000c84                I2C2_ER_IRQHandler
                0x08000c84                CAN1_SCE_IRQHandler
                0x08000c84                FLASH_IRQHandler
                0x08000c84                DMA2_Stream4_IRQHandler
                0x08000c84                BusFault_Handler
                0x08000c84                USART1_IRQHandler
                0x08000c84                OTG_FS_IRQHandler
                0x08000c84                SPI3_IRQHandler
                0x08000c84                DMA1_Stream4_IRQHandler
                0x08000c84                I2C1_ER_IRQHandler
                0x08000c84                FMC_IRQHandler
                0x08000c84                DMA2_Stream6_IRQHandler
                0x08000c84                SAI1_IRQHandler
                0x08000c84                DMA1_Stream3_IRQHandler
                0x08000c84                FMPI2C1_Error_IRQHandler
 *fill*         0x08000c86        0x2 
 .text.cal_init
                0x08000c88       0x2c Application/User/calculation.o
                0x08000c88                cal_init
 .text.cal_offset
                0x08000cb4       0x3a Application/User/calculation.o
                0x08000cb4                cal_offset
 *fill*         0x08000cee        0x2 
 .text.cal_convolve
                0x08000cf0      0x1c8 Application/User/calculation.o
                0x08000cf0                cal_convolve
 .text.cal_printSignal
                0x08000eb8       0xb8 Application/User/calculation.o
                0x08000eb8                cal_printSignal
 .text.cal_printADCSignal
                0x08000f70       0x84 Application/User/calculation.o
                0x08000f70                cal_printADCSignal
 .text.cal_printOffset
                0x08000ff4       0x38 Application/User/calculation.o
                0x08000ff4                cal_printOffset
 .text.print2   0x0800102c       0x20 Application/User/cmd.o
                0x0800102c                print2
 .text.cmd_parse
                0x0800104c       0x70 Application/User/cmd.o
                0x0800104c                cmd_parse
 .text.HAL_UART_RxCpltCallback
                0x080010bc       0xa4 Application/User/cmd.o
                0x080010bc                HAL_UART_RxCpltCallback
 .text.cmdInit  0x08001160       0x20 Application/User/cmd.o
                0x08001160                cmdInit
 .text.cmdAdd   0x08001180       0x44 Application/User/cmd.o
                0x08001180                cmdAdd
 .text.ledSetState
                0x080011c4       0x9c Application/User/led.o
                0x080011c4                ledSetState
 .text.cmd_showSignalL
                0x08001260        0xc Application/User/main.o
                0x08001260                cmd_showSignalL
 .text.cmd_showSignalR
                0x0800126c        0xc Application/User/main.o
                0x0800126c                cmd_showSignalR
 .text.cmd_showSignalB
                0x08001278        0xc Application/User/main.o
                0x08001278                cmd_showSignalB
 .text.cmd_showADCSignalL
                0x08001284        0xc Application/User/main.o
                0x08001284                cmd_showADCSignalL
 .text.cmd_showADCSignalR
                0x08001290        0xc Application/User/main.o
                0x08001290                cmd_showADCSignalR
 .text.cmd_showADCSignalB
                0x0800129c        0xc Application/User/main.o
                0x0800129c                cmd_showADCSignalB
 .text.cmd_showADCSignalLRaw
                0x080012a8        0xc Application/User/main.o
                0x080012a8                cmd_showADCSignalLRaw
 .text.cmd_showADCSignalRRaw
                0x080012b4        0xc Application/User/main.o
                0x080012b4                cmd_showADCSignalRRaw
 .text.cmd_showADCSignalBRaw
                0x080012c0        0xc Application/User/main.o
                0x080012c0                cmd_showADCSignalBRaw
 .text.cmd_showValuesSendToDue
                0x080012cc        0xc Application/User/main.o
                0x080012cc                cmd_showValuesSendToDue
 .text.cmd_showOffset
                0x080012d8        0xc Application/User/main.o
                0x080012d8                cmd_showOffset
 .text.cmd_showLoopTime
                0x080012e4        0xc Application/User/main.o
                0x080012e4                cmd_showLoopTime
 .text.cmd_hideValues
                0x080012f0       0x24 Application/User/main.o
                0x080012f0                cmd_hideValues
 .text.cmd_help
                0x08001314       0x18 Application/User/main.o
                0x08001314                cmd_help
 .text.SystemClock_Config
                0x0800132c       0xb4 Application/User/main.o
                0x0800132c                SystemClock_Config
 .text.startup.main
                0x080013e0      0x660 Application/User/main.o
                0x080013e0                main
 .text.FreeMem  0x08001a40       0x36 Application/User/main.o
                0x08001a40                FreeMem
 *fill*         0x08001a76        0x2 
 .text.cmd_showFreeMem
                0x08001a78       0x3c Application/User/main.o
                0x08001a78                cmd_showFreeMem
 .text.Error_Handler
                0x08001ab4        0x2 Application/User/main.o
                0x08001ab4                Error_Handler
 *fill*         0x08001ab6        0x2 
 .text.print3   0x08001ab8       0x20 Application/User/send.o
                0x08001ab8                print3
 .text.scaleMagnetude
                0x08001ad8       0x34 Application/User/send.o
                0x08001ad8                scaleMagnetude
 .text.scaleMagnetudeBackCoil
                0x08001b0c       0x34 Application/User/send.o
                0x08001b0c                scaleMagnetudeBackCoil
 .text.sendToMaster
                0x08001b40       0xfc Application/User/send.o
                0x08001b40                sendToMaster
 .text.HAL_MspInit
                0x08001c3c       0x60 Application/User/stm32f4xx_hal_msp.o
                0x08001c3c                HAL_MspInit
 .text.HAL_ADC_MspInit
                0x08001c9c      0x150 Application/User/stm32f4xx_hal_msp.o
                0x08001c9c                HAL_ADC_MspInit
 .text.HAL_TIM_Base_MspInit
                0x08001dec       0x38 Application/User/stm32f4xx_hal_msp.o
                0x08001dec                HAL_TIM_Base_MspInit
 .text.HAL_UART_MspInit
                0x08001e24       0xec Application/User/stm32f4xx_hal_msp.o
                0x08001e24                HAL_UART_MspInit
 .text.SysTick_Handler
                0x08001f10        0xe Application/User/stm32f4xx_it.o
                0x08001f10                SysTick_Handler
 *fill*         0x08001f1e        0x2 
 .text.DMA1_Stream5_IRQHandler
                0x08001f20        0xc Application/User/stm32f4xx_it.o
                0x08001f20                DMA1_Stream5_IRQHandler
 .text.TIM2_IRQHandler
                0x08001f2c       0x20 Application/User/stm32f4xx_it.o
                0x08001f2c                TIM2_IRQHandler
 .text.DMA2_Stream0_IRQHandler
                0x08001f4c       0xac Application/User/stm32f4xx_it.o
                0x08001f4c                DMA2_Stream0_IRQHandler
 .text.DMA2_Stream1_IRQHandler
                0x08001ff8       0xac Application/User/stm32f4xx_it.o
                0x08001ff8                DMA2_Stream1_IRQHandler
 .text.DMA2_Stream2_IRQHandler
                0x080020a4       0xac Application/User/stm32f4xx_it.o
                0x080020a4                DMA2_Stream2_IRQHandler
 .text._sbrk    0x08002150       0x34 Application/User/syscalls.o
                0x08002150                _sbrk
 .text.SystemInit
                0x08002184       0x4c Drivers/CMSIS/system_stm32f4xx.o
                0x08002184                SystemInit
 .text.HAL_InitTick
                0x080021d0       0x28 Drivers/STM32F4xx_HAL_Driver/stm32f4xx_hal.o
                0x080021d0                HAL_InitTick
 .text.HAL_Init
                0x080021f8       0x34 Drivers/STM32F4xx_HAL_Driver/stm32f4xx_hal.o
                0x080021f8                HAL_Init
 .text.HAL_IncTick
                0x0800222c       0x10 Drivers/STM32F4xx_HAL_Driver/stm32f4xx_hal.o
                0x0800222c                HAL_IncTick
 .text.HAL_GetTick
                0x0800223c        0xc Drivers/STM32F4xx_HAL_Driver/stm32f4xx_hal.o
                0x0800223c                HAL_GetTick
 .text.HAL_Delay
                0x08002248       0x1a Drivers/STM32F4xx_HAL_Driver/stm32f4xx_hal.o
                0x08002248                HAL_Delay
 *fill*         0x08002262        0x2 
 .text.HAL_ADC_Init
                0x08002264      0x154 Drivers/STM32F4xx_HAL_Driver/stm32f4xx_hal_adc.o
                0x08002264                HAL_ADC_Init
 .text.HAL_ADC_Start_DMA
                0x080023b8      0x100 Drivers/STM32F4xx_HAL_Driver/stm32f4xx_hal_adc.o
                0x080023b8                HAL_ADC_Start_DMA
 .text.HAL_ADC_Stop_DMA
                0x080024b8       0x5a Drivers/STM32F4xx_HAL_Driver/stm32f4xx_hal_adc.o
                0x080024b8                HAL_ADC_Stop_DMA
 .text.HAL_ADC_ConvCpltCallback
                0x08002512        0x2 Drivers/STM32F4xx_HAL_Driver/stm32f4xx_hal_adc.o
                0x08002512                HAL_ADC_ConvCpltCallback
 .text.ADC_DMAConvCplt
                0x08002514       0x60 Drivers/STM32F4xx_HAL_Driver/stm32f4xx_hal_adc.o
 .text.HAL_ADC_ConvHalfCpltCallback
                0x08002574        0x2 Drivers/STM32F4xx_HAL_Driver/stm32f4xx_hal_adc.o
                0x08002574                HAL_ADC_ConvHalfCpltCallback
 .text.ADC_DMAHalfConvCplt
                0x08002576        0xa Drivers/STM32F4xx_HAL_Driver/stm32f4xx_hal_adc.o
 .text.HAL_ADC_ErrorCallback
                0x08002580        0x2 Drivers/STM32F4xx_HAL_Driver/stm32f4xx_hal_adc.o
                0x08002580                HAL_ADC_ErrorCallback
 .text.ADC_DMAError
                0x08002582       0x16 Drivers/STM32F4xx_HAL_Driver/stm32f4xx_hal_adc.o
 .text.HAL_ADC_ConfigChannel
                0x08002598      0x134 Drivers/STM32F4xx_HAL_Driver/stm32f4xx_hal_adc.o
                0x08002598                HAL_ADC_ConfigChannel
 .text.HAL_NVIC_SetPriorityGrouping
                0x080026cc       0x24 Drivers/STM32F4xx_HAL_Driver/stm32f4xx_hal_cortex.o
                0x080026cc                HAL_NVIC_SetPriorityGrouping
 .text.HAL_NVIC_SetPriority
                0x080026f0       0x68 Drivers/STM32F4xx_HAL_Driver/stm32f4xx_hal_cortex.o
                0x080026f0                HAL_NVIC_SetPriority
 .text.HAL_NVIC_EnableIRQ
                0x08002758       0x18 Drivers/STM32F4xx_HAL_Driver/stm32f4xx_hal_cortex.o
                0x08002758                HAL_NVIC_EnableIRQ
 .text.HAL_SYSTICK_Config
                0x08002770       0x2c Drivers/STM32F4xx_HAL_Driver/stm32f4xx_hal_cortex.o
                0x08002770                HAL_SYSTICK_Config
 .text.HAL_SYSTICK_CLKSourceConfig
                0x0800279c       0x18 Drivers/STM32F4xx_HAL_Driver/stm32f4xx_hal_cortex.o
                0x0800279c                HAL_SYSTICK_CLKSourceConfig
 .text.HAL_SYSTICK_Callback
                0x080027b4        0x2 Drivers/STM32F4xx_HAL_Driver/stm32f4xx_hal_cortex.o
                0x080027b4                HAL_SYSTICK_Callback
 .text.HAL_SYSTICK_IRQHandler
                0x080027b6        0x8 Drivers/STM32F4xx_HAL_Driver/stm32f4xx_hal_cortex.o
                0x080027b6                HAL_SYSTICK_IRQHandler
 *fill*         0x080027be        0x2 
 .text.DMA_CalcBaseAndBitshift
                0x080027c0       0x2c Drivers/STM32F4xx_HAL_Driver/stm32f4xx_hal_dma.o
 .text.HAL_DMA_Init
                0x080027ec       0xec Drivers/STM32F4xx_HAL_Driver/stm32f4xx_hal_dma.o
                0x080027ec                HAL_DMA_Init
 .text.HAL_DMA_Start_IT
                0x080028d8       0x80 Drivers/STM32F4xx_HAL_Driver/stm32f4xx_hal_dma.o
                0x080028d8                HAL_DMA_Start_IT
 .text.HAL_DMA_Abort
                0x08002958       0x86 Drivers/STM32F4xx_HAL_Driver/stm32f4xx_hal_dma.o
                0x08002958                HAL_DMA_Abort
 *fill*         0x080029de        0x2 
 .text.HAL_DMA_IRQHandler
                0x080029e0      0x17c Drivers/STM32F4xx_HAL_Driver/stm32f4xx_hal_dma.o
                0x080029e0                HAL_DMA_IRQHandler
 .text.HAL_GPIO_Init
                0x08002b5c      0x1b4 Drivers/STM32F4xx_HAL_Driver/stm32f4xx_hal_gpio.o
                0x08002b5c                HAL_GPIO_Init
 .text.HAL_GPIO_WritePin
                0x08002d10        0x8 Drivers/STM32F4xx_HAL_Driver/stm32f4xx_hal_gpio.o
                0x08002d10                HAL_GPIO_WritePin
 .text.HAL_GPIO_TogglePin
                0x08002d18        0x8 Drivers/STM32F4xx_HAL_Driver/stm32f4xx_hal_gpio.o
                0x08002d18                HAL_GPIO_TogglePin
 .text.HAL_PWREx_EnableOverDrive
                0x08002d20       0x98 Drivers/STM32F4xx_HAL_Driver/stm32f4xx_hal_pwr_ex.o
                0x08002d20                HAL_PWREx_EnableOverDrive
 .text.HAL_RCC_ClockConfig
                0x08002db8      0x168 Drivers/STM32F4xx_HAL_Driver/stm32f4xx_hal_rcc.o
                0x08002db8                HAL_RCC_ClockConfig
 .text.HAL_RCC_GetHCLKFreq
                0x08002f20        0xc Drivers/STM32F4xx_HAL_Driver/stm32f4xx_hal_rcc.o
                0x08002f20                HAL_RCC_GetHCLKFreq
 .text.HAL_RCC_GetPCLK1Freq
                0x08002f2c       0x30 Drivers/STM32F4xx_HAL_Driver/stm32f4xx_hal_rcc.o
                0x08002f2c                HAL_RCC_GetPCLK1Freq
 .text.HAL_RCC_GetPCLK2Freq
                0x08002f5c       0x30 Drivers/STM32F4xx_HAL_Driver/stm32f4xx_hal_rcc.o
                0x08002f5c                HAL_RCC_GetPCLK2Freq
 .text.HAL_RCC_OscConfig
                0x08002f8c      0x358 Drivers/STM32F4xx_HAL_Driver/stm32f4xx_hal_rcc_ex.o
                0x08002f8c                HAL_RCC_OscConfig
 .text.HAL_RCC_GetSysClockFreq
                0x080032e4       0xd0 Drivers/STM32F4xx_HAL_Driver/stm32f4xx_hal_rcc_ex.o
                0x080032e4                HAL_RCC_GetSysClockFreq
 .text.HAL_TIM_Base_Start
                0x080033b4       0x1a Drivers/STM32F4xx_HAL_Driver/stm32f4xx_hal_tim.o
                0x080033b4                HAL_TIM_Base_Start
 .text.HAL_TIM_ConfigClockSource
                0x080033ce      0x174 Drivers/STM32F4xx_HAL_Driver/stm32f4xx_hal_tim.o
                0x080033ce                HAL_TIM_ConfigClockSource
 .text.HAL_TIM_PeriodElapsedCallback
                0x08003542        0x2 Drivers/STM32F4xx_HAL_Driver/stm32f4xx_hal_tim.o
                0x08003542                HAL_TIM_PeriodElapsedCallback
 .text.HAL_TIM_OC_DelayElapsedCallback
                0x08003544        0x2 Drivers/STM32F4xx_HAL_Driver/stm32f4xx_hal_tim.o
                0x08003544                HAL_TIM_OC_DelayElapsedCallback
 .text.HAL_TIM_IC_CaptureCallback
                0x08003546        0x2 Drivers/STM32F4xx_HAL_Driver/stm32f4xx_hal_tim.o
                0x08003546                HAL_TIM_IC_CaptureCallback
 .text.HAL_TIM_PWM_PulseFinishedCallback
                0x08003548        0x2 Drivers/STM32F4xx_HAL_Driver/stm32f4xx_hal_tim.o
                0x08003548                HAL_TIM_PWM_PulseFinishedCallback
 .text.HAL_TIM_TriggerCallback
                0x0800354a        0x2 Drivers/STM32F4xx_HAL_Driver/stm32f4xx_hal_tim.o
                0x0800354a                HAL_TIM_TriggerCallback
 .text.HAL_TIM_IRQHandler
                0x0800354c      0x144 Drivers/STM32F4xx_HAL_Driver/stm32f4xx_hal_tim.o
                0x0800354c                HAL_TIM_IRQHandler
 .text.TIM_Base_SetConfig
                0x08003690       0xc8 Drivers/STM32F4xx_HAL_Driver/stm32f4xx_hal_tim.o
                0x08003690                TIM_Base_SetConfig
 .text.HAL_TIM_Base_Init
                0x08003758       0x34 Drivers/STM32F4xx_HAL_Driver/stm32f4xx_hal_tim.o
                0x08003758                HAL_TIM_Base_Init
 .text.HAL_TIMEx_MasterConfigSynchronization
                0x0800378c       0x44 Drivers/STM32F4xx_HAL_Driver/stm32f4xx_hal_tim_ex.o
                0x0800378c                HAL_TIMEx_MasterConfigSynchronization
 .text.HAL_TIMEx_CommutationCallback
                0x080037d0        0x2 Drivers/STM32F4xx_HAL_Driver/stm32f4xx_hal_tim_ex.o
                0x080037d0                HAL_TIMEx_CommutationCallback
 .text.HAL_TIMEx_BreakCallback
                0x080037d2        0x2 Drivers/STM32F4xx_HAL_Driver/stm32f4xx_hal_tim_ex.o
                0x080037d2                HAL_TIMEx_BreakCallback
 .text.UART_EndRxTransfer
                0x080037d4       0x1a Drivers/STM32F4xx_HAL_Driver/stm32f4xx_hal_uart.o
 *fill*         0x080037ee        0x2 
 .text.UART_SetConfig
                0x080037f0      0x23c Drivers/STM32F4xx_HAL_Driver/stm32f4xx_hal_uart.o
 .text.UART_WaitOnFlagUntilTimeout.constprop.3
                0x08003a2c       0x50 Drivers/STM32F4xx_HAL_Driver/stm32f4xx_hal_uart.o
 .text.HAL_UART_Init
                0x08003a7c       0x5c Drivers/STM32F4xx_HAL_Driver/stm32f4xx_hal_uart.o
                0x08003a7c                HAL_UART_Init
 .text.HAL_UART_Transmit
                0x08003ad8       0xbc Drivers/STM32F4xx_HAL_Driver/stm32f4xx_hal_uart.o
                0x08003ad8                HAL_UART_Transmit
 .text.HAL_UART_Receive_DMA
                0x08003b94       0x80 Drivers/STM32F4xx_HAL_Driver/stm32f4xx_hal_uart.o
                0x08003b94                HAL_UART_Receive_DMA
 .text.UART_DMAReceiveCplt
                0x08003c14       0x38 Drivers/STM32F4xx_HAL_Driver/stm32f4xx_hal_uart.o
 .text.HAL_UART_RxHalfCpltCallback
                0x08003c4c        0x2 Drivers/STM32F4xx_HAL_Driver/stm32f4xx_hal_uart.o
                0x08003c4c                HAL_UART_RxHalfCpltCallback
 .text.UART_DMARxHalfCplt
                0x08003c4e        0xa Drivers/STM32F4xx_HAL_Driver/stm32f4xx_hal_uart.o
 .text.HAL_UART_ErrorCallback
                0x08003c58        0x2 Drivers/STM32F4xx_HAL_Driver/stm32f4xx_hal_uart.o
                0x08003c58                HAL_UART_ErrorCallback
 .text.UART_DMAError
                0x08003c5a       0x4e Drivers/STM32F4xx_HAL_Driver/stm32f4xx_hal_uart.o
 .text.__errno  0x08003ca8        0xc c:/ac6/systemworkbench/plugins/fr.ac6.mcu.externaltools.arm-none.win32_1.7.0.201602121829/tools/compiler/bin/../lib/gcc/arm-none-eabi/5.2.1/../../../../arm-none-eabi/lib/armv7e-m/fpu\libc_nano.a(lib_a-errno.o)
                0x08003ca8                __errno
 .text.__libc_init_array
                0x08003cb4       0x4c c:/ac6/systemworkbench/plugins/fr.ac6.mcu.externaltools.arm-none.win32_1.7.0.201602121829/tools/compiler/bin/../lib/gcc/arm-none-eabi/5.2.1/../../../../arm-none-eabi/lib/armv7e-m/fpu\libc_nano.a(lib_a-init.o)
                0x08003cb4                __libc_init_array
 .text.malloc   0x08003d00       0x10 c:/ac6/systemworkbench/plugins/fr.ac6.mcu.externaltools.arm-none.win32_1.7.0.201602121829/tools/compiler/bin/../lib/gcc/arm-none-eabi/5.2.1/../../../../arm-none-eabi/lib/armv7e-m/fpu\libc_nano.a(lib_a-malloc.o)
                0x08003d00                malloc
 .text.free     0x08003d10       0x10 c:/ac6/systemworkbench/plugins/fr.ac6.mcu.externaltools.arm-none.win32_1.7.0.201602121829/tools/compiler/bin/../lib/gcc/arm-none-eabi/5.2.1/../../../../arm-none-eabi/lib/armv7e-m/fpu\libc_nano.a(lib_a-malloc.o)
                0x08003d10                free
 .text.memset   0x08003d20       0x10 c:/ac6/systemworkbench/plugins/fr.ac6.mcu.externaltools.arm-none.win32_1.7.0.201602121829/tools/compiler/bin/../lib/gcc/arm-none-eabi/5.2.1/../../../../arm-none-eabi/lib/armv7e-m/fpu\libc_nano.a(lib_a-memset.o)
                0x08003d20                memset
 .text._free_r  0x08003d30       0x8c c:/ac6/systemworkbench/plugins/fr.ac6.mcu.externaltools.arm-none.win32_1.7.0.201602121829/tools/compiler/bin/../lib/gcc/arm-none-eabi/5.2.1/../../../../arm-none-eabi/lib/armv7e-m/fpu\libc_nano.a(lib_a-nano-freer.o)
                0x08003d30                _free_r
 .text._malloc_r
                0x08003dbc       0xa8 c:/ac6/systemworkbench/plugins/fr.ac6.mcu.externaltools.arm-none.win32_1.7.0.201602121829/tools/compiler/bin/../lib/gcc/arm-none-eabi/5.2.1/../../../../arm-none-eabi/lib/armv7e-m/fpu\libc_nano.a(lib_a-nano-mallocr.o)
                0x08003dbc                _malloc_r
 .text.__cvt    0x08003e64       0xc8 c:/ac6/systemworkbench/plugins/fr.ac6.mcu.externaltools.arm-none.win32_1.7.0.201602121829/tools/compiler/bin/../lib/gcc/arm-none-eabi/5.2.1/../../../../arm-none-eabi/lib/armv7e-m/fpu\libc_nano.a(lib_a-nano-vfprintf_float.o)
                0x08003e64                __cvt
 .text.__exponent
                0x08003f2c       0x60 c:/ac6/systemworkbench/plugins/fr.ac6.mcu.externaltools.arm-none.win32_1.7.0.201602121829/tools/compiler/bin/../lib/gcc/arm-none-eabi/5.2.1/../../../../arm-none-eabi/lib/armv7e-m/fpu\libc_nano.a(lib_a-nano-vfprintf_float.o)
                0x08003f2c                __exponent
 .text._printf_float
                0x08003f8c      0x454 c:/ac6/systemworkbench/plugins/fr.ac6.mcu.externaltools.arm-none.win32_1.7.0.201602121829/tools/compiler/bin/../lib/gcc/arm-none-eabi/5.2.1/../../../../arm-none-eabi/lib/armv7e-m/fpu\libc_nano.a(lib_a-nano-vfprintf_float.o)
                0x08003f8c                _printf_float
 .text._printf_common
                0x080043e0       0xec c:/ac6/systemworkbench/plugins/fr.ac6.mcu.externaltools.arm-none.win32_1.7.0.201602121829/tools/compiler/bin/../lib/gcc/arm-none-eabi/5.2.1/../../../../arm-none-eabi/lib/armv7e-m/fpu\libc_nano.a(lib_a-nano-vfprintf_i.o)
                0x080043e0                _printf_common
 .text._printf_i
                0x080044cc      0x24c c:/ac6/systemworkbench/plugins/fr.ac6.mcu.externaltools.arm-none.win32_1.7.0.201602121829/tools/compiler/bin/../lib/gcc/arm-none-eabi/5.2.1/../../../../arm-none-eabi/lib/armv7e-m/fpu\libc_nano.a(lib_a-nano-vfprintf_i.o)
                0x080044cc                _printf_i
 .text.__fpclassifyd
                0x08004718       0x58 c:/ac6/systemworkbench/plugins/fr.ac6.mcu.externaltools.arm-none.win32_1.7.0.201602121829/tools/compiler/bin/../lib/gcc/arm-none-eabi/5.2.1/../../../../arm-none-eabi/lib/armv7e-m/fpu\libc_nano.a(lib_a-s_fpclassify.o)
                0x08004718                __fpclassifyd
 .text._sbrk_r  0x08004770       0x20 c:/ac6/systemworkbench/plugins/fr.ac6.mcu.externaltools.arm-none.win32_1.7.0.201602121829/tools/compiler/bin/../lib/gcc/arm-none-eabi/5.2.1/../../../../arm-none-eabi/lib/armv7e-m/fpu\libc_nano.a(lib_a-sbrkr.o)
                0x08004770                _sbrk_r
 .text.sprintf  0x08004790       0x48 c:/ac6/systemworkbench/plugins/fr.ac6.mcu.externaltools.arm-none.win32_1.7.0.201602121829/tools/compiler/bin/../lib/gcc/arm-none-eabi/5.2.1/../../../../arm-none-eabi/lib/armv7e-m/fpu\libc_nano.a(lib_a-sprintf.o)
                0x08004790                siprintf
                0x08004790                sprintf
 .text.strcpy   0x080047d8       0x10 c:/ac6/systemworkbench/plugins/fr.ac6.mcu.externaltools.arm-none.win32_1.7.0.201602121829/tools/compiler/bin/../lib/gcc/arm-none-eabi/5.2.1/../../../../arm-none-eabi/lib/armv7e-m/fpu\libc_nano.a(lib_a-strcpy.o)
                0x080047d8                strcpy
 .text.strtok   0x080047e8       0x64 c:/ac6/systemworkbench/plugins/fr.ac6.mcu.externaltools.arm-none.win32_1.7.0.201602121829/tools/compiler/bin/../lib/gcc/arm-none-eabi/5.2.1/../../../../arm-none-eabi/lib/armv7e-m/fpu\libc_nano.a(lib_a-strtok.o)
                0x080047e8                strtok
 .text.__strtok_r
                0x0800484c       0x56 c:/ac6/systemworkbench/plugins/fr.ac6.mcu.externaltools.arm-none.win32_1.7.0.201602121829/tools/compiler/bin/../lib/gcc/arm-none-eabi/5.2.1/../../../../arm-none-eabi/lib/armv7e-m/fpu\libc_nano.a(lib_a-strtok_r.o)
                0x0800484c                __strtok_r
 .text.quorem   0x080048a2      0x11e c:/ac6/systemworkbench/plugins/fr.ac6.mcu.externaltools.arm-none.win32_1.7.0.201602121829/tools/compiler/bin/../lib/gcc/arm-none-eabi/5.2.1/../../../../arm-none-eabi/lib/armv7e-m/fpu\libc_nano.a(lib_a-dtoa.o)
 .text._dtoa_r  0x080049c0      0xb40 c:/ac6/systemworkbench/plugins/fr.ac6.mcu.externaltools.arm-none.win32_1.7.0.201602121829/tools/compiler/bin/../lib/gcc/arm-none-eabi/5.2.1/../../../../arm-none-eabi/lib/armv7e-m/fpu\libc_nano.a(lib_a-dtoa.o)
                0x080049c0                _dtoa_r
 .text._localeconv_r
                0x08005500        0x8 c:/ac6/systemworkbench/plugins/fr.ac6.mcu.externaltools.arm-none.win32_1.7.0.201602121829/tools/compiler/bin/../lib/gcc/arm-none-eabi/5.2.1/../../../../arm-none-eabi/lib/armv7e-m/fpu\libc_nano.a(lib_a-locale.o)
                0x08005500                _localeconv_r
 .text.memcpy   0x08005508       0x16 c:/ac6/systemworkbench/plugins/fr.ac6.mcu.externaltools.arm-none.win32_1.7.0.201602121829/tools/compiler/bin/../lib/gcc/arm-none-eabi/5.2.1/../../../../arm-none-eabi/lib/armv7e-m/fpu\libc_nano.a(lib_a-memcpy-stub.o)
                0x08005508                memcpy
 .text._Balloc  0x0800551e       0x6a c:/ac6/systemworkbench/plugins/fr.ac6.mcu.externaltools.arm-none.win32_1.7.0.201602121829/tools/compiler/bin/../lib/gcc/arm-none-eabi/5.2.1/../../../../arm-none-eabi/lib/armv7e-m/fpu\libc_nano.a(lib_a-mprec.o)
                0x0800551e                _Balloc
 .text._Bfree   0x08005588       0x2e c:/ac6/systemworkbench/plugins/fr.ac6.mcu.externaltools.arm-none.win32_1.7.0.201602121829/tools/compiler/bin/../lib/gcc/arm-none-eabi/5.2.1/../../../../arm-none-eabi/lib/armv7e-m/fpu\libc_nano.a(lib_a-mprec.o)
                0x08005588                _Bfree
 .text.__multadd
                0x080055b6       0x76 c:/ac6/systemworkbench/plugins/fr.ac6.mcu.externaltools.arm-none.win32_1.7.0.201602121829/tools/compiler/bin/../lib/gcc/arm-none-eabi/5.2.1/../../../../arm-none-eabi/lib/armv7e-m/fpu\libc_nano.a(lib_a-mprec.o)
                0x080055b6                __multadd
 .text.__hi0bits
                0x0800562c       0x40 c:/ac6/systemworkbench/plugins/fr.ac6.mcu.externaltools.arm-none.win32_1.7.0.201602121829/tools/compiler/bin/../lib/gcc/arm-none-eabi/5.2.1/../../../../arm-none-eabi/lib/armv7e-m/fpu\libc_nano.a(lib_a-mprec.o)
                0x0800562c                __hi0bits
 .text.__lo0bits
                0x0800566c       0x5a c:/ac6/systemworkbench/plugins/fr.ac6.mcu.externaltools.arm-none.win32_1.7.0.201602121829/tools/compiler/bin/../lib/gcc/arm-none-eabi/5.2.1/../../../../arm-none-eabi/lib/armv7e-m/fpu\libc_nano.a(lib_a-mprec.o)
                0x0800566c                __lo0bits
 .text.__i2b    0x080056c6       0x12 c:/ac6/systemworkbench/plugins/fr.ac6.mcu.externaltools.arm-none.win32_1.7.0.201602121829/tools/compiler/bin/../lib/gcc/arm-none-eabi/5.2.1/../../../../arm-none-eabi/lib/armv7e-m/fpu\libc_nano.a(lib_a-mprec.o)
                0x080056c6                __i2b
 .text.__multiply
                0x080056d8      0x122 c:/ac6/systemworkbench/plugins/fr.ac6.mcu.externaltools.arm-none.win32_1.7.0.201602121829/tools/compiler/bin/../lib/gcc/arm-none-eabi/5.2.1/../../../../arm-none-eabi/lib/armv7e-m/fpu\libc_nano.a(lib_a-mprec.o)
                0x080056d8                __multiply
 *fill*         0x080057fa        0x2 
 .text.__pow5mult
                0x080057fc       0x9c c:/ac6/systemworkbench/plugins/fr.ac6.mcu.externaltools.arm-none.win32_1.7.0.201602121829/tools/compiler/bin/../lib/gcc/arm-none-eabi/5.2.1/../../../../arm-none-eabi/lib/armv7e-m/fpu\libc_nano.a(lib_a-mprec.o)
                0x080057fc                __pow5mult
 .text.__lshift
                0x08005898       0xa2 c:/ac6/systemworkbench/plugins/fr.ac6.mcu.externaltools.arm-none.win32_1.7.0.201602121829/tools/compiler/bin/../lib/gcc/arm-none-eabi/5.2.1/../../../../arm-none-eabi/lib/armv7e-m/fpu\libc_nano.a(lib_a-mprec.o)
                0x08005898                __lshift
 .text.__mcmp   0x0800593a       0x38 c:/ac6/systemworkbench/plugins/fr.ac6.mcu.externaltools.arm-none.win32_1.7.0.201602121829/tools/compiler/bin/../lib/gcc/arm-none-eabi/5.2.1/../../../../arm-none-eabi/lib/armv7e-m/fpu\libc_nano.a(lib_a-mprec.o)
                0x0800593a                __mcmp
 .text.__mdiff  0x08005972       0xbe c:/ac6/systemworkbench/plugins/fr.ac6.mcu.externaltools.arm-none.win32_1.7.0.201602121829/tools/compiler/bin/../lib/gcc/arm-none-eabi/5.2.1/../../../../arm-none-eabi/lib/armv7e-m/fpu\libc_nano.a(lib_a-mprec.o)
                0x08005972                __mdiff
 .text.__d2b    0x08005a30       0x9c c:/ac6/systemworkbench/plugins/fr.ac6.mcu.externaltools.arm-none.win32_1.7.0.201602121829/tools/compiler/bin/../lib/gcc/arm-none-eabi/5.2.1/../../../../arm-none-eabi/lib/armv7e-m/fpu\libc_nano.a(lib_a-mprec.o)
                0x08005a30                __d2b
 .text._calloc_r
                0x08005acc       0x1c c:/ac6/systemworkbench/plugins/fr.ac6.mcu.externaltools.arm-none.win32_1.7.0.201602121829/tools/compiler/bin/../lib/gcc/arm-none-eabi/5.2.1/../../../../arm-none-eabi/lib/armv7e-m/fpu\libc_nano.a(lib_a-nano-callocr.o)
                0x08005acc                _calloc_r
 .text.__ssputs_r
                0x08005ae8       0xb2 c:/ac6/systemworkbench/plugins/fr.ac6.mcu.externaltools.arm-none.win32_1.7.0.201602121829/tools/compiler/bin/../lib/gcc/arm-none-eabi/5.2.1/../../../../arm-none-eabi/lib/armv7e-m/fpu\libc_nano.a(lib_a-nano-svfprintf.o)
                0x08005ae8                __ssputs_r
 *fill*         0x08005b9a        0x2 
 .text._svfprintf_r
                0x08005b9c      0x1e8 c:/ac6/systemworkbench/plugins/fr.ac6.mcu.externaltools.arm-none.win32_1.7.0.201602121829/tools/compiler/bin/../lib/gcc/arm-none-eabi/5.2.1/../../../../arm-none-eabi/lib/armv7e-m/fpu\libc_nano.a(lib_a-nano-svfprintf.o)
                0x08005b9c                _svfiprintf_r
                0x08005b9c                _svfprintf_r
 .text.memmove  0x08005d84       0x36 c:/ac6/systemworkbench/plugins/fr.ac6.mcu.externaltools.arm-none.win32_1.7.0.201602121829/tools/compiler/bin/../lib/gcc/arm-none-eabi/5.2.1/../../../../arm-none-eabi/lib/armv7e-m/fpu\libc_nano.a(lib_a-memmove.o)
                0x08005d84                memmove
 .text._realloc_r
                0x08005dba       0x4c c:/ac6/systemworkbench/plugins/fr.ac6.mcu.externaltools.arm-none.win32_1.7.0.201602121829/tools/compiler/bin/../lib/gcc/arm-none-eabi/5.2.1/../../../../arm-none-eabi/lib/armv7e-m/fpu\libc_nano.a(lib_a-nano-reallocr.o)
                0x08005dba                _realloc_r
 .text._malloc_usable_size_r
                0x08005e06       0x14 c:/ac6/systemworkbench/plugins/fr.ac6.mcu.externaltools.arm-none.win32_1.7.0.201602121829/tools/compiler/bin/../lib/gcc/arm-none-eabi/5.2.1/../../../../arm-none-eabi/lib/armv7e-m/fpu\libc_nano.a(lib_a-nano-msizer.o)
                0x08005e06                _malloc_usable_size_r
 *(.glue_7)
 .glue_7        0x08005e1a        0x0 linker stubs
 *(.glue_7t)
 .glue_7t       0x08005e1a        0x0 linker stubs
 *(.eh_frame)
 *fill*         0x08005e1a        0x2 
 .eh_frame      0x08005e1c        0x0 c:/ac6/systemworkbench/plugins/fr.ac6.mcu.externaltools.arm-none.win32_1.7.0.201602121829/tools/compiler/bin/../lib/gcc/arm-none-eabi/5.2.1/armv7e-m/fpu/crtbegin.o
 *(.init)
 .init          0x08005e1c        0x4 c:/ac6/systemworkbench/plugins/fr.ac6.mcu.externaltools.arm-none.win32_1.7.0.201602121829/tools/compiler/bin/../lib/gcc/arm-none-eabi/5.2.1/armv7e-m/fpu/crti.o
                0x08005e1c                _init
 .init          0x08005e20        0x8 c:/ac6/systemworkbench/plugins/fr.ac6.mcu.externaltools.arm-none.win32_1.7.0.201602121829/tools/compiler/bin/../lib/gcc/arm-none-eabi/5.2.1/armv7e-m/fpu/crtn.o
 *(.fini)
 .fini          0x08005e28        0x4 c:/ac6/systemworkbench/plugins/fr.ac6.mcu.externaltools.arm-none.win32_1.7.0.201602121829/tools/compiler/bin/../lib/gcc/arm-none-eabi/5.2.1/armv7e-m/fpu/crti.o
                0x08005e28                _fini
 .fini          0x08005e2c        0x8 c:/ac6/systemworkbench/plugins/fr.ac6.mcu.externaltools.arm-none.win32_1.7.0.201602121829/tools/compiler/bin/../lib/gcc/arm-none-eabi/5.2.1/armv7e-m/fpu/crtn.o
                0x08005e34                . = ALIGN (0x4)
                0x08005e34                _etext = .

.vfp11_veneer   0x08005e34        0x0
 .vfp11_veneer  0x08005e34        0x0 linker stubs

.v4_bx          0x08005e34        0x0
 .v4_bx         0x08005e34        0x0 linker stubs

.iplt           0x08005e34        0x0
 .iplt          0x08005e34        0x0 c:/ac6/systemworkbench/plugins/fr.ac6.mcu.externaltools.arm-none.win32_1.7.0.201602121829/tools/compiler/bin/../lib/gcc/arm-none-eabi/5.2.1/armv7e-m/fpu/crtbegin.o

.rodata         0x08005e38      0x658
                0x08005e38                . = ALIGN (0x4)
 *(.rodata)
 .rodata        0x08005e38      0x1e0 Application/User/calculation.o
                0x08005e38                sendersignal
 .rodata        0x08006018       0x1f Application/User/cmd.o
                0x08006018                cmd_unrecog
 .rodata        0x08006037      0x219 Application/User/main.o
                0x08006037                cmd_help_string
 .rodata        0x08006250        0x8 Drivers/STM32F4xx_HAL_Driver/stm32f4xx_hal_dma.o
 .rodata        0x08006258       0x10 Drivers/STM32F4xx_HAL_Driver/stm32f4xx_hal_rcc.o
                0x08006258                APBAHBPrescTable
 *(.rodata*)
 .rodata.str1.1
                0x08006268       0x28 Application/User/calculation.o
                                 0x2d (size before relaxing)
 .rodata.str1.1
                0x08006290       0x28 Application/User/cmd.o
                                  0x2 (size before relaxing)
 .rodata.str1.1
                0x08006290       0x5d Application/User/main.o
                                 0x65 (size before relaxing)
 .rodata.str1.1
                0x080062ed       0x44 Application/User/send.o
 .rodata.str1.1
                0x08006331        0x2 c:/ac6/systemworkbench/plugins/fr.ac6.mcu.externaltools.arm-none.win32_1.7.0.201602121829/tools/compiler/bin/../lib/gcc/arm-none-eabi/5.2.1/../../../../arm-none-eabi/lib/armv7e-m/fpu\libc_nano.a(lib_a-impure.o)
 .rodata.str1.1
                0x08006333       0x12 c:/ac6/systemworkbench/plugins/fr.ac6.mcu.externaltools.arm-none.win32_1.7.0.201602121829/tools/compiler/bin/../lib/gcc/arm-none-eabi/5.2.1/../../../../arm-none-eabi/lib/armv7e-m/fpu\libc_nano.a(lib_a-nano-vfprintf_float.o)
 .rodata.str1.1
                0x08006345       0x22 c:/ac6/systemworkbench/plugins/fr.ac6.mcu.externaltools.arm-none.win32_1.7.0.201602121829/tools/compiler/bin/../lib/gcc/arm-none-eabi/5.2.1/../../../../arm-none-eabi/lib/armv7e-m/fpu\libc_nano.a(lib_a-nano-vfprintf_i.o)
 .rodata.str1.1
                0x08006367        0xd c:/ac6/systemworkbench/plugins/fr.ac6.mcu.externaltools.arm-none.win32_1.7.0.201602121829/tools/compiler/bin/../lib/gcc/arm-none-eabi/5.2.1/../../../../arm-none-eabi/lib/armv7e-m/fpu\libc_nano.a(lib_a-dtoa.o)
                                  0xf (size before relaxing)
 .rodata.str1.1
                0x08006374        0x8 c:/ac6/systemworkbench/plugins/fr.ac6.mcu.externaltools.arm-none.win32_1.7.0.201602121829/tools/compiler/bin/../lib/gcc/arm-none-eabi/5.2.1/../../../../arm-none-eabi/lib/armv7e-m/fpu\libc_nano.a(lib_a-locale.o)
                                  0xb (size before relaxing)
 *fill*         0x0800637c        0x4 
 .rodata.__mprec_tens
                0x08006380       0xc8 c:/ac6/systemworkbench/plugins/fr.ac6.mcu.externaltools.arm-none.win32_1.7.0.201602121829/tools/compiler/bin/../lib/gcc/arm-none-eabi/5.2.1/../../../../arm-none-eabi/lib/armv7e-m/fpu\libc_nano.a(lib_a-mprec.o)
                0x08006380                __mprec_tens
 .rodata.__mprec_bigtens
                0x08006448       0x28 c:/ac6/systemworkbench/plugins/fr.ac6.mcu.externaltools.arm-none.win32_1.7.0.201602121829/tools/compiler/bin/../lib/gcc/arm-none-eabi/5.2.1/../../../../arm-none-eabi/lib/armv7e-m/fpu\libc_nano.a(lib_a-mprec.o)
                0x08006448                __mprec_bigtens
 .rodata.p05.5416
                0x08006470        0xc c:/ac6/systemworkbench/plugins/fr.ac6.mcu.externaltools.arm-none.win32_1.7.0.201602121829/tools/compiler/bin/../lib/gcc/arm-none-eabi/5.2.1/../../../../arm-none-eabi/lib/armv7e-m/fpu\libc_nano.a(lib_a-mprec.o)
 .rodata.str1.1
                0x0800647c       0x11 c:/ac6/systemworkbench/plugins/fr.ac6.mcu.externaltools.arm-none.win32_1.7.0.201602121829/tools/compiler/bin/../lib/gcc/arm-none-eabi/5.2.1/../../../../arm-none-eabi/lib/armv7e-m/fpu\libc_nano.a(lib_a-nano-svfprintf.o)
                0x08006490                . = ALIGN (0x4)
 *fill*         0x0800648d        0x3 

.rel.dyn        0x08006490        0x0
 .rel.iplt      0x08006490        0x0 c:/ac6/systemworkbench/plugins/fr.ac6.mcu.externaltools.arm-none.win32_1.7.0.201602121829/tools/compiler/bin/../lib/gcc/arm-none-eabi/5.2.1/armv7e-m/fpu/crtbegin.o

.ARM.extab
 *(.ARM.extab* .gnu.linkonce.armextab.*)

.ARM            0x08006490        0x0
                0x08006490                __exidx_start = .
 *(.ARM.exidx*)
                0x08006490                __exidx_end = .

.preinit_array  0x08006490        0x0
                0x08006490                PROVIDE (__preinit_array_start, .)
 *(.preinit_array*)
                0x08006490                PROVIDE (__preinit_array_end, .)

.init_array     0x08006490        0x4
                0x08006490                PROVIDE (__init_array_start, .)
 *(SORT(.init_array.*))
 *(.init_array*)
 .init_array    0x08006490        0x4 c:/ac6/systemworkbench/plugins/fr.ac6.mcu.externaltools.arm-none.win32_1.7.0.201602121829/tools/compiler/bin/../lib/gcc/arm-none-eabi/5.2.1/armv7e-m/fpu/crtbegin.o
                0x08006494                PROVIDE (__init_array_end, .)

.fini_array     0x08006494        0x4
                [!provide]                PROVIDE (__fini_array_start, .)
 *(SORT(.fini_array.*))
 *(.fini_array*)
 .fini_array    0x08006494        0x4 c:/ac6/systemworkbench/plugins/fr.ac6.mcu.externaltools.arm-none.win32_1.7.0.201602121829/tools/compiler/bin/../lib/gcc/arm-none-eabi/5.2.1/armv7e-m/fpu/crtbegin.o
                [!provide]                PROVIDE (__fini_array_end, .)
                0x08006498                _sidata = LOADADDR (.data)

.data           0x20000000       0xa0 load address 0x08006498
                0x20000000                . = ALIGN (0x4)
                0x20000000                _sdata = .
 *(.data)
 .data          0x20000000        0x4 Drivers/CMSIS/system_stm32f4xx.o
                0x20000000                SystemCoreClock
 *(.data*)
 .data.impure_data
                0x20000004       0x60 c:/ac6/systemworkbench/plugins/fr.ac6.mcu.externaltools.arm-none.win32_1.7.0.201602121829/tools/compiler/bin/../lib/gcc/arm-none-eabi/5.2.1/../../../../arm-none-eabi/lib/armv7e-m/fpu\libc_nano.a(lib_a-impure.o)
 .data._impure_ptr
                0x20000064        0x4 c:/ac6/systemworkbench/plugins/fr.ac6.mcu.externaltools.arm-none.win32_1.7.0.201602121829/tools/compiler/bin/../lib/gcc/arm-none-eabi/5.2.1/../../../../arm-none-eabi/lib/armv7e-m/fpu\libc_nano.a(lib_a-impure.o)
                0x20000064                _impure_ptr
 .data.lconv    0x20000068       0x38 c:/ac6/systemworkbench/plugins/fr.ac6.mcu.externaltools.arm-none.win32_1.7.0.201602121829/tools/compiler/bin/../lib/gcc/arm-none-eabi/5.2.1/../../../../arm-none-eabi/lib/armv7e-m/fpu\libc_nano.a(lib_a-locale.o)
                0x200000a0                . = ALIGN (0x4)
                0x200000a0                _edata = .

.jcr            0x200000a0        0x0 load address 0x08006538
 .jcr           0x200000a0        0x0 c:/ac6/systemworkbench/plugins/fr.ac6.mcu.externaltools.arm-none.win32_1.7.0.201602121829/tools/compiler/bin/../lib/gcc/arm-none-eabi/5.2.1/armv7e-m/fpu/crtbegin.o

.tm_clone_table
                0x200000a0        0x0 load address 0x08006538
 .tm_clone_table
                0x200000a0        0x0 c:/ac6/systemworkbench/plugins/fr.ac6.mcu.externaltools.arm-none.win32_1.7.0.201602121829/tools/compiler/bin/../lib/gcc/arm-none-eabi/5.2.1/armv7e-m/fpu/crtbegin.o
 .tm_clone_table
                0x200000a0        0x0 c:/ac6/systemworkbench/plugins/fr.ac6.mcu.externaltools.arm-none.win32_1.7.0.201602121829/tools/compiler/bin/../lib/gcc/arm-none-eabi/5.2.1/armv7e-m/fpu/crtend.o

.igot.plt       0x200000a0        0x0 load address 0x08006538
 .igot.plt      0x200000a0        0x0 c:/ac6/systemworkbench/plugins/fr.ac6.mcu.externaltools.arm-none.win32_1.7.0.201602121829/tools/compiler/bin/../lib/gcc/arm-none-eabi/5.2.1/armv7e-m/fpu/crtbegin.o
                0x200000a0                . = ALIGN (0x4)

.bss            0x200000a0     0x52c0 load address 0x08006538
                0x200000a0                _sbss = .
                0x200000a0                __bss_start__ = _sbss
 *(.bss)
 .bss           0x200000a0       0x1c c:/ac6/systemworkbench/plugins/fr.ac6.mcu.externaltools.arm-none.win32_1.7.0.201602121829/tools/compiler/bin/../lib/gcc/arm-none-eabi/5.2.1/armv7e-m/fpu/crtbegin.o
 .bss           0x200000bc        0x4 Application/User/calculation.o
 .bss           0x200000c0       0x4c Application/User/cmd.o
 .bss           0x2000010c       0x10 Application/User/led.o
 .bss           0x2000011c        0xf Application/User/main.o
                0x2000011c                flagShowSignalL
                0x2000011d                flagShowSignalR
                0x2000011e                flagShowSignalB
                0x2000011f                flagShowADCSignalL
                0x20000120                flagShowADCSignalR
                0x20000121                flagShowADCSignalB
                0x20000122                flagShowADCSignalLRaw
                0x20000123                flagShowADCSignalRRaw
                0x20000124                flagShowADCSignalBRaw
                0x20000125                flag_ShowValuesSendToMaster
                0x20000126                flagShowOffset
                0x20000127                flagShowLoopTime
                0x20000128                convCompletedL
                0x20000129                convCompletedR
                0x2000012a                convCompletedB
 *fill*         0x2000012b        0x1 
 .bss           0x2000012c        0x8 Application/User/syscalls.o
                0x20000130                __env
 *(.bss*)
 .bss.__malloc_sbrk_start
                0x20000134        0x4 c:/ac6/systemworkbench/plugins/fr.ac6.mcu.externaltools.arm-none.win32_1.7.0.201602121829/tools/compiler/bin/../lib/gcc/arm-none-eabi/5.2.1/../../../../arm-none-eabi/lib/armv7e-m/fpu\libc_nano.a(lib_a-nano-mallocr.o)
                0x20000134                __malloc_sbrk_start
 .bss.__malloc_free_list
                0x20000138        0x4 c:/ac6/systemworkbench/plugins/fr.ac6.mcu.externaltools.arm-none.win32_1.7.0.201602121829/tools/compiler/bin/../lib/gcc/arm-none-eabi/5.2.1/../../../../arm-none-eabi/lib/armv7e-m/fpu\libc_nano.a(lib_a-nano-mallocr.o)
                0x20000138                __malloc_free_list
 *(COMMON)
 COMMON         0x2000013c     0x521c Application/User/main.o
                0x2000013c                coilB
                0x20001054                hdma_usart2_rx
                0x200010b4                huart3
                0x200010f4                hadc2
                0x2000113c                coilR
                0x20002054                hdma_adc3
                0x200020b4                adcValueB
                0x20002bf4                hadc1
                0x20002c3c                hadc3
                0x20002c84                hdma_adc1
                0x20002ce4                coilL
                0x20003bfc                adcValueL
                0x2000473c                htim2
                0x20004778                huart2
                0x200047b8                hdma_adc2
                0x20004818                adcValueR
 COMMON         0x20005358        0x4 Drivers/STM32F4xx_HAL_Driver/stm32f4xx_hal.o
                0x20005358                uwTick
 COMMON         0x2000535c        0x4 c:/ac6/systemworkbench/plugins/fr.ac6.mcu.externaltools.arm-none.win32_1.7.0.201602121829/tools/compiler/bin/../lib/gcc/arm-none-eabi/5.2.1/../../../../arm-none-eabi/lib/armv7e-m/fpu\libc_nano.a(lib_a-reent.o)
                0x2000535c                errno
                0x20005360                . = ALIGN (0x4)
                0x20005360                _ebss = .
                0x20005360                __bss_end__ = _ebss

._user_heap_stack
                0x20005360      0x600 load address 0x08006538
                0x20005360                . = ALIGN (0x8)
                0x20005360                PROVIDE (end, .)
                [!provide]                PROVIDE (_end, .)
                0x20005560                . = (. + _Min_Heap_Size)
 *fill*         0x20005360      0x200 
                0x20005960                . = (. + _Min_Stack_Size)
 *fill*         0x20005560      0x400 
                0x20005960                . = ALIGN (0x8)

/DISCARD/
 libc.a(*)
 libm.a(*)
 libgcc.a(*)

.ARM.attributes
                0x00000000       0x30
 *(.ARM.attributes)
 .ARM.attributes
                0x00000000       0x22 c:/ac6/systemworkbench/plugins/fr.ac6.mcu.externaltools.arm-none.win32_1.7.0.201602121829/tools/compiler/bin/../lib/gcc/arm-none-eabi/5.2.1/armv7e-m/fpu/crti.o
 .ARM.attributes
                0x00000022       0x34 c:/ac6/systemworkbench/plugins/fr.ac6.mcu.externaltools.arm-none.win32_1.7.0.201602121829/tools/compiler/bin/../lib/gcc/arm-none-eabi/5.2.1/armv7e-m/fpu/crtbegin.o
 .ARM.attributes
                0x00000056       0x21 Application/SW4STM32/startup_stm32f446xx.o
 .ARM.attributes
                0x00000077       0x39 Application/User/calculation.o
 .ARM.attributes
                0x000000b0       0x39 Application/User/cmd.o
 .ARM.attributes
                0x000000e9       0x39 Application/User/led.o
 .ARM.attributes
                0x00000122       0x39 Application/User/main.o
 .ARM.attributes
                0x0000015b       0x39 Application/User/send.o
 .ARM.attributes
                0x00000194       0x39 Application/User/stm32f4xx_hal_msp.o
 .ARM.attributes
                0x000001cd       0x39 Application/User/stm32f4xx_it.o
 .ARM.attributes
                0x00000206       0x39 Application/User/syscalls.o
 .ARM.attributes
                0x0000023f       0x39 Drivers/CMSIS/system_stm32f4xx.o
 .ARM.attributes
                0x00000278       0x39 Drivers/STM32F4xx_HAL_Driver/stm32f4xx_hal.o
 .ARM.attributes
                0x000002b1       0x39 Drivers/STM32F4xx_HAL_Driver/stm32f4xx_hal_adc.o
 .ARM.attributes
                0x000002ea       0x39 Drivers/STM32F4xx_HAL_Driver/stm32f4xx_hal_cortex.o
 .ARM.attributes
                0x00000323       0x39 Drivers/STM32F4xx_HAL_Driver/stm32f4xx_hal_dma.o
 .ARM.attributes
                0x0000035c       0x39 Drivers/STM32F4xx_HAL_Driver/stm32f4xx_hal_gpio.o
 .ARM.attributes
                0x00000395       0x39 Drivers/STM32F4xx_HAL_Driver/stm32f4xx_hal_pwr_ex.o
 .ARM.attributes
                0x000003ce       0x39 Drivers/STM32F4xx_HAL_Driver/stm32f4xx_hal_rcc.o
 .ARM.attributes
                0x00000407       0x39 Drivers/STM32F4xx_HAL_Driver/stm32f4xx_hal_rcc_ex.o
 .ARM.attributes
                0x00000440       0x39 Drivers/STM32F4xx_HAL_Driver/stm32f4xx_hal_tim.o
 .ARM.attributes
                0x00000479       0x39 Drivers/STM32F4xx_HAL_Driver/stm32f4xx_hal_tim_ex.o
 .ARM.attributes
                0x000004b2       0x39 Drivers/STM32F4xx_HAL_Driver/stm32f4xx_hal_uart.o
 .ARM.attributes
                0x000004eb       0x22 c:/ac6/systemworkbench/plugins/fr.ac6.mcu.externaltools.arm-none.win32_1.7.0.201602121829/tools/compiler/bin/../lib/gcc/arm-none-eabi/5.2.1/armv7e-m/fpu\libgcc.a(_arm_addsubdf3.o)
 .ARM.attributes
                0x0000050d       0x34 c:/ac6/systemworkbench/plugins/fr.ac6.mcu.externaltools.arm-none.win32_1.7.0.201602121829/tools/compiler/bin/../lib/gcc/arm-none-eabi/5.2.1/../../../../arm-none-eabi/lib/armv7e-m/fpu\libc_nano.a(lib_a-errno.o)
 .ARM.attributes
                0x00000541       0x34 c:/ac6/systemworkbench/plugins/fr.ac6.mcu.externaltools.arm-none.win32_1.7.0.201602121829/tools/compiler/bin/../lib/gcc/arm-none-eabi/5.2.1/../../../../arm-none-eabi/lib/armv7e-m/fpu\libc_nano.a(lib_a-impure.o)
 .ARM.attributes
                0x00000575       0x34 c:/ac6/systemworkbench/plugins/fr.ac6.mcu.externaltools.arm-none.win32_1.7.0.201602121829/tools/compiler/bin/../lib/gcc/arm-none-eabi/5.2.1/../../../../arm-none-eabi/lib/armv7e-m/fpu\libc_nano.a(lib_a-init.o)
 .ARM.attributes
                0x000005a9       0x34 c:/ac6/systemworkbench/plugins/fr.ac6.mcu.externaltools.arm-none.win32_1.7.0.201602121829/tools/compiler/bin/../lib/gcc/arm-none-eabi/5.2.1/../../../../arm-none-eabi/lib/armv7e-m/fpu\libc_nano.a(lib_a-malloc.o)
 .ARM.attributes
                0x000005dd       0x34 c:/ac6/systemworkbench/plugins/fr.ac6.mcu.externaltools.arm-none.win32_1.7.0.201602121829/tools/compiler/bin/../lib/gcc/arm-none-eabi/5.2.1/../../../../arm-none-eabi/lib/armv7e-m/fpu\libc_nano.a(lib_a-memset.o)
 .ARM.attributes
                0x00000611       0x34 c:/ac6/systemworkbench/plugins/fr.ac6.mcu.externaltools.arm-none.win32_1.7.0.201602121829/tools/compiler/bin/../lib/gcc/arm-none-eabi/5.2.1/../../../../arm-none-eabi/lib/armv7e-m/fpu\libc_nano.a(lib_a-nano-freer.o)
 .ARM.attributes
                0x00000645       0x34 c:/ac6/systemworkbench/plugins/fr.ac6.mcu.externaltools.arm-none.win32_1.7.0.201602121829/tools/compiler/bin/../lib/gcc/arm-none-eabi/5.2.1/../../../../arm-none-eabi/lib/armv7e-m/fpu\libc_nano.a(lib_a-nano-mallocr.o)
 .ARM.attributes
                0x00000679       0x34 c:/ac6/systemworkbench/plugins/fr.ac6.mcu.externaltools.arm-none.win32_1.7.0.201602121829/tools/compiler/bin/../lib/gcc/arm-none-eabi/5.2.1/../../../../arm-none-eabi/lib/armv7e-m/fpu\libc_nano.a(lib_a-nano-vfprintf_float.o)
 .ARM.attributes
                0x000006ad       0x34 c:/ac6/systemworkbench/plugins/fr.ac6.mcu.externaltools.arm-none.win32_1.7.0.201602121829/tools/compiler/bin/../lib/gcc/arm-none-eabi/5.2.1/../../../../arm-none-eabi/lib/armv7e-m/fpu\libc_nano.a(lib_a-nano-vfprintf_i.o)
 .ARM.attributes
                0x000006e1       0x34 c:/ac6/systemworkbench/plugins/fr.ac6.mcu.externaltools.arm-none.win32_1.7.0.201602121829/tools/compiler/bin/../lib/gcc/arm-none-eabi/5.2.1/../../../../arm-none-eabi/lib/armv7e-m/fpu\libc_nano.a(lib_a-s_fpclassify.o)
 .ARM.attributes
                0x00000715       0x34 c:/ac6/systemworkbench/plugins/fr.ac6.mcu.externaltools.arm-none.win32_1.7.0.201602121829/tools/compiler/bin/../lib/gcc/arm-none-eabi/5.2.1/../../../../arm-none-eabi/lib/armv7e-m/fpu\libc_nano.a(lib_a-sbrkr.o)
 .ARM.attributes
                0x00000749       0x34 c:/ac6/systemworkbench/plugins/fr.ac6.mcu.externaltools.arm-none.win32_1.7.0.201602121829/tools/compiler/bin/../lib/gcc/arm-none-eabi/5.2.1/../../../../arm-none-eabi/lib/armv7e-m/fpu\libc_nano.a(lib_a-sprintf.o)
 .ARM.attributes
                0x0000077d       0x20 c:/ac6/systemworkbench/plugins/fr.ac6.mcu.externaltools.arm-none.win32_1.7.0.201602121829/tools/compiler/bin/../lib/gcc/arm-none-eabi/5.2.1/../../../../arm-none-eabi/lib/armv7e-m/fpu\libc_nano.a(lib_a-strcmp.o)
 .ARM.attributes
                0x0000079d       0x34 c:/ac6/systemworkbench/plugins/fr.ac6.mcu.externaltools.arm-none.win32_1.7.0.201602121829/tools/compiler/bin/../lib/gcc/arm-none-eabi/5.2.1/../../../../arm-none-eabi/lib/armv7e-m/fpu\libc_nano.a(lib_a-strcpy.o)
 .ARM.attributes
                0x000007d1       0x1b c:/ac6/systemworkbench/plugins/fr.ac6.mcu.externaltools.arm-none.win32_1.7.0.201602121829/tools/compiler/bin/../lib/gcc/arm-none-eabi/5.2.1/../../../../arm-none-eabi/lib/armv7e-m/fpu\libc_nano.a(lib_a-strlen.o)
 .ARM.attributes
                0x000007ec       0x34 c:/ac6/systemworkbench/plugins/fr.ac6.mcu.externaltools.arm-none.win32_1.7.0.201602121829/tools/compiler/bin/../lib/gcc/arm-none-eabi/5.2.1/../../../../arm-none-eabi/lib/armv7e-m/fpu\libc_nano.a(lib_a-strtok.o)
 .ARM.attributes
                0x00000820       0x34 c:/ac6/systemworkbench/plugins/fr.ac6.mcu.externaltools.arm-none.win32_1.7.0.201602121829/tools/compiler/bin/../lib/gcc/arm-none-eabi/5.2.1/../../../../arm-none-eabi/lib/armv7e-m/fpu\libc_nano.a(lib_a-strtok_r.o)
 .ARM.attributes
                0x00000854       0x34 c:/ac6/systemworkbench/plugins/fr.ac6.mcu.externaltools.arm-none.win32_1.7.0.201602121829/tools/compiler/bin/../lib/gcc/arm-none-eabi/5.2.1/../../../../arm-none-eabi/lib/armv7e-m/fpu\libc_nano.a(lib_a-dtoa.o)
 .ARM.attributes
                0x00000888       0x34 c:/ac6/systemworkbench/plugins/fr.ac6.mcu.externaltools.arm-none.win32_1.7.0.201602121829/tools/compiler/bin/../lib/gcc/arm-none-eabi/5.2.1/../../../../arm-none-eabi/lib/armv7e-m/fpu\libc_nano.a(lib_a-locale.o)
 .ARM.attributes
                0x000008bc       0x20 c:/ac6/systemworkbench/plugins/fr.ac6.mcu.externaltools.arm-none.win32_1.7.0.201602121829/tools/compiler/bin/../lib/gcc/arm-none-eabi/5.2.1/../../../../arm-none-eabi/lib/armv7e-m/fpu\libc_nano.a(lib_a-memchr.o)
 .ARM.attributes
                0x000008dc       0x34 c:/ac6/systemworkbench/plugins/fr.ac6.mcu.externaltools.arm-none.win32_1.7.0.201602121829/tools/compiler/bin/../lib/gcc/arm-none-eabi/5.2.1/../../../../arm-none-eabi/lib/armv7e-m/fpu\libc_nano.a(lib_a-memcpy-stub.o)
 .ARM.attributes
                0x00000910       0x34 c:/ac6/systemworkbench/plugins/fr.ac6.mcu.externaltools.arm-none.win32_1.7.0.201602121829/tools/compiler/bin/../lib/gcc/arm-none-eabi/5.2.1/../../../../arm-none-eabi/lib/armv7e-m/fpu\libc_nano.a(lib_a-mprec.o)
 .ARM.attributes
                0x00000944       0x34 c:/ac6/systemworkbench/plugins/fr.ac6.mcu.externaltools.arm-none.win32_1.7.0.201602121829/tools/compiler/bin/../lib/gcc/arm-none-eabi/5.2.1/../../../../arm-none-eabi/lib/armv7e-m/fpu\libc_nano.a(lib_a-nano-callocr.o)
 .ARM.attributes
                0x00000978       0x34 c:/ac6/systemworkbench/plugins/fr.ac6.mcu.externaltools.arm-none.win32_1.7.0.201602121829/tools/compiler/bin/../lib/gcc/arm-none-eabi/5.2.1/../../../../arm-none-eabi/lib/armv7e-m/fpu\libc_nano.a(lib_a-nano-svfprintf.o)
 .ARM.attributes
                0x000009ac       0x34 c:/ac6/systemworkbench/plugins/fr.ac6.mcu.externaltools.arm-none.win32_1.7.0.201602121829/tools/compiler/bin/../lib/gcc/arm-none-eabi/5.2.1/../../../../arm-none-eabi/lib/armv7e-m/fpu\libc_nano.a(lib_a-reent.o)
 .ARM.attributes
                0x000009e0       0x34 c:/ac6/systemworkbench/plugins/fr.ac6.mcu.externaltools.arm-none.win32_1.7.0.201602121829/tools/compiler/bin/../lib/gcc/arm-none-eabi/5.2.1/../../../../arm-none-eabi/lib/armv7e-m/fpu\libc_nano.a(lib_a-memmove.o)
 .ARM.attributes
                0x00000a14       0x34 c:/ac6/systemworkbench/plugins/fr.ac6.mcu.externaltools.arm-none.win32_1.7.0.201602121829/tools/compiler/bin/../lib/gcc/arm-none-eabi/5.2.1/../../../../arm-none-eabi/lib/armv7e-m/fpu\libc_nano.a(lib_a-nano-reallocr.o)
 .ARM.attributes
                0x00000a48       0x34 c:/ac6/systemworkbench/plugins/fr.ac6.mcu.externaltools.arm-none.win32_1.7.0.201602121829/tools/compiler/bin/../lib/gcc/arm-none-eabi/5.2.1/../../../../arm-none-eabi/lib/armv7e-m/fpu\libc_nano.a(lib_a-nano-msizer.o)
 .ARM.attributes
                0x00000a7c       0x22 c:/ac6/systemworkbench/plugins/fr.ac6.mcu.externaltools.arm-none.win32_1.7.0.201602121829/tools/compiler/bin/../lib/gcc/arm-none-eabi/5.2.1/armv7e-m/fpu\libgcc.a(_arm_muldivdf3.o)
 .ARM.attributes
                0x00000a9e       0x22 c:/ac6/systemworkbench/plugins/fr.ac6.mcu.externaltools.arm-none.win32_1.7.0.201602121829/tools/compiler/bin/../lib/gcc/arm-none-eabi/5.2.1/armv7e-m/fpu\libgcc.a(_arm_cmpdf2.o)
 .ARM.attributes
                0x00000ac0       0x22 c:/ac6/systemworkbench/plugins/fr.ac6.mcu.externaltools.arm-none.win32_1.7.0.201602121829/tools/compiler/bin/../lib/gcc/arm-none-eabi/5.2.1/armv7e-m/fpu\libgcc.a(_arm_fixdfsi.o)
 .ARM.attributes
                0x00000ae2       0x34 c:/ac6/systemworkbench/plugins/fr.ac6.mcu.externaltools.arm-none.win32_1.7.0.201602121829/tools/compiler/bin/../lib/gcc/arm-none-eabi/5.2.1/armv7e-m/fpu/crtend.o
 .ARM.attributes
                0x00000b16       0x22 c:/ac6/systemworkbench/plugins/fr.ac6.mcu.externaltools.arm-none.win32_1.7.0.201602121829/tools/compiler/bin/../lib/gcc/arm-none-eabi/5.2.1/armv7e-m/fpu/crtn.o
OUTPUT(Schleifensensor.elf elf32-littlearm)

.debug_line     0x00000000     0xd7a3
 .debug_line    0x00000000       0xd8 Application/SW4STM32/startup_stm32f446xx.o
 .debug_line    0x000000d8      0x95d Application/User/calculation.o
 .debug_line    0x00000a35      0x8f3 Application/User/cmd.o
 .debug_line    0x00001328      0x7f3 Application/User/led.o
 .debug_line    0x00001b1b      0xb0d Application/User/main.o
 .debug_line    0x00002628      0x89b Application/User/send.o
 .debug_line    0x00002ec3      0x91d Application/User/stm32f4xx_hal_msp.o
 .debug_line    0x000037e0      0x90e Application/User/stm32f4xx_it.o
 .debug_line    0x000040ee      0x583 Application/User/syscalls.o
 .debug_line    0x00004671      0x836 Drivers/CMSIS/system_stm32f4xx.o
 .debug_line    0x00004ea7      0x965 Drivers/STM32F4xx_HAL_Driver/stm32f4xx_hal.o
 .debug_line    0x0000580c      0xc3e Drivers/STM32F4xx_HAL_Driver/stm32f4xx_hal_adc.o
 .debug_line    0x0000644a      0x9da Drivers/STM32F4xx_HAL_Driver/stm32f4xx_hal_cortex.o
 .debug_line    0x00006e24      0xaf5 Drivers/STM32F4xx_HAL_Driver/stm32f4xx_hal_dma.o
 .debug_line    0x00007919      0x9a7 Drivers/STM32F4xx_HAL_Driver/stm32f4xx_hal_gpio.o
 .debug_line    0x000082c0      0x94d Drivers/STM32F4xx_HAL_Driver/stm32f4xx_hal_pwr_ex.o
 .debug_line    0x00008c0d      0xb13 Drivers/STM32F4xx_HAL_Driver/stm32f4xx_hal_rcc.o
 .debug_line    0x00009720      0xdc3 Drivers/STM32F4xx_HAL_Driver/stm32f4xx_hal_rcc_ex.o
 .debug_line    0x0000a4e3     0x1639 Drivers/STM32F4xx_HAL_Driver/stm32f4xx_hal_tim.o
 .debug_line    0x0000bb1c      0xbd4 Drivers/STM32F4xx_HAL_Driver/stm32f4xx_hal_tim_ex.o
 .debug_line    0x0000c6f0     0x10b3 Drivers/STM32F4xx_HAL_Driver/stm32f4xx_hal_uart.o

.debug_info     0x00000000    0x124d9
 .debug_info    0x00000000       0xeb Application/SW4STM32/startup_stm32f446xx.o
 .debug_info    0x000000eb      0xb82 Application/User/calculation.o
 .debug_info    0x00000c6d      0xa41 Application/User/cmd.o
 .debug_info    0x000016ae      0x37c Application/User/led.o
 .debug_info    0x00001a2a     0x278e Application/User/main.o
 .debug_info    0x000041b8      0x90a Application/User/send.o
 .debug_info    0x00004ac2     0x1393 Application/User/stm32f4xx_hal_msp.o
 .debug_info    0x00005e55      0x823 Application/User/stm32f4xx_it.o
 .debug_info    0x00006678      0x732 Application/User/syscalls.o
 .debug_info    0x00006daa      0x50a Drivers/CMSIS/system_stm32f4xx.o
 .debug_info    0x000072b4      0x932 Drivers/STM32F4xx_HAL_Driver/stm32f4xx_hal.o
 .debug_info    0x00007be6      0xcc2 Drivers/STM32F4xx_HAL_Driver/stm32f4xx_hal_adc.o
 .debug_info    0x000088a8      0xe88 Drivers/STM32F4xx_HAL_Driver/stm32f4xx_hal_cortex.o
 .debug_info    0x00009730      0xa27 Drivers/STM32F4xx_HAL_Driver/stm32f4xx_hal_dma.o
 .debug_info    0x0000a157      0x76f Drivers/STM32F4xx_HAL_Driver/stm32f4xx_hal_gpio.o
 .debug_info    0x0000a8c6      0x94b Drivers/STM32F4xx_HAL_Driver/stm32f4xx_hal_pwr_ex.o
 .debug_info    0x0000b211      0xcc2 Drivers/STM32F4xx_HAL_Driver/stm32f4xx_hal_rcc.o
 .debug_info    0x0000bed3     0x1300 Drivers/STM32F4xx_HAL_Driver/stm32f4xx_hal_rcc_ex.o
 .debug_info    0x0000d1d3     0x2eaa Drivers/STM32F4xx_HAL_Driver/stm32f4xx_hal_tim.o
 .debug_info    0x0001007d      0xf6f Drivers/STM32F4xx_HAL_Driver/stm32f4xx_hal_tim_ex.o
 .debug_info    0x00010fec     0x14ed Drivers/STM32F4xx_HAL_Driver/stm32f4xx_hal_uart.o

.debug_abbrev   0x00000000     0x3045
 .debug_abbrev  0x00000000       0x12 Application/SW4STM32/startup_stm32f446xx.o
 .debug_abbrev  0x00000012      0x279 Application/User/calculation.o
 .debug_abbrev  0x0000028b      0x2dd Application/User/cmd.o
 .debug_abbrev  0x00000568      0x17c Application/User/led.o
 .debug_abbrev  0x000006e4      0x34c Application/User/main.o
 .debug_abbrev  0x00000a30      0x246 Application/User/send.o
 .debug_abbrev  0x00000c76      0x21d Application/User/stm32f4xx_hal_msp.o
 .debug_abbrev  0x00000e93      0x196 Application/User/stm32f4xx_it.o
 .debug_abbrev  0x00001029      0x1df Application/User/syscalls.o
 .debug_abbrev  0x00001208      0x104 Drivers/CMSIS/system_stm32f4xx.o
 .debug_abbrev  0x0000130c      0x247 Drivers/STM32F4xx_HAL_Driver/stm32f4xx_hal.o
 .debug_abbrev  0x00001553      0x2c8 Drivers/STM32F4xx_HAL_Driver/stm32f4xx_hal_adc.o
 .debug_abbrev  0x0000181b      0x332 Drivers/STM32F4xx_HAL_Driver/stm32f4xx_hal_cortex.o
 .debug_abbrev  0x00001b4d      0x2e0 Drivers/STM32F4xx_HAL_Driver/stm32f4xx_hal_dma.o
 .debug_abbrev  0x00001e2d      0x1cb Drivers/STM32F4xx_HAL_Driver/stm32f4xx_hal_gpio.o
 .debug_abbrev  0x00001ff8      0x231 Drivers/STM32F4xx_HAL_Driver/stm32f4xx_hal_pwr_ex.o
 .debug_abbrev  0x00002229      0x321 Drivers/STM32F4xx_HAL_Driver/stm32f4xx_hal_rcc.o
 .debug_abbrev  0x0000254a      0x269 Drivers/STM32F4xx_HAL_Driver/stm32f4xx_hal_rcc_ex.o
 .debug_abbrev  0x000027b3      0x314 Drivers/STM32F4xx_HAL_Driver/stm32f4xx_hal_tim.o
 .debug_abbrev  0x00002ac7      0x273 Drivers/STM32F4xx_HAL_Driver/stm32f4xx_hal_tim_ex.o
 .debug_abbrev  0x00002d3a      0x30b Drivers/STM32F4xx_HAL_Driver/stm32f4xx_hal_uart.o

.debug_aranges  0x00000000      0xc00
 .debug_aranges
                0x00000000       0x28 Application/SW4STM32/startup_stm32f446xx.o
 .debug_aranges
                0x00000028       0x48 Application/User/calculation.o
 .debug_aranges
                0x00000070       0x50 Application/User/cmd.o
 .debug_aranges
                0x000000c0       0x20 Application/User/led.o
 .debug_aranges
                0x000000e0       0xb0 Application/User/main.o
 .debug_aranges
                0x00000190       0x38 Application/User/send.o
 .debug_aranges
                0x000001c8       0x50 Application/User/stm32f4xx_hal_msp.o
 .debug_aranges
                0x00000218       0x48 Application/User/stm32f4xx_it.o
 .debug_aranges
                0x00000260       0xb0 Application/User/syscalls.o
 .debug_aranges
                0x00000310       0x28 Drivers/CMSIS/system_stm32f4xx.o
 .debug_aranges
                0x00000338       0xb8 Drivers/STM32F4xx_HAL_Driver/stm32f4xx_hal.o
 .debug_aranges
                0x000003f0       0xb8 Drivers/STM32F4xx_HAL_Driver/stm32f4xx_hal_adc.o
 .debug_aranges
                0x000004a8       0x98 Drivers/STM32F4xx_HAL_Driver/stm32f4xx_hal_cortex.o
 .debug_aranges
                0x00000540       0x80 Drivers/STM32F4xx_HAL_Driver/stm32f4xx_hal_dma.o
 .debug_aranges
                0x000005c0       0x58 Drivers/STM32F4xx_HAL_Driver/stm32f4xx_hal_gpio.o
 .debug_aranges
                0x00000618       0x60 Drivers/STM32F4xx_HAL_Driver/stm32f4xx_hal_pwr_ex.o
 .debug_aranges
                0x00000678       0x80 Drivers/STM32F4xx_HAL_Driver/stm32f4xx_hal_rcc.o
 .debug_aranges
                0x000006f8       0x58 Drivers/STM32F4xx_HAL_Driver/stm32f4xx_hal_rcc_ex.o
 .debug_aranges
                0x00000750      0x250 Drivers/STM32F4xx_HAL_Driver/stm32f4xx_hal_tim.o
 .debug_aranges
                0x000009a0       0xf0 Drivers/STM32F4xx_HAL_Driver/stm32f4xx_hal_tim_ex.o
 .debug_aranges
                0x00000a90      0x170 Drivers/STM32F4xx_HAL_Driver/stm32f4xx_hal_uart.o

.debug_ranges   0x00000000     0x1268
 .debug_ranges  0x00000000       0x20 Application/SW4STM32/startup_stm32f446xx.o
 .debug_ranges  0x00000020       0xa0 Application/User/calculation.o
 .debug_ranges  0x000000c0       0x58 Application/User/cmd.o
 .debug_ranges  0x00000118       0x10 Application/User/led.o
 .debug_ranges  0x00000128      0x150 Application/User/main.o
 .debug_ranges  0x00000278       0x28 Application/User/send.o
 .debug_ranges  0x000002a0       0xe8 Application/User/stm32f4xx_hal_msp.o
 .debug_ranges  0x00000388       0x38 Application/User/stm32f4xx_it.o
 .debug_ranges  0x000003c0       0xa0 Application/User/syscalls.o
 .debug_ranges  0x00000460       0x18 Drivers/CMSIS/system_stm32f4xx.o
 .debug_ranges  0x00000478       0xa8 Drivers/STM32F4xx_HAL_Driver/stm32f4xx_hal.o
 .debug_ranges  0x00000520       0xc0 Drivers/STM32F4xx_HAL_Driver/stm32f4xx_hal_adc.o
 .debug_ranges  0x000005e0      0x148 Drivers/STM32F4xx_HAL_Driver/stm32f4xx_hal_cortex.o
 .debug_ranges  0x00000728       0xa8 Drivers/STM32F4xx_HAL_Driver/stm32f4xx_hal_dma.o
 .debug_ranges  0x000007d0       0x70 Drivers/STM32F4xx_HAL_Driver/stm32f4xx_hal_gpio.o
 .debug_ranges  0x00000840       0x80 Drivers/STM32F4xx_HAL_Driver/stm32f4xx_hal_pwr_ex.o
 .debug_ranges  0x000008c0      0x150 Drivers/STM32F4xx_HAL_Driver/stm32f4xx_hal_rcc.o
 .debug_ranges  0x00000a10      0x2d0 Drivers/STM32F4xx_HAL_Driver/stm32f4xx_hal_rcc_ex.o
 .debug_ranges  0x00000ce0      0x330 Drivers/STM32F4xx_HAL_Driver/stm32f4xx_hal_tim.o
 .debug_ranges  0x00001010       0xe0 Drivers/STM32F4xx_HAL_Driver/stm32f4xx_hal_tim_ex.o
 .debug_ranges  0x000010f0      0x178 Drivers/STM32F4xx_HAL_Driver/stm32f4xx_hal_uart.o

.debug_loc      0x00000000     0x89af
 .debug_loc     0x00000000      0x4b6 Application/User/calculation.o
 .debug_loc     0x000004b6      0x1fa Application/User/cmd.o
 .debug_loc     0x000006b0      0x103 Application/User/led.o
 .debug_loc     0x000007b3      0x13b Application/User/main.o
 .debug_loc     0x000008ee      0x251 Application/User/send.o
 .debug_loc     0x00000b3f      0x18f Application/User/stm32f4xx_hal_msp.o
 .debug_loc     0x00000cce      0x41f Application/User/syscalls.o
 .debug_loc     0x000010ed       0xd7 Drivers/CMSIS/system_stm32f4xx.o
 .debug_loc     0x000011c4       0x92 Drivers/STM32F4xx_HAL_Driver/stm32f4xx_hal.o
 .debug_loc     0x00001256      0x771 Drivers/STM32F4xx_HAL_Driver/stm32f4xx_hal_adc.o
 .debug_loc     0x000019c7      0x4ab Drivers/STM32F4xx_HAL_Driver/stm32f4xx_hal_cortex.o
 .debug_loc     0x00001e72      0x757 Drivers/STM32F4xx_HAL_Driver/stm32f4xx_hal_dma.o
 .debug_loc     0x000025c9      0x374 Drivers/STM32F4xx_HAL_Driver/stm32f4xx_hal_gpio.o
 .debug_loc     0x0000293d      0x261 Drivers/STM32F4xx_HAL_Driver/stm32f4xx_hal_pwr_ex.o
 .debug_loc     0x00002b9e      0x485 Drivers/STM32F4xx_HAL_Driver/stm32f4xx_hal_rcc.o
 .debug_loc     0x00003023      0xcdd Drivers/STM32F4xx_HAL_Driver/stm32f4xx_hal_rcc_ex.o
 .debug_loc     0x00003d00     0x3146 Drivers/STM32F4xx_HAL_Driver/stm32f4xx_hal_tim.o
 .debug_loc     0x00006e46      0x7b9 Drivers/STM32F4xx_HAL_Driver/stm32f4xx_hal_tim_ex.o
 .debug_loc     0x000075ff     0x13b0 Drivers/STM32F4xx_HAL_Driver/stm32f4xx_hal_uart.o

.debug_macro    0x00000000    0x2437b
 .debug_macro   0x00000000      0x364 Application/User/calculation.o
 .debug_macro   0x00000364      0x89e Application/User/calculation.o
 .debug_macro   0x00000c02       0x82 Application/User/calculation.o
 .debug_macro   0x00000c84      0x185 Application/User/calculation.o
 .debug_macro   0x00000e09       0x33 Application/User/calculation.o
 .debug_macro   0x00000e3c       0x28 Application/User/calculation.o
 .debug_macro   0x00000e64       0x22 Application/User/calculation.o
 .debug_macro   0x00000e86       0x44 Application/User/calculation.o
 .debug_macro   0x00000eca       0xfd Application/User/calculation.o
 .debug_macro   0x00000fc7       0x22 Application/User/calculation.o
 .debug_macro   0x00000fe9      0x1df Application/User/calculation.o
 .debug_macro   0x000011c8       0x35 Application/User/calculation.o
 .debug_macro   0x000011fd       0x50 Application/User/calculation.o
 .debug_macro   0x0000124d      0xe66 Application/User/calculation.o
 .debug_macro   0x000020b3    0x1661c Application/User/calculation.o
 .debug_macro   0x000186cf       0x43 Application/User/calculation.o
 .debug_macro   0x00018712     0x347f Application/User/calculation.o
 .debug_macro   0x0001bb91       0x58 Application/User/calculation.o
 .debug_macro   0x0001bbe9       0x35 Application/User/calculation.o
 .debug_macro   0x0001bc1e       0x9c Application/User/calculation.o
 .debug_macro   0x0001bcba       0x16 Application/User/calculation.o
 .debug_macro   0x0001bcd0       0x97 Application/User/calculation.o
 .debug_macro   0x0001bd67      0x329 Application/User/calculation.o
 .debug_macro   0x0001c090       0xfd Application/User/calculation.o
 .debug_macro   0x0001c18d       0x10 Application/User/calculation.o
 .debug_macro   0x0001c19d       0x52 Application/User/calculation.o
 .debug_macro   0x0001c1ef       0x16 Application/User/calculation.o
 .debug_macro   0x0001c205       0x43 Application/User/calculation.o
 .debug_macro   0x0001c248      0x187 Application/User/calculation.o
 .debug_macro   0x0001c3cf       0x10 Application/User/calculation.o
 .debug_macro   0x0001c3df       0x22 Application/User/calculation.o
 .debug_macro   0x0001c401       0x3a Application/User/calculation.o
 .debug_macro   0x0001c43b       0x10 Application/User/calculation.o
 .debug_macro   0x0001c44b       0x40 Application/User/calculation.o
 .debug_macro   0x0001c48b       0x65 Application/User/calculation.o
 .debug_macro   0x0001c4f0       0x16 Application/User/calculation.o
 .debug_macro   0x0001c506      0x197 Application/User/calculation.o
 .debug_macro   0x0001c69d       0x50 Application/User/calculation.o
 .debug_macro   0x0001c6ed      0xc9e Application/User/calculation.o
 .debug_macro   0x0001d38b      0x9e1 Application/User/calculation.o
 .debug_macro   0x0001dd6c      0x11e Application/User/calculation.o
 .debug_macro   0x0001de8a      0x1a0 Application/User/calculation.o
 .debug_macro   0x0001e02a       0x27 Application/User/calculation.o
 .debug_macro   0x0001e051      0x287 Application/User/calculation.o
 .debug_macro   0x0001e2d8       0x5f Application/User/calculation.o
 .debug_macro   0x0001e337      0x23a Application/User/calculation.o
 .debug_macro   0x0001e571      0x391 Application/User/calculation.o
 .debug_macro   0x0001e902      0x176 Application/User/calculation.o
 .debug_macro   0x0001ea78       0xf9 Application/User/calculation.o
 .debug_macro   0x0001eb71      0x13a Application/User/calculation.o
 .debug_macro   0x0001ecab      0x29c Application/User/calculation.o
 .debug_macro   0x0001ef47       0x2e Application/User/calculation.o
 .debug_macro   0x0001ef75      0x11e Application/User/calculation.o
 .debug_macro   0x0001f093       0xe8 Application/User/calculation.o
 .debug_macro   0x0001f17b       0x89 Application/User/calculation.o
 .debug_macro   0x0001f204      0x6d9 Application/User/calculation.o
 .debug_macro   0x0001f8dd       0x62 Application/User/calculation.o
 .debug_macro   0x0001f93f      0x14d Application/User/calculation.o
 .debug_macro   0x0001fa8c      0x287 Application/User/calculation.o
 .debug_macro   0x0001fd13      0x11e Application/User/calculation.o
 .debug_macro   0x0001fe31       0x22 Application/User/calculation.o
 .debug_macro   0x0001fe53       0x16 Application/User/calculation.o
 .debug_macro   0x0001fe69       0x35 Application/User/calculation.o
 .debug_macro   0x0001fe9e       0x16 Application/User/calculation.o
 .debug_macro   0x0001feb4       0x29 Application/User/calculation.o
 .debug_macro   0x0001fedd       0x16 Application/User/calculation.o
 .debug_macro   0x0001fef3      0x1e1 Application/User/calculation.o
 .debug_macro   0x000200d4      0x346 Application/User/cmd.o
 .debug_macro   0x0002041a      0x10e Application/User/cmd.o
 .debug_macro   0x00020528       0x8d Application/User/cmd.o
 .debug_macro   0x000205b5       0x4a Application/User/cmd.o
 .debug_macro   0x000205ff       0x1c Application/User/cmd.o
 .debug_macro   0x0002061b      0x300 Application/User/led.o
 .debug_macro   0x0002091b      0x35f Application/User/main.o
 .debug_macro   0x00020c7a       0x10 Application/User/main.o
 .debug_macro   0x00020c8a      0x345 Application/User/send.o
 .debug_macro   0x00020fcf      0x2f7 Application/User/stm32f4xx_hal_msp.o
 .debug_macro   0x000212c6      0x301 Application/User/stm32f4xx_it.o
 .debug_macro   0x000215c7      0x1f3 Application/User/syscalls.o
 .debug_macro   0x000217ba      0x174 Application/User/syscalls.o
 .debug_macro   0x0002192e       0x10 Application/User/syscalls.o
 .debug_macro   0x0002193e       0x10 Application/User/syscalls.o
 .debug_macro   0x0002194e       0x10 Application/User/syscalls.o
 .debug_macro   0x0002195e       0x35 Application/User/syscalls.o
 .debug_macro   0x00021993      0x122 Application/User/syscalls.o
 .debug_macro   0x00021ab5       0x10 Application/User/syscalls.o
 .debug_macro   0x00021ac5      0x241 Application/User/syscalls.o
 .debug_macro   0x00021d06      0x159 Application/User/syscalls.o
 .debug_macro   0x00021e5f       0x16 Application/User/syscalls.o
 .debug_macro   0x00021e75       0x88 Application/User/syscalls.o
 .debug_macro   0x00021efd      0x2fd Drivers/CMSIS/system_stm32f4xx.o
 .debug_macro   0x000221fa      0x357 Drivers/STM32F4xx_HAL_Driver/stm32f4xx_hal.o
 .debug_macro   0x00022551      0x2f8 Drivers/STM32F4xx_HAL_Driver/stm32f4xx_hal_adc.o
 .debug_macro   0x00022849      0x2f7 Drivers/STM32F4xx_HAL_Driver/stm32f4xx_hal_cortex.o
 .debug_macro   0x00022b40      0x2fe Drivers/STM32F4xx_HAL_Driver/stm32f4xx_hal_dma.o
 .debug_macro   0x00022e3e      0x32f Drivers/STM32F4xx_HAL_Driver/stm32f4xx_hal_gpio.o
 .debug_macro   0x0002316d      0x30f Drivers/STM32F4xx_HAL_Driver/stm32f4xx_hal_pwr_ex.o
 .debug_macro   0x0002347c      0x321 Drivers/STM32F4xx_HAL_Driver/stm32f4xx_hal_rcc.o
 .debug_macro   0x0002379d      0x2f7 Drivers/STM32F4xx_HAL_Driver/stm32f4xx_hal_rcc_ex.o
 .debug_macro   0x00023a94      0x2f8 Drivers/STM32F4xx_HAL_Driver/stm32f4xx_hal_tim.o
 .debug_macro   0x00023d8c      0x2f7 Drivers/STM32F4xx_HAL_Driver/stm32f4xx_hal_tim_ex.o
 .debug_macro   0x00024083      0x2f8 Drivers/STM32F4xx_HAL_Driver/stm32f4xx_hal_uart.o

.debug_str      0x00000000    0xcf132
 .debug_str     0x00000000    0xca099 Application/User/calculation.o
                              0xca3a6 (size before relaxing)
 .debug_str     0x000ca099      0x14a Application/User/cmd.o
                              0xc985a (size before relaxing)
 .debug_str     0x000ca1e3      0x11c Application/User/led.o
                              0xc944e (size before relaxing)
 .debug_str     0x000ca2ff     0x1038 Application/User/main.o
                              0xcaa90 (size before relaxing)
 .debug_str     0x000cb337       0xcb Application/User/send.o
                              0xc9952 (size before relaxing)
 .debug_str     0x000cb402      0x12f Application/User/stm32f4xx_hal_msp.o
                              0xca19f (size before relaxing)
 .debug_str     0x000cb531      0x13d Application/User/stm32f4xx_it.o
                              0xc97fa (size before relaxing)
 .debug_str     0x000cb66e     0x10bd Application/User/syscalls.o
                               0x738d (size before relaxing)
 .debug_str     0x000cc72b      0x136 Drivers/CMSIS/system_stm32f4xx.o
                              0xc9456 (size before relaxing)
 .debug_str     0x000cc861      0x55e Drivers/STM32F4xx_HAL_Driver/stm32f4xx_hal.o
                              0xc9f11 (size before relaxing)
 .debug_str     0x000ccdbf      0x256 Drivers/STM32F4xx_HAL_Driver/stm32f4xx_hal_adc.o
                              0xc994d (size before relaxing)
 .debug_str     0x000cd015      0x30f Drivers/STM32F4xx_HAL_Driver/stm32f4xx_hal_cortex.o
                              0xc9c91 (size before relaxing)
 .debug_str     0x000cd324      0x305 Drivers/STM32F4xx_HAL_Driver/stm32f4xx_hal_dma.o
                              0xc9817 (size before relaxing)
 .debug_str     0x000cd629      0x253 Drivers/STM32F4xx_HAL_Driver/stm32f4xx_hal_gpio.o
                              0xc969f (size before relaxing)
 .debug_str     0x000cd87c      0x16b Drivers/STM32F4xx_HAL_Driver/stm32f4xx_hal_pwr_ex.o
                              0xc960f (size before relaxing)
 .debug_str     0x000cd9e7      0x248 Drivers/STM32F4xx_HAL_Driver/stm32f4xx_hal_rcc.o
                              0xc9833 (size before relaxing)
 .debug_str     0x000cdc2f      0x2de Drivers/STM32F4xx_HAL_Driver/stm32f4xx_hal_rcc_ex.o
                              0xc97c2 (size before relaxing)
 .debug_str     0x000cdf0d      0x9fe Drivers/STM32F4xx_HAL_Driver/stm32f4xx_hal_tim.o
                              0xca188 (size before relaxing)
 .debug_str     0x000ce90b      0x3d3 Drivers/STM32F4xx_HAL_Driver/stm32f4xx_hal_tim_ex.o
                              0xc9bd7 (size before relaxing)
 .debug_str     0x000cecde      0x454 Drivers/STM32F4xx_HAL_Driver/stm32f4xx_hal_uart.o
                              0xc9b7e (size before relaxing)

.comment        0x00000000       0x6e
 .comment       0x00000000       0x6e Application/User/calculation.o
                                 0x6f (size before relaxing)
 .comment       0x0000006e       0x6f Application/User/cmd.o
 .comment       0x0000006e       0x6f Application/User/led.o
 .comment       0x0000006e       0x6f Application/User/main.o
 .comment       0x0000006e       0x6f Application/User/send.o
 .comment       0x0000006e       0x6f Application/User/stm32f4xx_hal_msp.o
 .comment       0x0000006e       0x6f Application/User/stm32f4xx_it.o
 .comment       0x0000006e       0x6f Application/User/syscalls.o
 .comment       0x0000006e       0x6f Drivers/CMSIS/system_stm32f4xx.o
 .comment       0x0000006e       0x6f Drivers/STM32F4xx_HAL_Driver/stm32f4xx_hal.o
 .comment       0x0000006e       0x6f Drivers/STM32F4xx_HAL_Driver/stm32f4xx_hal_adc.o
 .comment       0x0000006e       0x6f Drivers/STM32F4xx_HAL_Driver/stm32f4xx_hal_cortex.o
 .comment       0x0000006e       0x6f Drivers/STM32F4xx_HAL_Driver/stm32f4xx_hal_dma.o
 .comment       0x0000006e       0x6f Drivers/STM32F4xx_HAL_Driver/stm32f4xx_hal_gpio.o
 .comment       0x0000006e       0x6f Drivers/STM32F4xx_HAL_Driver/stm32f4xx_hal_pwr_ex.o
 .comment       0x0000006e       0x6f Drivers/STM32F4xx_HAL_Driver/stm32f4xx_hal_rcc.o
 .comment       0x0000006e       0x6f Drivers/STM32F4xx_HAL_Driver/stm32f4xx_hal_rcc_ex.o
 .comment       0x0000006e       0x6f Drivers/STM32F4xx_HAL_Driver/stm32f4xx_hal_tim.o
 .comment       0x0000006e       0x6f Drivers/STM32F4xx_HAL_Driver/stm32f4xx_hal_tim_ex.o
 .comment       0x0000006e       0x6f Drivers/STM32F4xx_HAL_Driver/stm32f4xx_hal_uart.o

.debug_frame    0x00000000     0x29c0
 .debug_frame   0x00000000       0xe0 Application/User/calculation.o
 .debug_frame   0x000000e0       0xcc Application/User/cmd.o
 .debug_frame   0x000001ac       0x40 Application/User/led.o
 .debug_frame   0x000001ec      0x180 Application/User/main.o
 .debug_frame   0x0000036c       0x78 Application/User/send.o
 .debug_frame   0x000003e4       0xe4 Application/User/stm32f4xx_hal_msp.o
 .debug_frame   0x000004c8       0x88 Application/User/stm32f4xx_it.o
 .debug_frame   0x00000550      0x1a8 Application/User/syscalls.o
 .debug_frame   0x000006f8       0x30 Drivers/CMSIS/system_stm32f4xx.o
 .debug_frame   0x00000728      0x184 Drivers/STM32F4xx_HAL_Driver/stm32f4xx_hal.o
 .debug_frame   0x000008ac      0x23c Drivers/STM32F4xx_HAL_Driver/stm32f4xx_hal_adc.o
 .debug_frame   0x00000ae8      0x130 Drivers/STM32F4xx_HAL_Driver/stm32f4xx_hal_cortex.o
 .debug_frame   0x00000c18      0x150 Drivers/STM32F4xx_HAL_Driver/stm32f4xx_hal_dma.o
 .debug_frame   0x00000d68       0xd4 Drivers/STM32F4xx_HAL_Driver/stm32f4xx_hal_gpio.o
 .debug_frame   0x00000e3c      0x100 Drivers/STM32F4xx_HAL_Driver/stm32f4xx_hal_pwr_ex.o
 .debug_frame   0x00000f3c      0x138 Drivers/STM32F4xx_HAL_Driver/stm32f4xx_hal_rcc.o
 .debug_frame   0x00001074       0xd8 Drivers/STM32F4xx_HAL_Driver/stm32f4xx_hal_rcc_ex.o
 .debug_frame   0x0000114c      0x854 Drivers/STM32F4xx_HAL_Driver/stm32f4xx_hal_tim.o
 .debug_frame   0x000019a0      0x334 Drivers/STM32F4xx_HAL_Driver/stm32f4xx_hal_tim_ex.o
 .debug_frame   0x00001cd4      0x494 Drivers/STM32F4xx_HAL_Driver/stm32f4xx_hal_uart.o
 .debug_frame   0x00002168       0x20 c:/ac6/systemworkbench/plugins/fr.ac6.mcu.externaltools.arm-none.win32_1.7.0.201602121829/tools/compiler/bin/../lib/gcc/arm-none-eabi/5.2.1/../../../../arm-none-eabi/lib/armv7e-m/fpu\libc_nano.a(lib_a-errno.o)
 .debug_frame   0x00002188       0x2c c:/ac6/systemworkbench/plugins/fr.ac6.mcu.externaltools.arm-none.win32_1.7.0.201602121829/tools/compiler/bin/../lib/gcc/arm-none-eabi/5.2.1/../../../../arm-none-eabi/lib/armv7e-m/fpu\libc_nano.a(lib_a-init.o)
 .debug_frame   0x000021b4       0x30 c:/ac6/systemworkbench/plugins/fr.ac6.mcu.externaltools.arm-none.win32_1.7.0.201602121829/tools/compiler/bin/../lib/gcc/arm-none-eabi/5.2.1/../../../../arm-none-eabi/lib/armv7e-m/fpu\libc_nano.a(lib_a-malloc.o)
 .debug_frame   0x000021e4       0x20 c:/ac6/systemworkbench/plugins/fr.ac6.mcu.externaltools.arm-none.win32_1.7.0.201602121829/tools/compiler/bin/../lib/gcc/arm-none-eabi/5.2.1/../../../../arm-none-eabi/lib/armv7e-m/fpu\libc_nano.a(lib_a-memset.o)